UTC start: 2026-09-05T13:37:23Z
Command: xcrun swift test --filter RolloutAuthorityStoreTests\|SQLiteStoreTests/migrationTen
Building for debugging...
[0/24] Write sources
[2/24] Write swift-version--58304C5D6DBC2206.txt
[4/26] Emitting module JidokaCodeCore
[5/26] Compiling JidokaCodeCore DatabaseSchema.swift
[6/27] Compiling JidokaCodeCore SQLiteStore.swift
[6/36] Write Objects.LinkFileList
[13/38] Emitting module JidokaCodeHerdrFixture
[13/38] Write Objects.LinkFileList
[15/46] Emitting module JidokaCodeEngineProbe
[15/46] Write Objects.LinkFileList
[17/46] Emitting module JidokaCodeAppSupport
[17/50] Linking JidokaCodeHerdrHost
[19/50] Emitting module JidokaCodeUIFixture
[19/50] Linking JidokaCodeBoundedCommand
[20/50] Write Objects.LinkFileList
[21/50] Linking JidokaCodeHerdrFixture
[22/50] Linking JidokaCodePushGuard
[23/50] Linking JidokaCodeLocationProbeApp
[24/50] Linking JidokaCodeLocationProbeEngine
[24/50] Linking JidokaCodeAskPass
[26/50] Applying JidokaCodeHerdrHost
[28/50] Emitting module JidokaCodeAppSupportTests
[28/50] Applying JidokaCodeBoundedCommand
[29/50] Applying JidokaCodeHerdrFixture
[30/50] Applying JidokaCodePushGuard
[31/50] Applying JidokaCodeLocationProbeApp
[32/50] Applying JidokaCodeLocationProbeEngine
[33/50] Applying JidokaCodeAskPass
[35/50] Emitting module JidokaCodeApp
[35/51] Write Objects.LinkFileList
[36/51] Linking JidokaCodeEngineProbe
[37/51] Applying JidokaCodeEngineProbe
[38/51] Linking JidokaCodeUIFixture
[39/51] Applying JidokaCodeUIFixture
[40/51] Linking JidokaCodeApp
[41/51] Applying JidokaCodeApp
[43/52] Emitting module JidokaCodeAppTests
[44/53] Compiling JidokaCodeCoreTests RolloutLeaseAuthorityTests.swift
[45/53] Compiling JidokaCodeCoreTests SQLiteStoreTests.swift
[46/58] Compiling JidokaCodeCoreTests PiJobWorkflowPreparerTests.swift
[47/58] Compiling JidokaCodeCoreTests PackagedExecutableSnapshotTests.swift
[48/58] Compiling JidokaCodeCoreTests VerificationCommandRunnerTests.swift
[49/58] Compiling JidokaCodeCoreTests EngineRedactedLogTests.swift
[50/58] Compiling JidokaCodeCoreTests GitTestSupport.swift
[51/58] Compiling JidokaCodeCoreTests PiRunStoreTests.swift
[52/58] Compiling JidokaCodeCoreTests RolloutAuthorityStoreTests.swift
[53/58] Emitting module JidokaCodeCoreTests
[54/58] Compiling JidokaCodeCoreTests DurableJobStoreTests.swift
[55/58] Compiling JidokaCodeCoreTests ConfigurationStoreTests.swift
[56/58] Compiling JidokaCodeCoreTests HerdrPiWorkflowRuntimeTests.swift
/private/tmp/jidoka-code-progressive-production-automation/Tests/JidokaCodeCoreTests/HerdrPiWorkflowRuntimeTests.swift:7119:9: warning: initialization of immutable value 'run' was never used; consider replacing with assignment to '_' or removing it [#no-usage]
7117 |         "SELECT paused FROM app_settings WHERE singleton = 1"
7118 |       ) ?? 0
7119 |     let run = try await withDurableResumeDenialLifted { () async throws -> PiRunRecord in
     |         `- warning: initialization of immutable value 'run' was never used; consider replacing with assignment to '_' or removing it [#no-usage]
7120 |       _ = try await database.execute(
7121 |         "UPDATE app_settings SET paused = 0 WHERE singleton = 1"
[56/58] Write Objects.LinkFileList
[57/58] Linking JidokaCodePackageTests
Build complete! (12.68s)
Test Suite 'Selected tests' started at 2026-09-05 15:37:36.571.
Test Suite 'JidokaCodePackageTests.xctest' started at 2026-09-05 15:37:36.571.
Test Suite 'JidokaCodePackageTests.xctest' passed at 2026-09-05 15:37:36.571.
	 Executed 0 tests, with 0 failures (0 unexpected) in 0.000 (0.000) seconds
Test Suite 'Selected tests' passed at 2026-09-05 15:37:36.571.
	 Executed 0 tests, with 0 failures (0 unexpected) in 0.000 (0.001) seconds
◇ Test run started.
↳ Testing Library Version: 1902
↳ Target Platform: arm64e-apple-macos14.0
◇ Suite "Progressive rollout authority" started.
◇ Test "usage INSERT cannot reset a consumed cap, skip sequence or invent a source" started.
◇ Test "the same durable provider run reuses one permit without consuming another slot" started.
◇ Test "finite activation requires a same-stage exact receipt" started.
◇ Test "activation rejects every stale preview digest" started.
◇ Test "GitHub reads require the matching task-local scope and settle exactly once" started.
◇ Test "generated review activation cannot invent an unlinked child job" started.
◇ Test "expiry closes and terminalizes the lane before any fresh effect" started.
◇ Test "issue marker revision and label sends are bound to the live planning step" started.
◇ Test "execution activation cannot invent a job beyond the planning checkpoint" started.
◇ Test "first finite window admits only its closed future predicate and uses operational expiry" started.
◇ Test "activation rejects a canonical preview at its exact expiry boundary" started.
◇ Test "restart reattaches only pre-boundary orphan reservations after exact recovery" started.
◇ Test "exact execution evaluates only its bound waiting-human job" started.
◇ Test "terminal historical evidence does not block a later drain" started.
◇ Test "an exact interrupted provider boundary requires explicit recovery" started.
◇ Test "effect reservations consume a finite cap and remain immutable" started.
◇ Test "confirmed recovery resumes only the same exact job after every effect settles" started.
◇ Test "canonical preview rejects unknown fields and changed bytes" started.
◇ Test "stale approval checkpoints into a separately authorized planning step" started.
◇ Test "an exact transient failure closes the lane instead of retrying" started.
◇ Test "stop enters draining before durable pause and terminalizes only after drain" started.
◇ Test "concurrent reservations cannot overrun the provider cap" started.
◇ Test "a settled local provider result reconciles only its bound reservation" started.
◇ Test "startup recovery transforms only the bound rollout job before explicit continuation" started.
◇ Test "execution start is not misreported as a completed stage" started.
◇ Test "planning authority cannot cross the durable simple-plan boundary" started.
◇ Test "send permits are task-bound, single-use transport capabilities" started.
◇ Test "activation rejects a confirmed digest that differs from canonical preview bytes" started.
◇ Test "provider admission binds artifact, narrative, resources, and model profile" started.
◇ Test "an exact intentional terminal result settles and pauses its stage" started.
◇ Test "marker cap failure rolls back the complete reservation batch" started.
◇ Test "preview is read-only and exact activation is atomic" started.
◇ Test "preview rejects duplicate labels and lists larger than their budgets" started.
◇ Test "revocation denies fresh effects but preserves exact uncertain-effect readback" started.
◇ Test "a send-started mutation's readback is reservable while the lane is draining" started.
◇ Test "configuration drift fails and pauses the active lane before another effect" started.
◇ Test "database lease triggers reject an unbound quarantined generated review" started.
◇ Test "a rollout job cannot settle an unreserved mutation effect" started.
✘ Test "stop enters draining before durable pause and terminalizes only after drain" recorded an issue at RolloutAuthorityStoreTests.swift:1821:5: Expectation failed: try await fixture.database.scalarInt("SELECT paused FROM app_settings") == 0
✔ Test "activation rejects a canonical preview at its exact expiry boundary" passed after 0.200 seconds.
✔ Test "canonical preview rejects unknown fields and changed bytes" passed after 0.200 seconds.
✔ Test "execution activation cannot invent a job beyond the planning checkpoint" passed after 0.200 seconds.
✔ Test "activation rejects every stale preview digest" passed after 0.200 seconds.
✔ Test "generated review activation cannot invent an unlinked child job" passed after 0.200 seconds.
✔ Test "finite activation requires a same-stage exact receipt" passed after 0.200 seconds.
✔ Test "issue marker revision and label sends are bound to the live planning step" passed after 0.200 seconds.
✔ Test "terminal historical evidence does not block a later drain" passed after 0.200 seconds.
✔ Test "an exact interrupted provider boundary requires explicit recovery" passed after 0.200 seconds.
✔ Test "confirmed recovery resumes only the same exact job after every effect settles" passed after 0.200 seconds.
✔ Test "expiry closes and terminalizes the lane before any fresh effect" passed after 0.200 seconds.
✔ Test "exact execution evaluates only its bound waiting-human job" passed after 0.200 seconds.
✔ Test "usage INSERT cannot reset a consumed cap, skip sequence or invent a source" passed after 0.200 seconds.
✔ Test "GitHub reads require the matching task-local scope and settle exactly once" passed after 0.200 seconds.
✔ Test "effect reservations consume a finite cap and remain immutable" passed after 0.200 seconds.
✔ Test "the same durable provider run reuses one permit without consuming another slot" passed after 0.200 seconds.
✔ Test "restart reattaches only pre-boundary orphan reservations after exact recovery" passed after 0.200 seconds.
✔ Test "first finite window admits only its closed future predicate and uses operational expiry" passed after 0.200 seconds.
✘ Test "stop enters draining before durable pause and terminalizes only after drain" failed after 0.200 seconds with 1 issue.
✔ Test "stale approval checkpoints into a separately authorized planning step" passed after 0.210 seconds.
✔ Test "an exact transient failure closes the lane instead of retrying" passed after 0.212 seconds.
✔ Test "concurrent reservations cannot overrun the provider cap" passed after 0.212 seconds.
✔ Test "activation rejects a confirmed digest that differs from canonical preview bytes" passed after 0.216 seconds.
✔ Test "planning authority cannot cross the durable simple-plan boundary" passed after 0.221 seconds.
✔ Test "execution start is not misreported as a completed stage" passed after 0.223 seconds.
✔ Test "preview rejects duplicate labels and lists larger than their budgets" passed after 0.226 seconds.
✔ Test "an exact intentional terminal result settles and pauses its stage" passed after 0.229 seconds.
✔ Test "preview is read-only and exact activation is atomic" passed after 0.229 seconds.
✔ Test "marker cap failure rolls back the complete reservation batch" passed after 0.229 seconds.
✔ Test "startup recovery transforms only the bound rollout job before explicit continuation" passed after 0.229 seconds.
✔ Test "send permits are task-bound, single-use transport capabilities" passed after 0.230 seconds.
✔ Test "provider admission binds artifact, narrative, resources, and model profile" passed after 0.233 seconds.
✔ Test "a settled local provider result reconciles only its bound reservation" passed after 0.233 seconds.
✔ Test "a send-started mutation's readback is reservable while the lane is draining" passed after 0.233 seconds.
✔ Test "configuration drift fails and pauses the active lane before another effect" passed after 0.233 seconds.
✔ Test "revocation denies fresh effects but preserves exact uncertain-effect readback" passed after 0.237 seconds.
✔ Test "database lease triggers reject an unbound quarantined generated review" passed after 0.244 seconds.
✔ Test "a rollout job cannot settle an unreserved mutation effect" passed after 0.246 seconds.
✘ Suite "Progressive rollout authority" failed after 0.247 seconds with 1 issue.
✘ Test run with 38 tests in 1 suite failed after 0.247 seconds with 1 issue.

Exit status: 1
UTC end: 2026-09-05T13:37:36Z
