UTC start: 2026-09-05T13:44:22Z
Command: xcrun swift test --filter RolloutAuthorityStoreTests\|SQLiteStoreTests/productionRolloutAuthorityMigration
Building for debugging...
[0/23] Write sources
[1/23] Write swift-version--58304C5D6DBC2206.txt
[3/5] Emitting module JidokaCodeCoreTests
[4/5] Compiling JidokaCodeCoreTests RolloutAuthorityStoreTests.swift
[4/6] Write Objects.LinkFileList
[5/6] Linking JidokaCodePackageTests
Build complete! (5.33s)
Test Suite 'Selected tests' started at 2026-09-05 15:44:28.909.
Test Suite 'JidokaCodePackageTests.xctest' started at 2026-09-05 15:44:28.910.
Test Suite 'JidokaCodePackageTests.xctest' passed at 2026-09-05 15:44:28.910.
	 Executed 0 tests, with 0 failures (0 unexpected) in 0.000 (0.000) seconds
Test Suite 'Selected tests' passed at 2026-09-05 15:44:28.910.
	 Executed 0 tests, with 0 failures (0 unexpected) in 0.000 (0.001) seconds
◇ Test run started.
↳ Testing Library Version: 1902
↳ Target Platform: arm64e-apple-macos14.0
◇ Suite "Progressive rollout authority" started.
◇ Suite "SQLite durable store" started.
◇ Test "database lease triggers reject an unbound quarantined generated review" started.
◇ Test "an exact transient failure closes the lane instead of retrying" started.
◇ Test "production schema 9 to 10 rolls back after every exact migration statement" started.
◇ Test "production schema upgrades to rollout authority without manufacturing authority" started.
◇ Test "activation rejects a canonical preview at its exact expiry boundary" started.
◇ Test "revocation denies fresh effects but preserves exact uncertain-effect readback" started.
◇ Test "preview is read-only and exact activation is atomic" started.
◇ Test "a rollout job cannot settle an unreserved mutation effect" started.
◇ Test "exact execution evaluates only its bound waiting-human job" started.
◇ Test "execution activation cannot invent a job beyond the planning checkpoint" started.
◇ Test "GitHub reads require the matching task-local scope and settle exactly once" started.
◇ Test "activation rejects a confirmed digest that differs from canonical preview bytes" started.
◇ Test "provider admission binds artifact, narrative, resources, and model profile" started.
◇ Test "an exact intentional terminal result settles and pauses its stage" started.
◇ Test "generated review activation cannot invent an unlinked child job" started.
◇ Test "the same durable provider run reuses one permit without consuming another slot" started.
◇ Test "a settled local provider result reconciles only its bound reservation" started.
◇ Test "confirmed recovery resumes only the same exact job after every effect settles" started.
◇ Test "send permits are task-bound, single-use transport capabilities" started.
◇ Test "effect reservations consume a finite cap and remain immutable" started.
◇ Test "stale approval checkpoints into a separately authorized planning step" started.
◇ Test "startup recovery transforms only the bound rollout job before explicit continuation" started.
◇ Test "issue marker revision and label sends are bound to the live planning step" started.
◇ Test "an exact interrupted provider boundary requires explicit recovery" started.
◇ Test "canonical preview rejects unknown fields and changed bytes" started.
◇ Test "finite activation requires a same-stage exact receipt" started.
◇ Test case passing 1 argument completedStatementCount → 3 to "production schema 9 to 10 rolls back after every exact migration statement" started.
◇ Test case passing 1 argument completedStatementCount → 1 to "production schema 9 to 10 rolls back after every exact migration statement" started.
◇ Test case passing 1 argument completedStatementCount → 2 to "production schema 9 to 10 rolls back after every exact migration statement" started.
◇ Test "restart reattaches only pre-boundary orphan reservations after exact recovery" started.
◇ Test "activation rejects every stale preview digest" started.
◇ Test "a send-started mutation's readback is reservable while the lane is draining" started.
◇ Test "expiry closes and terminalizes the lane before any fresh effect" started.
◇ Test case passing 1 argument completedStatementCount → 6 to "production schema 9 to 10 rolls back after every exact migration statement" started.
◇ Test "configuration drift fails and pauses the active lane before another effect" started.
◇ Test case passing 1 argument completedStatementCount → 7 to "production schema 9 to 10 rolls back after every exact migration statement" started.
◇ Test "planning authority cannot cross the durable simple-plan boundary" started.
◇ Test case passing 1 argument completedStatementCount → 8 to "production schema 9 to 10 rolls back after every exact migration statement" started.
◇ Test case passing 1 argument completedStatementCount → 4 to "production schema 9 to 10 rolls back after every exact migration statement" started.
◇ Test "terminal historical evidence does not block a later drain" started.
◇ Test case passing 1 argument completedStatementCount → 5 to "production schema 9 to 10 rolls back after every exact migration statement" started.
◇ Test "first finite window admits only its closed future predicate and uses operational expiry" started.
◇ Test "execution start is not misreported as a completed stage" started.
◇ Test "a started branch publication can read back during drain without fresh send authority" started.
◇ Test case passing 1 argument completedStatementCount → 9 to "production schema 9 to 10 rolls back after every exact migration statement" started.
◇ Test "stop pauses durably with draining and terminalizes only after drain" started.
◇ Test "concurrent reservations cannot overrun the provider cap" started.
◇ Test case passing 1 argument completedStatementCount → 10 to "production schema 9 to 10 rolls back after every exact migration statement" started.
◇ Test case passing 1 argument completedStatementCount → 11 to "production schema 9 to 10 rolls back after every exact migration statement" started.
◇ Test "preview rejects duplicate labels and lists larger than their budgets" started.
◇ Test "usage INSERT cannot reset a consumed cap, skip sequence or invent a source" started.
◇ Test "marker cap failure rolls back the complete reservation batch" started.
◇ Test case passing 1 argument completedStatementCount → 13 to "production schema 9 to 10 rolls back after every exact migration statement" started.
◇ Test case passing 1 argument completedStatementCount → 12 to "production schema 9 to 10 rolls back after every exact migration statement" started.
◇ Test case passing 1 argument completedStatementCount → 14 to "production schema 9 to 10 rolls back after every exact migration statement" started.
✘ Test "production schema 9 to 10 rolls back after every exact migration statement" recorded an issue with 1 argument completedStatementCount → 14 at SQLiteStoreTests.swift:1246:3: Expectation failed: (migrationDigest(migration) → "7593a0c8a74c9ec4f9713a8393a3359fad32cbd3aca6e468b3eb4c82876ee114") == (expectedSchemaTenMigrationDigest → "b54582b347dd86372c8c0a5119061e7568ef47845df8b71b95ada4eacf73772e")
✘ Test "production schema 9 to 10 rolls back after every exact migration statement" recorded an issue with 1 argument completedStatementCount → 1 at SQLiteStoreTests.swift:1246:3: Expectation failed: (migrationDigest(migration) → "7593a0c8a74c9ec4f9713a8393a3359fad32cbd3aca6e468b3eb4c82876ee114") == (expectedSchemaTenMigrationDigest → "b54582b347dd86372c8c0a5119061e7568ef47845df8b71b95ada4eacf73772e")
✘ Test "production schema 9 to 10 rolls back after every exact migration statement" recorded an issue with 1 argument completedStatementCount → 9 at SQLiteStoreTests.swift:1246:3: Expectation failed: (migrationDigest(migration) → "7593a0c8a74c9ec4f9713a8393a3359fad32cbd3aca6e468b3eb4c82876ee114") == (expectedSchemaTenMigrationDigest → "b54582b347dd86372c8c0a5119061e7568ef47845df8b71b95ada4eacf73772e")
✘ Test "production schema upgrades to rollout authority without manufacturing authority" recorded an issue at SQLiteStoreTests.swift:1246:3: Expectation failed: (migrationDigest(migration) → "7593a0c8a74c9ec4f9713a8393a3359fad32cbd3aca6e468b3eb4c82876ee114") == (expectedSchemaTenMigrationDigest → "b54582b347dd86372c8c0a5119061e7568ef47845df8b71b95ada4eacf73772e")
✘ Test "production schema 9 to 10 rolls back after every exact migration statement" recorded an issue with 1 argument completedStatementCount → 13 at SQLiteStoreTests.swift:1246:3: Expectation failed: (migrationDigest(migration) → "7593a0c8a74c9ec4f9713a8393a3359fad32cbd3aca6e468b3eb4c82876ee114") == (expectedSchemaTenMigrationDigest → "b54582b347dd86372c8c0a5119061e7568ef47845df8b71b95ada4eacf73772e")
✘ Test "production schema 9 to 10 rolls back after every exact migration statement" recorded an issue with 1 argument completedStatementCount → 2 at SQLiteStoreTests.swift:1246:3: Expectation failed: (migrationDigest(migration) → "7593a0c8a74c9ec4f9713a8393a3359fad32cbd3aca6e468b3eb4c82876ee114") == (expectedSchemaTenMigrationDigest → "b54582b347dd86372c8c0a5119061e7568ef47845df8b71b95ada4eacf73772e")
✘ Test "production schema 9 to 10 rolls back after every exact migration statement" recorded an issue with 1 argument completedStatementCount → 6 at SQLiteStoreTests.swift:1246:3: Expectation failed: (migrationDigest(migration) → "7593a0c8a74c9ec4f9713a8393a3359fad32cbd3aca6e468b3eb4c82876ee114") == (expectedSchemaTenMigrationDigest → "b54582b347dd86372c8c0a5119061e7568ef47845df8b71b95ada4eacf73772e")
✘ Test "production schema 9 to 10 rolls back after every exact migration statement" recorded an issue with 1 argument completedStatementCount → 12 at SQLiteStoreTests.swift:1246:3: Expectation failed: (migrationDigest(migration) → "7593a0c8a74c9ec4f9713a8393a3359fad32cbd3aca6e468b3eb4c82876ee114") == (expectedSchemaTenMigrationDigest → "b54582b347dd86372c8c0a5119061e7568ef47845df8b71b95ada4eacf73772e")
✘ Test "production schema 9 to 10 rolls back after every exact migration statement" recorded an issue with 1 argument completedStatementCount → 3 at SQLiteStoreTests.swift:1246:3: Expectation failed: (migrationDigest(migration) → "7593a0c8a74c9ec4f9713a8393a3359fad32cbd3aca6e468b3eb4c82876ee114") == (expectedSchemaTenMigrationDigest → "b54582b347dd86372c8c0a5119061e7568ef47845df8b71b95ada4eacf73772e")
✘ Test "production schema 9 to 10 rolls back after every exact migration statement" recorded an issue with 1 argument completedStatementCount → 5 at SQLiteStoreTests.swift:1246:3: Expectation failed: (migrationDigest(migration) → "7593a0c8a74c9ec4f9713a8393a3359fad32cbd3aca6e468b3eb4c82876ee114") == (expectedSchemaTenMigrationDigest → "b54582b347dd86372c8c0a5119061e7568ef47845df8b71b95ada4eacf73772e")
✘ Test "production schema 9 to 10 rolls back after every exact migration statement" recorded an issue with 1 argument completedStatementCount → 8 at SQLiteStoreTests.swift:1246:3: Expectation failed: (migrationDigest(migration) → "7593a0c8a74c9ec4f9713a8393a3359fad32cbd3aca6e468b3eb4c82876ee114") == (expectedSchemaTenMigrationDigest → "b54582b347dd86372c8c0a5119061e7568ef47845df8b71b95ada4eacf73772e")
✘ Test "production schema 9 to 10 rolls back after every exact migration statement" recorded an issue with 1 argument completedStatementCount → 10 at SQLiteStoreTests.swift:1246:3: Expectation failed: (migrationDigest(migration) → "7593a0c8a74c9ec4f9713a8393a3359fad32cbd3aca6e468b3eb4c82876ee114") == (expectedSchemaTenMigrationDigest → "b54582b347dd86372c8c0a5119061e7568ef47845df8b71b95ada4eacf73772e")
✘ Test "production schema 9 to 10 rolls back after every exact migration statement" recorded an issue with 1 argument completedStatementCount → 7 at SQLiteStoreTests.swift:1246:3: Expectation failed: (migrationDigest(migration) → "7593a0c8a74c9ec4f9713a8393a3359fad32cbd3aca6e468b3eb4c82876ee114") == (expectedSchemaTenMigrationDigest → "b54582b347dd86372c8c0a5119061e7568ef47845df8b71b95ada4eacf73772e")
✘ Test "production schema 9 to 10 rolls back after every exact migration statement" recorded an issue with 1 argument completedStatementCount → 11 at SQLiteStoreTests.swift:1246:3: Expectation failed: (migrationDigest(migration) → "7593a0c8a74c9ec4f9713a8393a3359fad32cbd3aca6e468b3eb4c82876ee114") == (expectedSchemaTenMigrationDigest → "b54582b347dd86372c8c0a5119061e7568ef47845df8b71b95ada4eacf73772e")
✘ Test "production schema 9 to 10 rolls back after every exact migration statement" recorded an issue with 1 argument completedStatementCount → 4 at SQLiteStoreTests.swift:1246:3: Expectation failed: (migrationDigest(migration) → "7593a0c8a74c9ec4f9713a8393a3359fad32cbd3aca6e468b3eb4c82876ee114") == (expectedSchemaTenMigrationDigest → "b54582b347dd86372c8c0a5119061e7568ef47845df8b71b95ada4eacf73772e")
◇ Test case passing 1 argument completedStatementCount → 15 to "production schema 9 to 10 rolls back after every exact migration statement" started.
✘ Test "production schema 9 to 10 rolls back after every exact migration statement" recorded an issue with 1 argument completedStatementCount → 15 at SQLiteStoreTests.swift:1246:3: Expectation failed: (migrationDigest(migration) → "7593a0c8a74c9ec4f9713a8393a3359fad32cbd3aca6e468b3eb4c82876ee114") == (expectedSchemaTenMigrationDigest → "b54582b347dd86372c8c0a5119061e7568ef47845df8b71b95ada4eacf73772e")
◇ Test case passing 1 argument completedStatementCount → 16 to "production schema 9 to 10 rolls back after every exact migration statement" started.
✘ Test "production schema 9 to 10 rolls back after every exact migration statement" recorded an issue with 1 argument completedStatementCount → 16 at SQLiteStoreTests.swift:1246:3: Expectation failed: (migrationDigest(migration) → "7593a0c8a74c9ec4f9713a8393a3359fad32cbd3aca6e468b3eb4c82876ee114") == (expectedSchemaTenMigrationDigest → "b54582b347dd86372c8c0a5119061e7568ef47845df8b71b95ada4eacf73772e")
◇ Test case passing 1 argument completedStatementCount → 17 to "production schema 9 to 10 rolls back after every exact migration statement" started.
✘ Test "production schema 9 to 10 rolls back after every exact migration statement" recorded an issue with 1 argument completedStatementCount → 17 at SQLiteStoreTests.swift:1246:3: Expectation failed: (migrationDigest(migration) → "7593a0c8a74c9ec4f9713a8393a3359fad32cbd3aca6e468b3eb4c82876ee114") == (expectedSchemaTenMigrationDigest → "b54582b347dd86372c8c0a5119061e7568ef47845df8b71b95ada4eacf73772e")
◇ Test case passing 1 argument completedStatementCount → 18 to "production schema 9 to 10 rolls back after every exact migration statement" started.
✘ Test "production schema 9 to 10 rolls back after every exact migration statement" recorded an issue with 1 argument completedStatementCount → 18 at SQLiteStoreTests.swift:1246:3: Expectation failed: (migrationDigest(migration) → "7593a0c8a74c9ec4f9713a8393a3359fad32cbd3aca6e468b3eb4c82876ee114") == (expectedSchemaTenMigrationDigest → "b54582b347dd86372c8c0a5119061e7568ef47845df8b71b95ada4eacf73772e")
◇ Test case passing 1 argument completedStatementCount → 19 to "production schema 9 to 10 rolls back after every exact migration statement" started.
✘ Test "production schema 9 to 10 rolls back after every exact migration statement" recorded an issue with 1 argument completedStatementCount → 19 at SQLiteStoreTests.swift:1246:3: Expectation failed: (migrationDigest(migration) → "7593a0c8a74c9ec4f9713a8393a3359fad32cbd3aca6e468b3eb4c82876ee114") == (expectedSchemaTenMigrationDigest → "b54582b347dd86372c8c0a5119061e7568ef47845df8b71b95ada4eacf73772e")
◇ Test case passing 1 argument completedStatementCount → 20 to "production schema 9 to 10 rolls back after every exact migration statement" started.
✘ Test "production schema 9 to 10 rolls back after every exact migration statement" recorded an issue with 1 argument completedStatementCount → 20 at SQLiteStoreTests.swift:1246:3: Expectation failed: (migrationDigest(migration) → "7593a0c8a74c9ec4f9713a8393a3359fad32cbd3aca6e468b3eb4c82876ee114") == (expectedSchemaTenMigrationDigest → "b54582b347dd86372c8c0a5119061e7568ef47845df8b71b95ada4eacf73772e")
◇ Test case passing 1 argument completedStatementCount → 21 to "production schema 9 to 10 rolls back after every exact migration statement" started.
✘ Test "production schema 9 to 10 rolls back after every exact migration statement" recorded an issue with 1 argument completedStatementCount → 21 at SQLiteStoreTests.swift:1246:3: Expectation failed: (migrationDigest(migration) → "7593a0c8a74c9ec4f9713a8393a3359fad32cbd3aca6e468b3eb4c82876ee114") == (expectedSchemaTenMigrationDigest → "b54582b347dd86372c8c0a5119061e7568ef47845df8b71b95ada4eacf73772e")
◇ Test case passing 1 argument completedStatementCount → 22 to "production schema 9 to 10 rolls back after every exact migration statement" started.
✘ Test "production schema 9 to 10 rolls back after every exact migration statement" recorded an issue with 1 argument completedStatementCount → 22 at SQLiteStoreTests.swift:1246:3: Expectation failed: (migrationDigest(migration) → "7593a0c8a74c9ec4f9713a8393a3359fad32cbd3aca6e468b3eb4c82876ee114") == (expectedSchemaTenMigrationDigest → "b54582b347dd86372c8c0a5119061e7568ef47845df8b71b95ada4eacf73772e")
◇ Test case passing 1 argument completedStatementCount → 23 to "production schema 9 to 10 rolls back after every exact migration statement" started.
✘ Test "production schema 9 to 10 rolls back after every exact migration statement" recorded an issue with 1 argument completedStatementCount → 23 at SQLiteStoreTests.swift:1246:3: Expectation failed: (migrationDigest(migration) → "7593a0c8a74c9ec4f9713a8393a3359fad32cbd3aca6e468b3eb4c82876ee114") == (expectedSchemaTenMigrationDigest → "b54582b347dd86372c8c0a5119061e7568ef47845df8b71b95ada4eacf73772e")
◇ Test case passing 1 argument completedStatementCount → 24 to "production schema 9 to 10 rolls back after every exact migration statement" started.
✘ Test "production schema 9 to 10 rolls back after every exact migration statement" recorded an issue with 1 argument completedStatementCount → 24 at SQLiteStoreTests.swift:1246:3: Expectation failed: (migrationDigest(migration) → "7593a0c8a74c9ec4f9713a8393a3359fad32cbd3aca6e468b3eb4c82876ee114") == (expectedSchemaTenMigrationDigest → "b54582b347dd86372c8c0a5119061e7568ef47845df8b71b95ada4eacf73772e")
◇ Test case passing 1 argument completedStatementCount → 25 to "production schema 9 to 10 rolls back after every exact migration statement" started.
✘ Test "production schema 9 to 10 rolls back after every exact migration statement" recorded an issue with 1 argument completedStatementCount → 25 at SQLiteStoreTests.swift:1246:3: Expectation failed: (migrationDigest(migration) → "7593a0c8a74c9ec4f9713a8393a3359fad32cbd3aca6e468b3eb4c82876ee114") == (expectedSchemaTenMigrationDigest → "b54582b347dd86372c8c0a5119061e7568ef47845df8b71b95ada4eacf73772e")
◇ Test case passing 1 argument completedStatementCount → 26 to "production schema 9 to 10 rolls back after every exact migration statement" started.
✘ Test "production schema 9 to 10 rolls back after every exact migration statement" recorded an issue with 1 argument completedStatementCount → 26 at SQLiteStoreTests.swift:1246:3: Expectation failed: (migrationDigest(migration) → "7593a0c8a74c9ec4f9713a8393a3359fad32cbd3aca6e468b3eb4c82876ee114") == (expectedSchemaTenMigrationDigest → "b54582b347dd86372c8c0a5119061e7568ef47845df8b71b95ada4eacf73772e")
◇ Test case passing 1 argument completedStatementCount → 27 to "production schema 9 to 10 rolls back after every exact migration statement" started.
◇ Test case passing 1 argument completedStatementCount → 28 to "production schema 9 to 10 rolls back after every exact migration statement" started.
◇ Test case passing 1 argument completedStatementCount → 29 to "production schema 9 to 10 rolls back after every exact migration statement" started.
✘ Test "production schema 9 to 10 rolls back after every exact migration statement" recorded an issue with 1 argument completedStatementCount → 27 at SQLiteStoreTests.swift:1246:3: Expectation failed: (migrationDigest(migration) → "7593a0c8a74c9ec4f9713a8393a3359fad32cbd3aca6e468b3eb4c82876ee114") == (expectedSchemaTenMigrationDigest → "b54582b347dd86372c8c0a5119061e7568ef47845df8b71b95ada4eacf73772e")
✘ Test "production schema 9 to 10 rolls back after every exact migration statement" recorded an issue with 1 argument completedStatementCount → 28 at SQLiteStoreTests.swift:1246:3: Expectation failed: (migrationDigest(migration) → "7593a0c8a74c9ec4f9713a8393a3359fad32cbd3aca6e468b3eb4c82876ee114") == (expectedSchemaTenMigrationDigest → "b54582b347dd86372c8c0a5119061e7568ef47845df8b71b95ada4eacf73772e")
✘ Test "production schema 9 to 10 rolls back after every exact migration statement" recorded an issue with 1 argument completedStatementCount → 29 at SQLiteStoreTests.swift:1246:3: Expectation failed: (migrationDigest(migration) → "7593a0c8a74c9ec4f9713a8393a3359fad32cbd3aca6e468b3eb4c82876ee114") == (expectedSchemaTenMigrationDigest → "b54582b347dd86372c8c0a5119061e7568ef47845df8b71b95ada4eacf73772e")
◇ Test case passing 1 argument completedStatementCount → 30 to "production schema 9 to 10 rolls back after every exact migration statement" started.
✘ Test "production schema 9 to 10 rolls back after every exact migration statement" recorded an issue with 1 argument completedStatementCount → 30 at SQLiteStoreTests.swift:1246:3: Expectation failed: (migrationDigest(migration) → "7593a0c8a74c9ec4f9713a8393a3359fad32cbd3aca6e468b3eb4c82876ee114") == (expectedSchemaTenMigrationDigest → "b54582b347dd86372c8c0a5119061e7568ef47845df8b71b95ada4eacf73772e")
◇ Test case passing 1 argument completedStatementCount → 31 to "production schema 9 to 10 rolls back after every exact migration statement" started.
✘ Test "production schema 9 to 10 rolls back after every exact migration statement" recorded an issue with 1 argument completedStatementCount → 31 at SQLiteStoreTests.swift:1246:3: Expectation failed: (migrationDigest(migration) → "7593a0c8a74c9ec4f9713a8393a3359fad32cbd3aca6e468b3eb4c82876ee114") == (expectedSchemaTenMigrationDigest → "b54582b347dd86372c8c0a5119061e7568ef47845df8b71b95ada4eacf73772e")
◇ Test case passing 1 argument completedStatementCount → 32 to "production schema 9 to 10 rolls back after every exact migration statement" started.
✘ Test "production schema 9 to 10 rolls back after every exact migration statement" recorded an issue with 1 argument completedStatementCount → 32 at SQLiteStoreTests.swift:1246:3: Expectation failed: (migrationDigest(migration) → "7593a0c8a74c9ec4f9713a8393a3359fad32cbd3aca6e468b3eb4c82876ee114") == (expectedSchemaTenMigrationDigest → "b54582b347dd86372c8c0a5119061e7568ef47845df8b71b95ada4eacf73772e")
◇ Test case passing 1 argument completedStatementCount → 33 to "production schema 9 to 10 rolls back after every exact migration statement" started.
✘ Test "production schema 9 to 10 rolls back after every exact migration statement" recorded an issue with 1 argument completedStatementCount → 33 at SQLiteStoreTests.swift:1246:3: Expectation failed: (migrationDigest(migration) → "7593a0c8a74c9ec4f9713a8393a3359fad32cbd3aca6e468b3eb4c82876ee114") == (expectedSchemaTenMigrationDigest → "b54582b347dd86372c8c0a5119061e7568ef47845df8b71b95ada4eacf73772e")
◇ Test case passing 1 argument completedStatementCount → 34 to "production schema 9 to 10 rolls back after every exact migration statement" started.
✘ Test "production schema 9 to 10 rolls back after every exact migration statement" recorded an issue with 1 argument completedStatementCount → 34 at SQLiteStoreTests.swift:1246:3: Expectation failed: (migrationDigest(migration) → "7593a0c8a74c9ec4f9713a8393a3359fad32cbd3aca6e468b3eb4c82876ee114") == (expectedSchemaTenMigrationDigest → "b54582b347dd86372c8c0a5119061e7568ef47845df8b71b95ada4eacf73772e")
◇ Test case passing 1 argument completedStatementCount → 35 to "production schema 9 to 10 rolls back after every exact migration statement" started.
✘ Test "production schema 9 to 10 rolls back after every exact migration statement" recorded an issue with 1 argument completedStatementCount → 35 at SQLiteStoreTests.swift:1246:3: Expectation failed: (migrationDigest(migration) → "7593a0c8a74c9ec4f9713a8393a3359fad32cbd3aca6e468b3eb4c82876ee114") == (expectedSchemaTenMigrationDigest → "b54582b347dd86372c8c0a5119061e7568ef47845df8b71b95ada4eacf73772e")
◇ Test case passing 1 argument completedStatementCount → 36 to "production schema 9 to 10 rolls back after every exact migration statement" started.
✘ Test "production schema 9 to 10 rolls back after every exact migration statement" recorded an issue with 1 argument completedStatementCount → 36 at SQLiteStoreTests.swift:1246:3: Expectation failed: (migrationDigest(migration) → "7593a0c8a74c9ec4f9713a8393a3359fad32cbd3aca6e468b3eb4c82876ee114") == (expectedSchemaTenMigrationDigest → "b54582b347dd86372c8c0a5119061e7568ef47845df8b71b95ada4eacf73772e")
◇ Test case passing 1 argument completedStatementCount → 37 to "production schema 9 to 10 rolls back after every exact migration statement" started.
◇ Test case passing 1 argument completedStatementCount → 38 to "production schema 9 to 10 rolls back after every exact migration statement" started.
◇ Test case passing 1 argument completedStatementCount → 39 to "production schema 9 to 10 rolls back after every exact migration statement" started.
◇ Test case passing 1 argument completedStatementCount → 40 to "production schema 9 to 10 rolls back after every exact migration statement" started.
✘ Test "production schema 9 to 10 rolls back after every exact migration statement" recorded an issue with 1 argument completedStatementCount → 37 at SQLiteStoreTests.swift:1246:3: Expectation failed: (migrationDigest(migration) → "7593a0c8a74c9ec4f9713a8393a3359fad32cbd3aca6e468b3eb4c82876ee114") == (expectedSchemaTenMigrationDigest → "b54582b347dd86372c8c0a5119061e7568ef47845df8b71b95ada4eacf73772e")
✘ Test "production schema 9 to 10 rolls back after every exact migration statement" recorded an issue with 1 argument completedStatementCount → 39 at SQLiteStoreTests.swift:1246:3: Expectation failed: (migrationDigest(migration) → "7593a0c8a74c9ec4f9713a8393a3359fad32cbd3aca6e468b3eb4c82876ee114") == (expectedSchemaTenMigrationDigest → "b54582b347dd86372c8c0a5119061e7568ef47845df8b71b95ada4eacf73772e")
✘ Test "production schema 9 to 10 rolls back after every exact migration statement" recorded an issue with 1 argument completedStatementCount → 38 at SQLiteStoreTests.swift:1246:3: Expectation failed: (migrationDigest(migration) → "7593a0c8a74c9ec4f9713a8393a3359fad32cbd3aca6e468b3eb4c82876ee114") == (expectedSchemaTenMigrationDigest → "b54582b347dd86372c8c0a5119061e7568ef47845df8b71b95ada4eacf73772e")
✘ Test "production schema 9 to 10 rolls back after every exact migration statement" recorded an issue with 1 argument completedStatementCount → 40 at SQLiteStoreTests.swift:1246:3: Expectation failed: (migrationDigest(migration) → "7593a0c8a74c9ec4f9713a8393a3359fad32cbd3aca6e468b3eb4c82876ee114") == (expectedSchemaTenMigrationDigest → "b54582b347dd86372c8c0a5119061e7568ef47845df8b71b95ada4eacf73772e")
◇ Test case passing 1 argument completedStatementCount → 41 to "production schema 9 to 10 rolls back after every exact migration statement" started.
✘ Test "production schema 9 to 10 rolls back after every exact migration statement" recorded an issue with 1 argument completedStatementCount → 41 at SQLiteStoreTests.swift:1246:3: Expectation failed: (migrationDigest(migration) → "7593a0c8a74c9ec4f9713a8393a3359fad32cbd3aca6e468b3eb4c82876ee114") == (expectedSchemaTenMigrationDigest → "b54582b347dd86372c8c0a5119061e7568ef47845df8b71b95ada4eacf73772e")
◇ Test case passing 1 argument completedStatementCount → 42 to "production schema 9 to 10 rolls back after every exact migration statement" started.
◇ Test case passing 1 argument completedStatementCount → 43 to "production schema 9 to 10 rolls back after every exact migration statement" started.
✘ Test "production schema 9 to 10 rolls back after every exact migration statement" recorded an issue with 1 argument completedStatementCount → 42 at SQLiteStoreTests.swift:1246:3: Expectation failed: (migrationDigest(migration) → "7593a0c8a74c9ec4f9713a8393a3359fad32cbd3aca6e468b3eb4c82876ee114") == (expectedSchemaTenMigrationDigest → "b54582b347dd86372c8c0a5119061e7568ef47845df8b71b95ada4eacf73772e")
✘ Test "production schema 9 to 10 rolls back after every exact migration statement" recorded an issue with 1 argument completedStatementCount → 43 at SQLiteStoreTests.swift:1246:3: Expectation failed: (migrationDigest(migration) → "7593a0c8a74c9ec4f9713a8393a3359fad32cbd3aca6e468b3eb4c82876ee114") == (expectedSchemaTenMigrationDigest → "b54582b347dd86372c8c0a5119061e7568ef47845df8b71b95ada4eacf73772e")
◇ Test case passing 1 argument completedStatementCount → 44 to "production schema 9 to 10 rolls back after every exact migration statement" started.
◇ Test case passing 1 argument completedStatementCount → 45 to "production schema 9 to 10 rolls back after every exact migration statement" started.
✘ Test "production schema 9 to 10 rolls back after every exact migration statement" recorded an issue with 1 argument completedStatementCount → 44 at SQLiteStoreTests.swift:1246:3: Expectation failed: (migrationDigest(migration) → "7593a0c8a74c9ec4f9713a8393a3359fad32cbd3aca6e468b3eb4c82876ee114") == (expectedSchemaTenMigrationDigest → "b54582b347dd86372c8c0a5119061e7568ef47845df8b71b95ada4eacf73772e")
✘ Test "production schema 9 to 10 rolls back after every exact migration statement" recorded an issue with 1 argument completedStatementCount → 45 at SQLiteStoreTests.swift:1246:3: Expectation failed: (migrationDigest(migration) → "7593a0c8a74c9ec4f9713a8393a3359fad32cbd3aca6e468b3eb4c82876ee114") == (expectedSchemaTenMigrationDigest → "b54582b347dd86372c8c0a5119061e7568ef47845df8b71b95ada4eacf73772e")
◇ Test case passing 1 argument completedStatementCount → 46 to "production schema 9 to 10 rolls back after every exact migration statement" started.
✘ Test "production schema 9 to 10 rolls back after every exact migration statement" recorded an issue with 1 argument completedStatementCount → 46 at SQLiteStoreTests.swift:1246:3: Expectation failed: (migrationDigest(migration) → "7593a0c8a74c9ec4f9713a8393a3359fad32cbd3aca6e468b3eb4c82876ee114") == (expectedSchemaTenMigrationDigest → "b54582b347dd86372c8c0a5119061e7568ef47845df8b71b95ada4eacf73772e")
◇ Test case passing 1 argument completedStatementCount → 47 to "production schema 9 to 10 rolls back after every exact migration statement" started.
✘ Test "production schema 9 to 10 rolls back after every exact migration statement" recorded an issue with 1 argument completedStatementCount → 47 at SQLiteStoreTests.swift:1246:3: Expectation failed: (migrationDigest(migration) → "7593a0c8a74c9ec4f9713a8393a3359fad32cbd3aca6e468b3eb4c82876ee114") == (expectedSchemaTenMigrationDigest → "b54582b347dd86372c8c0a5119061e7568ef47845df8b71b95ada4eacf73772e")
◇ Test case passing 1 argument completedStatementCount → 48 to "production schema 9 to 10 rolls back after every exact migration statement" started.
✘ Test "production schema 9 to 10 rolls back after every exact migration statement" recorded an issue with 1 argument completedStatementCount → 48 at SQLiteStoreTests.swift:1246:3: Expectation failed: (migrationDigest(migration) → "7593a0c8a74c9ec4f9713a8393a3359fad32cbd3aca6e468b3eb4c82876ee114") == (expectedSchemaTenMigrationDigest → "b54582b347dd86372c8c0a5119061e7568ef47845df8b71b95ada4eacf73772e")
◇ Test case passing 1 argument completedStatementCount → 49 to "production schema 9 to 10 rolls back after every exact migration statement" started.
✘ Test "production schema 9 to 10 rolls back after every exact migration statement" recorded an issue with 1 argument completedStatementCount → 49 at SQLiteStoreTests.swift:1246:3: Expectation failed: (migrationDigest(migration) → "7593a0c8a74c9ec4f9713a8393a3359fad32cbd3aca6e468b3eb4c82876ee114") == (expectedSchemaTenMigrationDigest → "b54582b347dd86372c8c0a5119061e7568ef47845df8b71b95ada4eacf73772e")
◇ Test case passing 1 argument completedStatementCount → 50 to "production schema 9 to 10 rolls back after every exact migration statement" started.
✘ Test "production schema 9 to 10 rolls back after every exact migration statement" recorded an issue with 1 argument completedStatementCount → 50 at SQLiteStoreTests.swift:1246:3: Expectation failed: (migrationDigest(migration) → "7593a0c8a74c9ec4f9713a8393a3359fad32cbd3aca6e468b3eb4c82876ee114") == (expectedSchemaTenMigrationDigest → "b54582b347dd86372c8c0a5119061e7568ef47845df8b71b95ada4eacf73772e")
◇ Test case passing 1 argument completedStatementCount → 51 to "production schema 9 to 10 rolls back after every exact migration statement" started.
✘ Test "production schema 9 to 10 rolls back after every exact migration statement" recorded an issue with 1 argument completedStatementCount → 51 at SQLiteStoreTests.swift:1246:3: Expectation failed: (migrationDigest(migration) → "7593a0c8a74c9ec4f9713a8393a3359fad32cbd3aca6e468b3eb4c82876ee114") == (expectedSchemaTenMigrationDigest → "b54582b347dd86372c8c0a5119061e7568ef47845df8b71b95ada4eacf73772e")
◇ Test case passing 1 argument completedStatementCount → 52 to "production schema 9 to 10 rolls back after every exact migration statement" started.
✘ Test "production schema 9 to 10 rolls back after every exact migration statement" recorded an issue with 1 argument completedStatementCount → 52 at SQLiteStoreTests.swift:1246:3: Expectation failed: (migrationDigest(migration) → "7593a0c8a74c9ec4f9713a8393a3359fad32cbd3aca6e468b3eb4c82876ee114") == (expectedSchemaTenMigrationDigest → "b54582b347dd86372c8c0a5119061e7568ef47845df8b71b95ada4eacf73772e")
◇ Test case passing 1 argument completedStatementCount → 53 to "production schema 9 to 10 rolls back after every exact migration statement" started.
✘ Test "production schema 9 to 10 rolls back after every exact migration statement" recorded an issue with 1 argument completedStatementCount → 53 at SQLiteStoreTests.swift:1246:3: Expectation failed: (migrationDigest(migration) → "7593a0c8a74c9ec4f9713a8393a3359fad32cbd3aca6e468b3eb4c82876ee114") == (expectedSchemaTenMigrationDigest → "b54582b347dd86372c8c0a5119061e7568ef47845df8b71b95ada4eacf73772e")
◇ Test case passing 1 argument completedStatementCount → 54 to "production schema 9 to 10 rolls back after every exact migration statement" started.
✘ Test "production schema 9 to 10 rolls back after every exact migration statement" recorded an issue with 1 argument completedStatementCount → 54 at SQLiteStoreTests.swift:1246:3: Expectation failed: (migrationDigest(migration) → "7593a0c8a74c9ec4f9713a8393a3359fad32cbd3aca6e468b3eb4c82876ee114") == (expectedSchemaTenMigrationDigest → "b54582b347dd86372c8c0a5119061e7568ef47845df8b71b95ada4eacf73772e")
◇ Test case passing 1 argument completedStatementCount → 55 to "production schema 9 to 10 rolls back after every exact migration statement" started.
✘ Test "production schema 9 to 10 rolls back after every exact migration statement" recorded an issue with 1 argument completedStatementCount → 55 at SQLiteStoreTests.swift:1246:3: Expectation failed: (migrationDigest(migration) → "7593a0c8a74c9ec4f9713a8393a3359fad32cbd3aca6e468b3eb4c82876ee114") == (expectedSchemaTenMigrationDigest → "b54582b347dd86372c8c0a5119061e7568ef47845df8b71b95ada4eacf73772e")
◇ Test case passing 1 argument completedStatementCount → 56 to "production schema 9 to 10 rolls back after every exact migration statement" started.
✘ Test "production schema 9 to 10 rolls back after every exact migration statement" recorded an issue with 1 argument completedStatementCount → 56 at SQLiteStoreTests.swift:1246:3: Expectation failed: (migrationDigest(migration) → "7593a0c8a74c9ec4f9713a8393a3359fad32cbd3aca6e468b3eb4c82876ee114") == (expectedSchemaTenMigrationDigest → "b54582b347dd86372c8c0a5119061e7568ef47845df8b71b95ada4eacf73772e")
◇ Test case passing 1 argument completedStatementCount → 57 to "production schema 9 to 10 rolls back after every exact migration statement" started.
✘ Test "production schema 9 to 10 rolls back after every exact migration statement" recorded an issue with 1 argument completedStatementCount → 57 at SQLiteStoreTests.swift:1246:3: Expectation failed: (migrationDigest(migration) → "7593a0c8a74c9ec4f9713a8393a3359fad32cbd3aca6e468b3eb4c82876ee114") == (expectedSchemaTenMigrationDigest → "b54582b347dd86372c8c0a5119061e7568ef47845df8b71b95ada4eacf73772e")
◇ Test case passing 1 argument completedStatementCount → 58 to "production schema 9 to 10 rolls back after every exact migration statement" started.
✘ Test "production schema 9 to 10 rolls back after every exact migration statement" recorded an issue with 1 argument completedStatementCount → 58 at SQLiteStoreTests.swift:1246:3: Expectation failed: (migrationDigest(migration) → "7593a0c8a74c9ec4f9713a8393a3359fad32cbd3aca6e468b3eb4c82876ee114") == (expectedSchemaTenMigrationDigest → "b54582b347dd86372c8c0a5119061e7568ef47845df8b71b95ada4eacf73772e")
◇ Test case passing 1 argument completedStatementCount → 59 to "production schema 9 to 10 rolls back after every exact migration statement" started.
✘ Test "production schema 9 to 10 rolls back after every exact migration statement" recorded an issue with 1 argument completedStatementCount → 59 at SQLiteStoreTests.swift:1246:3: Expectation failed: (migrationDigest(migration) → "7593a0c8a74c9ec4f9713a8393a3359fad32cbd3aca6e468b3eb4c82876ee114") == (expectedSchemaTenMigrationDigest → "b54582b347dd86372c8c0a5119061e7568ef47845df8b71b95ada4eacf73772e")
◇ Test case passing 1 argument completedStatementCount → 60 to "production schema 9 to 10 rolls back after every exact migration statement" started.
✘ Test "production schema 9 to 10 rolls back after every exact migration statement" recorded an issue with 1 argument completedStatementCount → 60 at SQLiteStoreTests.swift:1246:3: Expectation failed: (migrationDigest(migration) → "7593a0c8a74c9ec4f9713a8393a3359fad32cbd3aca6e468b3eb4c82876ee114") == (expectedSchemaTenMigrationDigest → "b54582b347dd86372c8c0a5119061e7568ef47845df8b71b95ada4eacf73772e")
◇ Test case passing 1 argument completedStatementCount → 61 to "production schema 9 to 10 rolls back after every exact migration statement" started.
✘ Test "production schema 9 to 10 rolls back after every exact migration statement" recorded an issue with 1 argument completedStatementCount → 61 at SQLiteStoreTests.swift:1246:3: Expectation failed: (migrationDigest(migration) → "7593a0c8a74c9ec4f9713a8393a3359fad32cbd3aca6e468b3eb4c82876ee114") == (expectedSchemaTenMigrationDigest → "b54582b347dd86372c8c0a5119061e7568ef47845df8b71b95ada4eacf73772e")
◇ Test case passing 1 argument completedStatementCount → 62 to "production schema 9 to 10 rolls back after every exact migration statement" started.
✘ Test "production schema 9 to 10 rolls back after every exact migration statement" recorded an issue with 1 argument completedStatementCount → 62 at SQLiteStoreTests.swift:1246:3: Expectation failed: (migrationDigest(migration) → "7593a0c8a74c9ec4f9713a8393a3359fad32cbd3aca6e468b3eb4c82876ee114") == (expectedSchemaTenMigrationDigest → "b54582b347dd86372c8c0a5119061e7568ef47845df8b71b95ada4eacf73772e")
◇ Test case passing 1 argument completedStatementCount → 63 to "production schema 9 to 10 rolls back after every exact migration statement" started.
✘ Test "production schema 9 to 10 rolls back after every exact migration statement" recorded an issue with 1 argument completedStatementCount → 63 at SQLiteStoreTests.swift:1246:3: Expectation failed: (migrationDigest(migration) → "7593a0c8a74c9ec4f9713a8393a3359fad32cbd3aca6e468b3eb4c82876ee114") == (expectedSchemaTenMigrationDigest → "b54582b347dd86372c8c0a5119061e7568ef47845df8b71b95ada4eacf73772e")
◇ Test case passing 1 argument completedStatementCount → 64 to "production schema 9 to 10 rolls back after every exact migration statement" started.
✘ Test "production schema 9 to 10 rolls back after every exact migration statement" recorded an issue with 1 argument completedStatementCount → 64 at SQLiteStoreTests.swift:1246:3: Expectation failed: (migrationDigest(migration) → "7593a0c8a74c9ec4f9713a8393a3359fad32cbd3aca6e468b3eb4c82876ee114") == (expectedSchemaTenMigrationDigest → "b54582b347dd86372c8c0a5119061e7568ef47845df8b71b95ada4eacf73772e")
◇ Test case passing 1 argument completedStatementCount → 65 to "production schema 9 to 10 rolls back after every exact migration statement" started.
◇ Test case passing 1 argument completedStatementCount → 66 to "production schema 9 to 10 rolls back after every exact migration statement" started.
✘ Test "production schema 9 to 10 rolls back after every exact migration statement" recorded an issue with 1 argument completedStatementCount → 65 at SQLiteStoreTests.swift:1246:3: Expectation failed: (migrationDigest(migration) → "7593a0c8a74c9ec4f9713a8393a3359fad32cbd3aca6e468b3eb4c82876ee114") == (expectedSchemaTenMigrationDigest → "b54582b347dd86372c8c0a5119061e7568ef47845df8b71b95ada4eacf73772e")
✘ Test "production schema 9 to 10 rolls back after every exact migration statement" recorded an issue with 1 argument completedStatementCount → 66 at SQLiteStoreTests.swift:1246:3: Expectation failed: (migrationDigest(migration) → "7593a0c8a74c9ec4f9713a8393a3359fad32cbd3aca6e468b3eb4c82876ee114") == (expectedSchemaTenMigrationDigest → "b54582b347dd86372c8c0a5119061e7568ef47845df8b71b95ada4eacf73772e")
◇ Test case passing 1 argument completedStatementCount → 67 to "production schema 9 to 10 rolls back after every exact migration statement" started.
✘ Test "production schema 9 to 10 rolls back after every exact migration statement" recorded an issue with 1 argument completedStatementCount → 67 at SQLiteStoreTests.swift:1246:3: Expectation failed: (migrationDigest(migration) → "7593a0c8a74c9ec4f9713a8393a3359fad32cbd3aca6e468b3eb4c82876ee114") == (expectedSchemaTenMigrationDigest → "b54582b347dd86372c8c0a5119061e7568ef47845df8b71b95ada4eacf73772e")
◇ Test case passing 1 argument completedStatementCount → 68 to "production schema 9 to 10 rolls back after every exact migration statement" started.
✘ Test "production schema 9 to 10 rolls back after every exact migration statement" recorded an issue with 1 argument completedStatementCount → 68 at SQLiteStoreTests.swift:1246:3: Expectation failed: (migrationDigest(migration) → "7593a0c8a74c9ec4f9713a8393a3359fad32cbd3aca6e468b3eb4c82876ee114") == (expectedSchemaTenMigrationDigest → "b54582b347dd86372c8c0a5119061e7568ef47845df8b71b95ada4eacf73772e")
◇ Test case passing 1 argument completedStatementCount → 69 to "production schema 9 to 10 rolls back after every exact migration statement" started.
✘ Test "production schema 9 to 10 rolls back after every exact migration statement" recorded an issue with 1 argument completedStatementCount → 69 at SQLiteStoreTests.swift:1246:3: Expectation failed: (migrationDigest(migration) → "7593a0c8a74c9ec4f9713a8393a3359fad32cbd3aca6e468b3eb4c82876ee114") == (expectedSchemaTenMigrationDigest → "b54582b347dd86372c8c0a5119061e7568ef47845df8b71b95ada4eacf73772e")
◇ Test case passing 1 argument completedStatementCount → 70 to "production schema 9 to 10 rolls back after every exact migration statement" started.
✘ Test "production schema 9 to 10 rolls back after every exact migration statement" recorded an issue with 1 argument completedStatementCount → 70 at SQLiteStoreTests.swift:1246:3: Expectation failed: (migrationDigest(migration) → "7593a0c8a74c9ec4f9713a8393a3359fad32cbd3aca6e468b3eb4c82876ee114") == (expectedSchemaTenMigrationDigest → "b54582b347dd86372c8c0a5119061e7568ef47845df8b71b95ada4eacf73772e")
◇ Test case passing 1 argument completedStatementCount → 71 to "production schema 9 to 10 rolls back after every exact migration statement" started.
✘ Test "production schema 9 to 10 rolls back after every exact migration statement" recorded an issue with 1 argument completedStatementCount → 71 at SQLiteStoreTests.swift:1246:3: Expectation failed: (migrationDigest(migration) → "7593a0c8a74c9ec4f9713a8393a3359fad32cbd3aca6e468b3eb4c82876ee114") == (expectedSchemaTenMigrationDigest → "b54582b347dd86372c8c0a5119061e7568ef47845df8b71b95ada4eacf73772e")
◇ Test case passing 1 argument completedStatementCount → 72 to "production schema 9 to 10 rolls back after every exact migration statement" started.
✘ Test "production schema 9 to 10 rolls back after every exact migration statement" recorded an issue with 1 argument completedStatementCount → 72 at SQLiteStoreTests.swift:1246:3: Expectation failed: (migrationDigest(migration) → "7593a0c8a74c9ec4f9713a8393a3359fad32cbd3aca6e468b3eb4c82876ee114") == (expectedSchemaTenMigrationDigest → "b54582b347dd86372c8c0a5119061e7568ef47845df8b71b95ada4eacf73772e")
◇ Test case passing 1 argument completedStatementCount → 73 to "production schema 9 to 10 rolls back after every exact migration statement" started.
✘ Test "production schema 9 to 10 rolls back after every exact migration statement" recorded an issue with 1 argument completedStatementCount → 73 at SQLiteStoreTests.swift:1246:3: Expectation failed: (migrationDigest(migration) → "7593a0c8a74c9ec4f9713a8393a3359fad32cbd3aca6e468b3eb4c82876ee114") == (expectedSchemaTenMigrationDigest → "b54582b347dd86372c8c0a5119061e7568ef47845df8b71b95ada4eacf73772e")
◇ Test case passing 1 argument completedStatementCount → 74 to "production schema 9 to 10 rolls back after every exact migration statement" started.
✘ Test "production schema 9 to 10 rolls back after every exact migration statement" recorded an issue with 1 argument completedStatementCount → 74 at SQLiteStoreTests.swift:1246:3: Expectation failed: (migrationDigest(migration) → "7593a0c8a74c9ec4f9713a8393a3359fad32cbd3aca6e468b3eb4c82876ee114") == (expectedSchemaTenMigrationDigest → "b54582b347dd86372c8c0a5119061e7568ef47845df8b71b95ada4eacf73772e")
◇ Test case passing 1 argument completedStatementCount → 75 to "production schema 9 to 10 rolls back after every exact migration statement" started.
✘ Test "production schema 9 to 10 rolls back after every exact migration statement" recorded an issue with 1 argument completedStatementCount → 75 at SQLiteStoreTests.swift:1246:3: Expectation failed: (migrationDigest(migration) → "7593a0c8a74c9ec4f9713a8393a3359fad32cbd3aca6e468b3eb4c82876ee114") == (expectedSchemaTenMigrationDigest → "b54582b347dd86372c8c0a5119061e7568ef47845df8b71b95ada4eacf73772e")
◇ Test case passing 1 argument completedStatementCount → 76 to "production schema 9 to 10 rolls back after every exact migration statement" started.
✘ Test "production schema 9 to 10 rolls back after every exact migration statement" recorded an issue with 1 argument completedStatementCount → 76 at SQLiteStoreTests.swift:1246:3: Expectation failed: (migrationDigest(migration) → "7593a0c8a74c9ec4f9713a8393a3359fad32cbd3aca6e468b3eb4c82876ee114") == (expectedSchemaTenMigrationDigest → "b54582b347dd86372c8c0a5119061e7568ef47845df8b71b95ada4eacf73772e")
◇ Test case passing 1 argument completedStatementCount → 77 to "production schema 9 to 10 rolls back after every exact migration statement" started.
✘ Test "production schema 9 to 10 rolls back after every exact migration statement" recorded an issue with 1 argument completedStatementCount → 77 at SQLiteStoreTests.swift:1246:3: Expectation failed: (migrationDigest(migration) → "7593a0c8a74c9ec4f9713a8393a3359fad32cbd3aca6e468b3eb4c82876ee114") == (expectedSchemaTenMigrationDigest → "b54582b347dd86372c8c0a5119061e7568ef47845df8b71b95ada4eacf73772e")
◇ Test case passing 1 argument completedStatementCount → 78 to "production schema 9 to 10 rolls back after every exact migration statement" started.
✘ Test "production schema 9 to 10 rolls back after every exact migration statement" recorded an issue with 1 argument completedStatementCount → 78 at SQLiteStoreTests.swift:1246:3: Expectation failed: (migrationDigest(migration) → "7593a0c8a74c9ec4f9713a8393a3359fad32cbd3aca6e468b3eb4c82876ee114") == (expectedSchemaTenMigrationDigest → "b54582b347dd86372c8c0a5119061e7568ef47845df8b71b95ada4eacf73772e")
◇ Test case passing 1 argument completedStatementCount → 79 to "production schema 9 to 10 rolls back after every exact migration statement" started.
✘ Test "production schema 9 to 10 rolls back after every exact migration statement" recorded an issue with 1 argument completedStatementCount → 79 at SQLiteStoreTests.swift:1246:3: Expectation failed: (migrationDigest(migration) → "7593a0c8a74c9ec4f9713a8393a3359fad32cbd3aca6e468b3eb4c82876ee114") == (expectedSchemaTenMigrationDigest → "b54582b347dd86372c8c0a5119061e7568ef47845df8b71b95ada4eacf73772e")
◇ Test case passing 1 argument completedStatementCount → 80 to "production schema 9 to 10 rolls back after every exact migration statement" started.
✘ Test "production schema 9 to 10 rolls back after every exact migration statement" recorded an issue with 1 argument completedStatementCount → 80 at SQLiteStoreTests.swift:1246:3: Expectation failed: (migrationDigest(migration) → "7593a0c8a74c9ec4f9713a8393a3359fad32cbd3aca6e468b3eb4c82876ee114") == (expectedSchemaTenMigrationDigest → "b54582b347dd86372c8c0a5119061e7568ef47845df8b71b95ada4eacf73772e")
◇ Test case passing 1 argument completedStatementCount → 81 to "production schema 9 to 10 rolls back after every exact migration statement" started.
✘ Test "production schema 9 to 10 rolls back after every exact migration statement" recorded an issue with 1 argument completedStatementCount → 81 at SQLiteStoreTests.swift:1246:3: Expectation failed: (migrationDigest(migration) → "7593a0c8a74c9ec4f9713a8393a3359fad32cbd3aca6e468b3eb4c82876ee114") == (expectedSchemaTenMigrationDigest → "b54582b347dd86372c8c0a5119061e7568ef47845df8b71b95ada4eacf73772e")
◇ Test case passing 1 argument completedStatementCount → 82 to "production schema 9 to 10 rolls back after every exact migration statement" started.
✘ Test "production schema 9 to 10 rolls back after every exact migration statement" recorded an issue with 1 argument completedStatementCount → 82 at SQLiteStoreTests.swift:1246:3: Expectation failed: (migrationDigest(migration) → "7593a0c8a74c9ec4f9713a8393a3359fad32cbd3aca6e468b3eb4c82876ee114") == (expectedSchemaTenMigrationDigest → "b54582b347dd86372c8c0a5119061e7568ef47845df8b71b95ada4eacf73772e")
◇ Test case passing 1 argument completedStatementCount → 83 to "production schema 9 to 10 rolls back after every exact migration statement" started.
✘ Test "production schema 9 to 10 rolls back after every exact migration statement" recorded an issue with 1 argument completedStatementCount → 83 at SQLiteStoreTests.swift:1246:3: Expectation failed: (migrationDigest(migration) → "7593a0c8a74c9ec4f9713a8393a3359fad32cbd3aca6e468b3eb4c82876ee114") == (expectedSchemaTenMigrationDigest → "b54582b347dd86372c8c0a5119061e7568ef47845df8b71b95ada4eacf73772e")
◇ Test case passing 1 argument completedStatementCount → 84 to "production schema 9 to 10 rolls back after every exact migration statement" started.
✘ Test "production schema 9 to 10 rolls back after every exact migration statement" recorded an issue with 1 argument completedStatementCount → 84 at SQLiteStoreTests.swift:1246:3: Expectation failed: (migrationDigest(migration) → "7593a0c8a74c9ec4f9713a8393a3359fad32cbd3aca6e468b3eb4c82876ee114") == (expectedSchemaTenMigrationDigest → "b54582b347dd86372c8c0a5119061e7568ef47845df8b71b95ada4eacf73772e")
◇ Test case passing 1 argument completedStatementCount → 85 to "production schema 9 to 10 rolls back after every exact migration statement" started.
✘ Test "production schema 9 to 10 rolls back after every exact migration statement" recorded an issue with 1 argument completedStatementCount → 85 at SQLiteStoreTests.swift:1246:3: Expectation failed: (migrationDigest(migration) → "7593a0c8a74c9ec4f9713a8393a3359fad32cbd3aca6e468b3eb4c82876ee114") == (expectedSchemaTenMigrationDigest → "b54582b347dd86372c8c0a5119061e7568ef47845df8b71b95ada4eacf73772e")
◇ Test case passing 1 argument completedStatementCount → 86 to "production schema 9 to 10 rolls back after every exact migration statement" started.
✘ Test "production schema 9 to 10 rolls back after every exact migration statement" recorded an issue with 1 argument completedStatementCount → 86 at SQLiteStoreTests.swift:1246:3: Expectation failed: (migrationDigest(migration) → "7593a0c8a74c9ec4f9713a8393a3359fad32cbd3aca6e468b3eb4c82876ee114") == (expectedSchemaTenMigrationDigest → "b54582b347dd86372c8c0a5119061e7568ef47845df8b71b95ada4eacf73772e")
◇ Test case passing 1 argument completedStatementCount → 87 to "production schema 9 to 10 rolls back after every exact migration statement" started.
✘ Test "production schema 9 to 10 rolls back after every exact migration statement" recorded an issue with 1 argument completedStatementCount → 87 at SQLiteStoreTests.swift:1246:3: Expectation failed: (migrationDigest(migration) → "7593a0c8a74c9ec4f9713a8393a3359fad32cbd3aca6e468b3eb4c82876ee114") == (expectedSchemaTenMigrationDigest → "b54582b347dd86372c8c0a5119061e7568ef47845df8b71b95ada4eacf73772e")
◇ Test case passing 1 argument completedStatementCount → 88 to "production schema 9 to 10 rolls back after every exact migration statement" started.
✘ Test "production schema 9 to 10 rolls back after every exact migration statement" recorded an issue with 1 argument completedStatementCount → 88 at SQLiteStoreTests.swift:1246:3: Expectation failed: (migrationDigest(migration) → "7593a0c8a74c9ec4f9713a8393a3359fad32cbd3aca6e468b3eb4c82876ee114") == (expectedSchemaTenMigrationDigest → "b54582b347dd86372c8c0a5119061e7568ef47845df8b71b95ada4eacf73772e")
◇ Test case passing 1 argument completedStatementCount → 89 to "production schema 9 to 10 rolls back after every exact migration statement" started.
✘ Test "production schema 9 to 10 rolls back after every exact migration statement" recorded an issue with 1 argument completedStatementCount → 89 at SQLiteStoreTests.swift:1246:3: Expectation failed: (migrationDigest(migration) → "7593a0c8a74c9ec4f9713a8393a3359fad32cbd3aca6e468b3eb4c82876ee114") == (expectedSchemaTenMigrationDigest → "b54582b347dd86372c8c0a5119061e7568ef47845df8b71b95ada4eacf73772e")
◇ Test case passing 1 argument completedStatementCount → 90 to "production schema 9 to 10 rolls back after every exact migration statement" started.
✘ Test "production schema 9 to 10 rolls back after every exact migration statement" recorded an issue with 1 argument completedStatementCount → 90 at SQLiteStoreTests.swift:1246:3: Expectation failed: (migrationDigest(migration) → "7593a0c8a74c9ec4f9713a8393a3359fad32cbd3aca6e468b3eb4c82876ee114") == (expectedSchemaTenMigrationDigest → "b54582b347dd86372c8c0a5119061e7568ef47845df8b71b95ada4eacf73772e")
◇ Test case passing 1 argument completedStatementCount → 91 to "production schema 9 to 10 rolls back after every exact migration statement" started.
✘ Test "production schema 9 to 10 rolls back after every exact migration statement" recorded an issue with 1 argument completedStatementCount → 91 at SQLiteStoreTests.swift:1246:3: Expectation failed: (migrationDigest(migration) → "7593a0c8a74c9ec4f9713a8393a3359fad32cbd3aca6e468b3eb4c82876ee114") == (expectedSchemaTenMigrationDigest → "b54582b347dd86372c8c0a5119061e7568ef47845df8b71b95ada4eacf73772e")
✔ Test "activation rejects a canonical preview at its exact expiry boundary" passed after 1.269 seconds.
✔ Test "database lease triggers reject an unbound quarantined generated review" passed after 1.269 seconds.
✔ Test "an exact transient failure closes the lane instead of retrying" passed after 1.269 seconds.
✘ Test "production schema upgrades to rollout authority without manufacturing authority" failed after 1.269 seconds with 1 issue.
✔ Test "preview is read-only and exact activation is atomic" passed after 1.269 seconds.
✔ Test "revocation denies fresh effects but preserves exact uncertain-effect readback" passed after 1.269 seconds.
✔ Test "a rollout job cannot settle an unreserved mutation effect" passed after 1.269 seconds.
✔ Test "execution activation cannot invent a job beyond the planning checkpoint" passed after 1.269 seconds.
✔ Test "exact execution evaluates only its bound waiting-human job" passed after 1.269 seconds.
✔ Test "activation rejects a confirmed digest that differs from canonical preview bytes" passed after 1.269 seconds.
✔ Test "GitHub reads require the matching task-local scope and settle exactly once" passed after 1.269 seconds.
✔ Test "provider admission binds artifact, narrative, resources, and model profile" passed after 1.269 seconds.
✔ Test "an exact intentional terminal result settles and pauses its stage" passed after 1.269 seconds.
✔ Test "the same durable provider run reuses one permit without consuming another slot" passed after 1.269 seconds.
✔ Test "generated review activation cannot invent an unlinked child job" passed after 1.269 seconds.
✔ Test "a settled local provider result reconciles only its bound reservation" passed after 1.269 seconds.
✔ Test "confirmed recovery resumes only the same exact job after every effect settles" passed after 1.269 seconds.
✔ Test "effect reservations consume a finite cap and remain immutable" passed after 1.269 seconds.
✔ Test "send permits are task-bound, single-use transport capabilities" passed after 1.269 seconds.
✔ Test "stale approval checkpoints into a separately authorized planning step" passed after 1.270 seconds.
✔ Test "issue marker revision and label sends are bound to the live planning step" passed after 1.270 seconds.
✔ Test "an exact interrupted provider boundary requires explicit recovery" passed after 1.270 seconds.
✔ Test "startup recovery transforms only the bound rollout job before explicit continuation" passed after 1.270 seconds.
✔ Test "finite activation requires a same-stage exact receipt" passed after 1.270 seconds.
✔ Test "canonical preview rejects unknown fields and changed bytes" passed after 1.270 seconds.
✔ Test "activation rejects every stale preview digest" passed after 1.270 seconds.
✔ Test "expiry closes and terminalizes the lane before any fresh effect" passed after 1.270 seconds.
✔ Test "a send-started mutation's readback is reservable while the lane is draining" passed after 1.270 seconds.
✔ Test "configuration drift fails and pauses the active lane before another effect" passed after 1.275 seconds.
✔ Test "restart reattaches only pre-boundary orphan reservations after exact recovery" passed after 1.275 seconds.
✘ Test "production schema 9 to 10 rolls back after every exact migration statement" with 91 test cases failed after 1.279 seconds with 91 issues.
✘ Suite "SQLite durable store" failed after 1.279 seconds with 92 issues.
✔ Test "planning authority cannot cross the durable simple-plan boundary" passed after 1.279 seconds.
✔ Test "terminal historical evidence does not block a later drain" passed after 1.283 seconds.
✔ Test "stop pauses durably with draining and terminalizes only after drain" passed after 1.295 seconds.
✔ Test "execution start is not misreported as a completed stage" passed after 1.296 seconds.
✔ Test "a started branch publication can read back during drain without fresh send authority" passed after 1.297 seconds.
✔ Test "preview rejects duplicate labels and lists larger than their budgets" passed after 1.298 seconds.
✔ Test "concurrent reservations cannot overrun the provider cap" passed after 1.299 seconds.
✔ Test "first finite window admits only its closed future predicate and uses operational expiry" passed after 1.299 seconds.
✔ Test "usage INSERT cannot reset a consumed cap, skip sequence or invent a source" passed after 1.303 seconds.
✔ Test "marker cap failure rolls back the complete reservation batch" passed after 1.307 seconds.
✔ Suite "Progressive rollout authority" passed after 1.307 seconds.
✘ Test run with 41 tests in 2 suites failed after 1.308 seconds with 92 issues.

Exit status: 1
UTC end: 2026-09-05T13:44:30Z
