UTC start: 2026-09-05T14:33:31Z
Command: xcrun swift test --filter ProductionRolloutOperatorTests\|HerdrPiWorkflowRuntimeTests\|HistoricalCanaryEffectDenialTests
Building for debugging...
[0/23] Write sources
[1/23] Write swift-version--58304C5D6DBC2206.txt
[3/6] Emitting module JidokaCodeCoreTests
[4/6] Compiling JidokaCodeCoreTests HerdrPiWorkflowRuntimeTests.swift
/private/tmp/jidoka-code-progressive-production-automation/Tests/JidokaCodeCoreTests/HerdrPiWorkflowRuntimeTests.swift:5153:9: warning: initialization of immutable value 'run' was never used; consider replacing with assignment to '_' or removing it [#no-usage]
5151 |         "SELECT paused FROM app_settings WHERE singleton = 1"
5152 |       ) ?? 0
5153 |     let run = try await withDurableResumeDenialLifted { () async throws -> PiRunRecord in
     |         `- warning: initialization of immutable value 'run' was never used; consider replacing with assignment to '_' or removing it [#no-usage]
5154 |       _ = try await database.execute(
5155 |         "UPDATE app_settings SET paused = 0 WHERE singleton = 1"
[4/6] Write Objects.LinkFileList
[5/6] Linking JidokaCodePackageTests
Build complete! (9.04s)
Test Suite 'Selected tests' started at 2026-09-05 16:33:41.513.
Test Suite 'JidokaCodePackageTests.xctest' started at 2026-09-05 16:33:41.515.
Test Suite 'JidokaCodePackageTests.xctest' passed at 2026-09-05 16:33:41.515.
	 Executed 0 tests, with 0 failures (0 unexpected) in 0.000 (0.000) seconds
Test Suite 'Selected tests' passed at 2026-09-05 16:33:41.516.
	 Executed 0 tests, with 0 failures (0 unexpected) in 0.000 (0.002) seconds
◇ Test run started.
↳ Testing Library Version: 1902
↳ Target Platform: arm64e-apple-macos14.0
◇ Suite "Historical canary effect denial" started.
◇ Suite "Production Herdr Pi workflow runtime" started.
◇ Suite "Production rollout operator commands" started.
◇ Test "a historical canary send is denied and marks no intent as started" started.
◇ Test "the explicit test double denies a historical canary provider reservation like the store" started.
◇ Test "a historical canary permit cannot be verified or settled" started.
◇ Test "a historical canary context cannot reserve any fresh effect" started.
◇ Test "preview and activation enforce paused, exclusive and checkpoint boundaries" started.
◇ Test "recovery rejects unpaused, expired and drifted evidence" started.
◇ Test "release mismatch and local identity drift leave operator admission closed" started.
◇ Test "a busy command times out into recovery without reopening admission" started.
◇ Test "stop closes actual dispatch and command gates and pauses the scheduler" started.
◇ Test "runtime mutation drift and fault matrices have exact unique shape" started.
✔ Test "runtime mutation drift and fault matrices have exact unique shape" passed after 0.001 seconds.
◇ Test "job kinds eagerly create exact one four and five role-host topologies" started.
✔ Test "a historical canary permit cannot be verified or settled" passed after 0.072 seconds.
✔ Test "a historical canary context cannot reserve any fresh effect" passed after 0.076 seconds.
✔ Test "the explicit test double denies a historical canary provider reservation like the store" passed after 0.076 seconds.
✔ Test "preview and activation enforce paused, exclusive and checkpoint boundaries" passed after 0.077 seconds.
✔ Test "a historical canary send is denied and marks no intent as started" passed after 0.077 seconds.
✔ Suite "Historical canary effect denial" passed after 0.077 seconds.
✘ Test "recovery rejects unpaused, expired and drifted evidence" recorded an issue at RolloutAuthorityStoreTests.swift:3144:11: Expectation failed: expected error "EngineClientError(code: JidokaCodeCore.EngineClientErrorCode.staleEvidence)", but ".invalidStateTransition" of type RolloutAuthorityError was thrown instead
✔ Test "stop closes actual dispatch and command gates and pauses the scheduler" passed after 0.080 seconds.
✔ Test "release mismatch and local identity drift leave operator admission closed" passed after 0.080 seconds.
✘ Test "recovery rejects unpaused, expired and drifted evidence" failed after 0.080 seconds with 1 issue.
✔ Test "job kinds eagerly create exact one four and five role-host topologies" passed after 0.680 seconds.
◇ Test "Pi-owned terminal theme remains valid while importing a launched child" started.
✔ Test "Pi-owned terminal theme remains valid while importing a launched child" passed after 0.254 seconds.
◇ Test "workflow launch event gates time out in seconds and remain reusable" started.
✔ Test "workflow launch event gates time out in seconds and remain reusable" passed after 0.052 seconds.
◇ Test "terminal failure strictly removes projected provider credentials" started.
◇ Test case passing 1 argument channelFailure → true to "terminal failure strictly removes projected provider credentials" started.
✔ Test "a busy command times out into recovery without reopening admission" passed after 1.084 seconds.
✘ Suite "Production rollout operator commands" failed after 1.085 seconds with 1 issue.
◇ Test case passing 1 argument channelFailure → false to "terminal failure strictly removes projected provider credentials" started.
✔ Test "terminal failure strictly removes projected provider credentials" with 2 test cases passed after 8.463 seconds.
◇ Test "Herdr-redacted layout environment is closed by exact role-host process evidence" started.
✔ Test "Herdr-redacted layout environment is closed by exact role-host process evidence" passed after 0.198 seconds.
◇ Test "canary launch scope rejects another job before topology or run creation" started.
✔ Test "canary launch scope rejects another job before topology or run creation" passed after 0.045 seconds.
◇ Test "paused exact canary cannot create topology or a provider launch" started.
✔ Test "paused exact canary cannot create topology or a provider launch" passed after 0.045 seconds.
◇ Test "explicit recovery preserves unknown intent and resumes only the same no-Pi canary" started.
✔ Test "explicit recovery preserves unknown intent and resumes only the same no-Pi canary" passed after 0.126 seconds.
◇ Test "explicit focus revalidates exact ownership before changing shared-session focus" started.
✔ Test "explicit focus revalidates exact ownership before changing shared-session focus" passed after 0.047 seconds.
◇ Test "durable result import remains local when the Herdr socket is unavailable" started.
✔ Test "durable result import remains local when the Herdr socket is unavailable" passed after 0.040 seconds.
◇ Test "every production workflow fails closed when Herdr is unavailable" started.
✔ Test "every production workflow fails closed when Herdr is unavailable" passed after 0.176 seconds.
◇ Test "startup recovery rolls back every partial exact 1 4 and 5 role generation" started.
✔ Test "startup recovery rolls back every partial exact 1 4 and 5 role generation" passed after 0.646 seconds.
◇ Test "partial exact 1 4 and 5 role activation rolls every sibling back" started.
✔ Test "partial exact 1 4 and 5 role activation rolls every sibling back" passed after 0.651 seconds.
◇ Test "quit timeout marks every sibling host lost instead of stranding stopping state" started.
✔ Test "quit timeout marks every sibling host lost instead of stranding stopping state" passed after 0.239 seconds.
◇ Test "quit ignores inactive prepared history after release runtime replacement" started.
✔ Test "quit ignores inactive prepared history after release runtime replacement" passed after 0.154 seconds.
◇ Test "pause admission closes before a live result settles and replays without relaunch" started.
✔ Test "pause admission closes before a live result settles and replays without relaunch" passed after 0.243 seconds.
◇ Test "durable enqueued state republishes one missing command after a crash window" started.
✔ Test "durable enqueued state republishes one missing command after a crash window" passed after 0.440 seconds.
◇ Test "a moved persistent role host executes its next round in the rebound pane" started.
✔ Test "a moved persistent role host executes its next round in the rebound pane" passed after 0.314 seconds.
◇ Test "settled evidence survives topology rebind job recovery and durable pause" started.
✔ Test "settled evidence survives topology rebind job recovery and durable pause" passed after 0.272 seconds.
◇ Test "replacement runtime rejects each one-field q4 descriptor binding drift" started.
◇ Test case passing 1 argument field → 0 to "replacement runtime rejects each one-field q4 descriptor binding drift" started.
◇ Test case passing 1 argument field → 1 to "replacement runtime rejects each one-field q4 descriptor binding drift" started.
◇ Test case passing 1 argument field → 2 to "replacement runtime rejects each one-field q4 descriptor binding drift" started.
◇ Test case passing 1 argument field → 3 to "replacement runtime rejects each one-field q4 descriptor binding drift" started.
◇ Test case passing 1 argument field → 4 to "replacement runtime rejects each one-field q4 descriptor binding drift" started.
◇ Test case passing 1 argument field → 5 to "replacement runtime rejects each one-field q4 descriptor binding drift" started.
◇ Test case passing 1 argument field → 6 to "replacement runtime rejects each one-field q4 descriptor binding drift" started.
✔ Test "replacement runtime rejects each one-field q4 descriptor binding drift" with 7 test cases passed after 0.002 seconds.
◇ Test "replacement runtime rejects each adjacent q4 digest-role transposition" started.
◇ Test case passing 1 argument leftField → 0 to "replacement runtime rejects each adjacent q4 digest-role transposition" started.
◇ Test case passing 1 argument leftField → 1 to "replacement runtime rejects each adjacent q4 digest-role transposition" started.
◇ Test case passing 1 argument leftField → 2 to "replacement runtime rejects each adjacent q4 digest-role transposition" started.
◇ Test case passing 1 argument leftField → 3 to "replacement runtime rejects each adjacent q4 digest-role transposition" started.
◇ Test case passing 1 argument leftField → 4 to "replacement runtime rejects each adjacent q4 digest-role transposition" started.
◇ Test case passing 1 argument leftField → 5 to "replacement runtime rejects each adjacent q4 digest-role transposition" started.
✔ Test "replacement runtime rejects each adjacent q4 digest-role transposition" with 6 test cases passed after 0.001 seconds.
◇ Test "replacement runtime rejects a coherent q4 rebind after preview" started.
✔ Test "replacement runtime rejects a coherent q4 rebind after preview" passed after 0.001 seconds.
◇ Test "historical rollover preserves prepared or enqueued q4 without provider authority" started.
◇ Test case passing 1 argument restartState → .prepared to "historical rollover preserves prepared or enqueued q4 without provider authority" started.
◇ Test case passing 1 argument restartState → .enqueuedMissingCommand to "historical rollover preserves prepared or enqueued q4 without provider authority" started.
✔ Test "historical rollover preserves prepared or enqueued q4 without provider authority" with 2 test cases passed after 2.341 seconds.
◇ Test "schema eight migration reaches current-runtime lost topology recovery" started.
✔ Test "schema eight migration reaches current-runtime lost topology recovery" passed after 0.264 seconds.
◇ Test "generation rollover resumes after a binding and one-host restart cut" started.
✔ Test "generation rollover resumes after a binding and one-host restart cut" passed after 0.396 seconds.
◇ Test "historical replacement denies one-field q4 backing drift before remote effects" started.
◇ Test case passing 1 argument drift → .q4Configuration to "historical replacement denies one-field q4 backing drift before remote effects" started.
◇ Test case passing 1 argument drift → .q4Prompt to "historical replacement denies one-field q4 backing drift before remote effects" started.
◇ Test case passing 1 argument drift → .q4WorkflowConfiguration to "historical replacement denies one-field q4 backing drift before remote effects" started.
◇ Test case passing 1 argument drift → .priorLaunchConfiguration to "historical replacement denies one-field q4 backing drift before remote effects" started.
◇ Test case passing 1 argument drift → .sourcePrompt to "historical replacement denies one-field q4 backing drift before remote effects" started.
◇ Test case passing 1 argument drift → .sourceWorkflowConfiguration to "historical replacement denies one-field q4 backing drift before remote effects" started.
✔ Test "historical replacement denies one-field q4 backing drift before remote effects" with 6 test cases passed after 2.171 seconds.
◇ Test "historical replacement rejects every authorized q4 digest drift before credentials" started.
◇ Test case passing 1 argument field → 0 to "historical replacement rejects every authorized q4 digest drift before credentials" started.
◇ Test case passing 1 argument field → 1 to "historical replacement rejects every authorized q4 digest drift before credentials" started.
◇ Test case passing 1 argument field → 2 to "historical replacement rejects every authorized q4 digest drift before credentials" started.
◇ Test case passing 1 argument field → 3 to "historical replacement rejects every authorized q4 digest drift before credentials" started.
◇ Test case passing 1 argument field → 4 to "historical replacement rejects every authorized q4 digest drift before credentials" started.
◇ Test case passing 1 argument field → 5 to "historical replacement rejects every authorized q4 digest drift before credentials" started.
◇ Test case passing 1 argument field → 6 to "historical replacement rejects every authorized q4 digest drift before credentials" started.
✔ Test "historical replacement rejects every authorized q4 digest drift before credentials" with 7 test cases passed after 3.228 seconds.
◇ Test "historical post-preview scenarios never authorize replacement effects" started.
◇ Test case passing 1 argument drift → ReplacementPostPreviewDriftCase(name: "socket-vnode", kind: JidokaCodeCoreTests.ReplacementPostPreviewDriftKind.socketVnode, expectedError: JidokaCodeCoreTests.ReplacementMatrixExpectedError.herdr(JidokaCodeCore.HerdrPiWorkflowError.topologyUnavailable)) to "historical post-preview scenarios never authorize replacement effects" started.
◇ Test case passing 1 argument drift → ReplacementPostPreviewDriftCase(name: "peer-processID", kind: JidokaCodeCoreTests.ReplacementPostPreviewDriftKind.peer(JidokaCodeCoreTests.ReplacementConnectedPeerDriftField.processID), expectedError: JidokaCodeCoreTests.ReplacementMatrixExpectedError.herdr(JidokaCodeCore.HerdrPiWorkflowError.recoveryBoundaryReached)) to "historical post-preview scenarios never authorize replacement effects" started.
◇ Test case passing 1 argument drift → ReplacementPostPreviewDriftCase(name: "peer-startSeconds", kind: JidokaCodeCoreTests.ReplacementPostPreviewDriftKind.peer(JidokaCodeCoreTests.ReplacementConnectedPeerDriftField.startSeconds), expectedError: JidokaCodeCoreTests.ReplacementMatrixExpectedError.herdr(JidokaCodeCore.HerdrPiWorkflowError.recoveryBoundaryReached)) to "historical post-preview scenarios never authorize replacement effects" started.
◇ Test case passing 1 argument drift → ReplacementPostPreviewDriftCase(name: "peer-startMicroseconds", kind: JidokaCodeCoreTests.ReplacementPostPreviewDriftKind.peer(JidokaCodeCoreTests.ReplacementConnectedPeerDriftField.startMicroseconds), expectedError: JidokaCodeCoreTests.ReplacementMatrixExpectedError.herdr(JidokaCodeCore.HerdrPiWorkflowError.recoveryBoundaryReached)) to "historical post-preview scenarios never authorize replacement effects" started.
◇ Test case passing 1 argument drift → ReplacementPostPreviewDriftCase(name: "peer-executablePath", kind: JidokaCodeCoreTests.ReplacementPostPreviewDriftKind.peer(JidokaCodeCoreTests.ReplacementConnectedPeerDriftField.executablePath), expectedError: JidokaCodeCoreTests.ReplacementMatrixExpectedError.herdr(JidokaCodeCore.HerdrPiWorkflowError.recoveryBoundaryReached)) to "historical post-preview scenarios never authorize replacement effects" started.
◇ Test case passing 1 argument drift → ReplacementPostPreviewDriftCase(name: "peer-executableDevice", kind: JidokaCodeCoreTests.ReplacementPostPreviewDriftKind.peer(JidokaCodeCoreTests.ReplacementConnectedPeerDriftField.executableDevice), expectedError: JidokaCodeCoreTests.ReplacementMatrixExpectedError.herdr(JidokaCodeCore.HerdrPiWorkflowError.recoveryBoundaryReached)) to "historical post-preview scenarios never authorize replacement effects" started.
◇ Test case passing 1 argument drift → ReplacementPostPreviewDriftCase(name: "peer-executableInode", kind: JidokaCodeCoreTests.ReplacementPostPreviewDriftKind.peer(JidokaCodeCoreTests.ReplacementConnectedPeerDriftField.executableInode), expectedError: JidokaCodeCoreTests.ReplacementMatrixExpectedError.herdr(JidokaCodeCore.HerdrPiWorkflowError.recoveryBoundaryReached)) to "historical post-preview scenarios never authorize replacement effects" started.
◇ Test case passing 1 argument drift → ReplacementPostPreviewDriftCase(name: "peer-executableContent", kind: JidokaCodeCoreTests.ReplacementPostPreviewDriftKind.peer(JidokaCodeCoreTests.ReplacementConnectedPeerDriftField.executableContent), expectedError: JidokaCodeCoreTests.ReplacementMatrixExpectedError.herdr(JidokaCodeCore.HerdrPiWorkflowError.recoveryBoundaryReached)) to "historical post-preview scenarios never authorize replacement effects" started.
◇ Test case passing 1 argument drift → ReplacementPostPreviewDriftCase(name: "peer-codeIdentity", kind: JidokaCodeCoreTests.ReplacementPostPreviewDriftKind.peer(JidokaCodeCoreTests.ReplacementConnectedPeerDriftField.codeIdentity), expectedError: JidokaCodeCoreTests.ReplacementMatrixExpectedError.herdr(JidokaCodeCore.HerdrPiWorkflowError.recoveryBoundaryReached)) to "historical post-preview scenarios never authorize replacement effects" started.
◇ Test case passing 1 argument drift → ReplacementPostPreviewDriftCase(name: "resource-rootIdentity", kind: JidokaCodeCoreTests.ReplacementPostPreviewDriftKind.resource(JidokaCodeCoreTests.ReplacementResourceDrift.rootIdentity), expectedError: JidokaCodeCoreTests.ReplacementMatrixExpectedError.herdr(JidokaCodeCore.HerdrPiWorkflowError.recoveryBoundaryReached)) to "historical post-preview scenarios never authorize replacement effects" started.
◇ Test case passing 1 argument drift → ReplacementPostPreviewDriftCase(name: "resource-inventory", kind: JidokaCodeCoreTests.ReplacementPostPreviewDriftKind.resource(JidokaCodeCoreTests.ReplacementResourceDrift.inventory), expectedError: JidokaCodeCoreTests.ReplacementMatrixExpectedError.herdr(JidokaCodeCore.HerdrPiWorkflowError.recoveryBoundaryReached)) to "historical post-preview scenarios never authorize replacement effects" started.
◇ Test case passing 1 argument drift → ReplacementPostPreviewDriftCase(name: "resource-fileVnode", kind: JidokaCodeCoreTests.ReplacementPostPreviewDriftKind.resource(JidokaCodeCoreTests.ReplacementResourceDrift.fileVnode), expectedError: JidokaCodeCoreTests.ReplacementMatrixExpectedError.herdr(JidokaCodeCore.HerdrPiWorkflowError.recoveryBoundaryReached)) to "historical post-preview scenarios never authorize replacement effects" started.
◇ Test case passing 1 argument drift → ReplacementPostPreviewDriftCase(name: "resource-fileContent", kind: JidokaCodeCoreTests.ReplacementPostPreviewDriftKind.resource(JidokaCodeCoreTests.ReplacementResourceDrift.fileContent), expectedError: JidokaCodeCoreTests.ReplacementMatrixExpectedError.herdr(JidokaCodeCore.HerdrPiWorkflowError.recoveryBoundaryReached)) to "historical post-preview scenarios never authorize replacement effects" started.
◇ Test case passing 1 argument drift → ReplacementPostPreviewDriftCase(name: "mapped-executable-architecture-path", kind: JidokaCodeCoreTests.ReplacementPostPreviewDriftKind.executable(JidokaCodeCore.PiWorkflowRole.architecture, JidokaCodeCoreTests.ReplacementExecutableDriftField.path), expectedError: JidokaCodeCoreTests.ReplacementMatrixExpectedError.herdr(JidokaCodeCore.HerdrPiWorkflowError.recoveryBoundaryReached)) to "historical post-preview scenarios never authorize replacement effects" started.
◇ Test case passing 1 argument drift → ReplacementPostPreviewDriftCase(name: "mapped-executable-architecture-device", kind: JidokaCodeCoreTests.ReplacementPostPreviewDriftKind.executable(JidokaCodeCore.PiWorkflowRole.architecture, JidokaCodeCoreTests.ReplacementExecutableDriftField.device), expectedError: JidokaCodeCoreTests.ReplacementMatrixExpectedError.herdr(JidokaCodeCore.HerdrPiWorkflowError.recoveryBoundaryReached)) to "historical post-preview scenarios never authorize replacement effects" started.
◇ Test case passing 1 argument drift → ReplacementPostPreviewDriftCase(name: "mapped-executable-architecture-inode", kind: JidokaCodeCoreTests.ReplacementPostPreviewDriftKind.executable(JidokaCodeCore.PiWorkflowRole.architecture, JidokaCodeCoreTests.ReplacementExecutableDriftField.inode), expectedError: JidokaCodeCoreTests.ReplacementMatrixExpectedError.herdr(JidokaCodeCore.HerdrPiWorkflowError.recoveryBoundaryReached)) to "historical post-preview scenarios never authorize replacement effects" started.
◇ Test case passing 1 argument drift → ReplacementPostPreviewDriftCase(name: "mapped-executable-architecture-content", kind: JidokaCodeCoreTests.ReplacementPostPreviewDriftKind.executable(JidokaCodeCore.PiWorkflowRole.architecture, JidokaCodeCoreTests.ReplacementExecutableDriftField.content), expectedError: JidokaCodeCoreTests.ReplacementMatrixExpectedError.herdr(JidokaCodeCore.HerdrPiWorkflowError.recoveryBoundaryReached)) to "historical post-preview scenarios never authorize replacement effects" started.
◇ Test case passing 1 argument drift → ReplacementPostPreviewDriftCase(name: "mapped-executable-architecture-codeIdentity", kind: JidokaCodeCoreTests.ReplacementPostPreviewDriftKind.executable(JidokaCodeCore.PiWorkflowRole.architecture, JidokaCodeCoreTests.ReplacementExecutableDriftField.codeIdentity), expectedError: JidokaCodeCoreTests.ReplacementMatrixExpectedError.herdr(JidokaCodeCore.HerdrPiWorkflowError.recoveryBoundaryReached)) to "historical post-preview scenarios never authorize replacement effects" started.
◇ Test case passing 1 argument drift → ReplacementPostPreviewDriftCase(name: "mapped-executable-security-path", kind: JidokaCodeCoreTests.ReplacementPostPreviewDriftKind.executable(JidokaCodeCore.PiWorkflowRole.security, JidokaCodeCoreTests.ReplacementExecutableDriftField.path), expectedError: JidokaCodeCoreTests.ReplacementMatrixExpectedError.herdr(JidokaCodeCore.HerdrPiWorkflowError.recoveryBoundaryReached)) to "historical post-preview scenarios never authorize replacement effects" started.
◇ Test case passing 1 argument drift → ReplacementPostPreviewDriftCase(name: "mapped-executable-security-device", kind: JidokaCodeCoreTests.ReplacementPostPreviewDriftKind.executable(JidokaCodeCore.PiWorkflowRole.security, JidokaCodeCoreTests.ReplacementExecutableDriftField.device), expectedError: JidokaCodeCoreTests.ReplacementMatrixExpectedError.herdr(JidokaCodeCore.HerdrPiWorkflowError.recoveryBoundaryReached)) to "historical post-preview scenarios never authorize replacement effects" started.
◇ Test case passing 1 argument drift → ReplacementPostPreviewDriftCase(name: "mapped-executable-security-inode", kind: JidokaCodeCoreTests.ReplacementPostPreviewDriftKind.executable(JidokaCodeCore.PiWorkflowRole.security, JidokaCodeCoreTests.ReplacementExecutableDriftField.inode), expectedError: JidokaCodeCoreTests.ReplacementMatrixExpectedError.herdr(JidokaCodeCore.HerdrPiWorkflowError.recoveryBoundaryReached)) to "historical post-preview scenarios never authorize replacement effects" started.
◇ Test case passing 1 argument drift → ReplacementPostPreviewDriftCase(name: "mapped-executable-security-content", kind: JidokaCodeCoreTests.ReplacementPostPreviewDriftKind.executable(JidokaCodeCore.PiWorkflowRole.security, JidokaCodeCoreTests.ReplacementExecutableDriftField.content), expectedError: JidokaCodeCoreTests.ReplacementMatrixExpectedError.herdr(JidokaCodeCore.HerdrPiWorkflowError.recoveryBoundaryReached)) to "historical post-preview scenarios never authorize replacement effects" started.
◇ Test case passing 1 argument drift → ReplacementPostPreviewDriftCase(name: "mapped-executable-security-codeIdentity", kind: JidokaCodeCoreTests.ReplacementPostPreviewDriftKind.executable(JidokaCodeCore.PiWorkflowRole.security, JidokaCodeCoreTests.ReplacementExecutableDriftField.codeIdentity), expectedError: JidokaCodeCoreTests.ReplacementMatrixExpectedError.herdr(JidokaCodeCore.HerdrPiWorkflowError.recoveryBoundaryReached)) to "historical post-preview scenarios never authorize replacement effects" started.
◇ Test case passing 1 argument drift → ReplacementPostPreviewDriftCase(name: "mapped-executable-test-path", kind: JidokaCodeCoreTests.ReplacementPostPreviewDriftKind.executable(JidokaCodeCore.PiWorkflowRole.test, JidokaCodeCoreTests.ReplacementExecutableDriftField.path), expectedError: JidokaCodeCoreTests.ReplacementMatrixExpectedError.herdr(JidokaCodeCore.HerdrPiWorkflowError.recoveryBoundaryReached)) to "historical post-preview scenarios never authorize replacement effects" started.
◇ Test case passing 1 argument drift → ReplacementPostPreviewDriftCase(name: "mapped-executable-test-device", kind: JidokaCodeCoreTests.ReplacementPostPreviewDriftKind.executable(JidokaCodeCore.PiWorkflowRole.test, JidokaCodeCoreTests.ReplacementExecutableDriftField.device), expectedError: JidokaCodeCoreTests.ReplacementMatrixExpectedError.herdr(JidokaCodeCore.HerdrPiWorkflowError.recoveryBoundaryReached)) to "historical post-preview scenarios never authorize replacement effects" started.
◇ Test case passing 1 argument drift → ReplacementPostPreviewDriftCase(name: "mapped-executable-test-inode", kind: JidokaCodeCoreTests.ReplacementPostPreviewDriftKind.executable(JidokaCodeCore.PiWorkflowRole.test, JidokaCodeCoreTests.ReplacementExecutableDriftField.inode), expectedError: JidokaCodeCoreTests.ReplacementMatrixExpectedError.herdr(JidokaCodeCore.HerdrPiWorkflowError.recoveryBoundaryReached)) to "historical post-preview scenarios never authorize replacement effects" started.
◇ Test case passing 1 argument drift → ReplacementPostPreviewDriftCase(name: "mapped-executable-test-content", kind: JidokaCodeCoreTests.ReplacementPostPreviewDriftKind.executable(JidokaCodeCore.PiWorkflowRole.test, JidokaCodeCoreTests.ReplacementExecutableDriftField.content), expectedError: JidokaCodeCoreTests.ReplacementMatrixExpectedError.herdr(JidokaCodeCore.HerdrPiWorkflowError.recoveryBoundaryReached)) to "historical post-preview scenarios never authorize replacement effects" started.
◇ Test case passing 1 argument drift → ReplacementPostPreviewDriftCase(name: "mapped-executable-test-codeIdentity", kind: JidokaCodeCoreTests.ReplacementPostPreviewDriftKind.executable(JidokaCodeCore.PiWorkflowRole.test, JidokaCodeCoreTests.ReplacementExecutableDriftField.codeIdentity), expectedError: JidokaCodeCoreTests.ReplacementMatrixExpectedError.herdr(JidokaCodeCore.HerdrPiWorkflowError.recoveryBoundaryReached)) to "historical post-preview scenarios never authorize replacement effects" started.
◇ Test case passing 1 argument drift → ReplacementPostPreviewDriftCase(name: "mapped-executable-synthesis-path", kind: JidokaCodeCoreTests.ReplacementPostPreviewDriftKind.executable(JidokaCodeCore.PiWorkflowRole.synthesis, JidokaCodeCoreTests.ReplacementExecutableDriftField.path), expectedError: JidokaCodeCoreTests.ReplacementMatrixExpectedError.herdr(JidokaCodeCore.HerdrPiWorkflowError.recoveryBoundaryReached)) to "historical post-preview scenarios never authorize replacement effects" started.
◇ Test case passing 1 argument drift → ReplacementPostPreviewDriftCase(name: "mapped-executable-synthesis-device", kind: JidokaCodeCoreTests.ReplacementPostPreviewDriftKind.executable(JidokaCodeCore.PiWorkflowRole.synthesis, JidokaCodeCoreTests.ReplacementExecutableDriftField.device), expectedError: JidokaCodeCoreTests.ReplacementMatrixExpectedError.herdr(JidokaCodeCore.HerdrPiWorkflowError.recoveryBoundaryReached)) to "historical post-preview scenarios never authorize replacement effects" started.
◇ Test case passing 1 argument drift → ReplacementPostPreviewDriftCase(name: "mapped-executable-synthesis-inode", kind: JidokaCodeCoreTests.ReplacementPostPreviewDriftKind.executable(JidokaCodeCore.PiWorkflowRole.synthesis, JidokaCodeCoreTests.ReplacementExecutableDriftField.inode), expectedError: JidokaCodeCoreTests.ReplacementMatrixExpectedError.herdr(JidokaCodeCore.HerdrPiWorkflowError.recoveryBoundaryReached)) to "historical post-preview scenarios never authorize replacement effects" started.
◇ Test case passing 1 argument drift → ReplacementPostPreviewDriftCase(name: "mapped-executable-synthesis-content", kind: JidokaCodeCoreTests.ReplacementPostPreviewDriftKind.executable(JidokaCodeCore.PiWorkflowRole.synthesis, JidokaCodeCoreTests.ReplacementExecutableDriftField.content), expectedError: JidokaCodeCoreTests.ReplacementMatrixExpectedError.herdr(JidokaCodeCore.HerdrPiWorkflowError.recoveryBoundaryReached)) to "historical post-preview scenarios never authorize replacement effects" started.
◇ Test case passing 1 argument drift → ReplacementPostPreviewDriftCase(name: "mapped-executable-synthesis-codeIdentity", kind: JidokaCodeCoreTests.ReplacementPostPreviewDriftKind.executable(JidokaCodeCore.PiWorkflowRole.synthesis, JidokaCodeCoreTests.ReplacementExecutableDriftField.codeIdentity), expectedError: JidokaCodeCoreTests.ReplacementMatrixExpectedError.herdr(JidokaCodeCore.HerdrPiWorkflowError.recoveryBoundaryReached)) to "historical post-preview scenarios never authorize replacement effects" started.
◇ Test case passing 1 argument drift → ReplacementPostPreviewDriftCase(name: "stale-pane-revision", kind: JidokaCodeCoreTests.ReplacementPostPreviewDriftKind.stalePaneRevision, expectedError: JidokaCodeCoreTests.ReplacementMatrixExpectedError.herdr(JidokaCodeCore.HerdrPiWorkflowError.recoveryBoundaryReached)) to "historical post-preview scenarios never authorize replacement effects" started.
◇ Test case passing 1 argument drift → ReplacementPostPreviewDriftCase(name: "stale-pane-token-presence", kind: JidokaCodeCoreTests.ReplacementPostPreviewDriftKind.stalePaneTokenPresence, expectedError: JidokaCodeCoreTests.ReplacementMatrixExpectedError.herdr(JidokaCodeCore.HerdrPiWorkflowError.recoveryBoundaryReached)) to "historical post-preview scenarios never authorize replacement effects" started.
◇ Test case passing 1 argument drift → ReplacementPostPreviewDriftCase(name: "stale-pane-token-digest", kind: JidokaCodeCoreTests.ReplacementPostPreviewDriftKind.stalePaneTokenDigest, expectedError: JidokaCodeCoreTests.ReplacementMatrixExpectedError.herdr(JidokaCodeCore.HerdrPiWorkflowError.recoveryBoundaryReached)) to "historical post-preview scenarios never authorize replacement effects" started.
◇ Test case passing 1 argument drift → ReplacementPostPreviewDriftCase(name: "q4-descriptor", kind: JidokaCodeCoreTests.ReplacementPostPreviewDriftKind.q4Descriptor, expectedError: JidokaCodeCoreTests.ReplacementMatrixExpectedError.herdr(JidokaCodeCore.HerdrPiWorkflowError.resultDivergent)) to "historical post-preview scenarios never authorize replacement effects" started.
◇ Test case passing 1 argument drift → ReplacementPostPreviewDriftCase(name: "q4-backing-q4Configuration", kind: JidokaCodeCoreTests.ReplacementPostPreviewDriftKind.q4Backing(JidokaCodeCoreTests.ReplacementQ4BackingDrift.q4Configuration), expectedError: JidokaCodeCoreTests.ReplacementMatrixExpectedError.tui(JidokaCodeCore.PiTUIRuntimeError.unsafePath)) to "historical post-preview scenarios never authorize replacement effects" started.
◇ Test case passing 1 argument drift → ReplacementPostPreviewDriftCase(name: "q4-backing-q4Prompt", kind: JidokaCodeCoreTests.ReplacementPostPreviewDriftKind.q4Backing(JidokaCodeCoreTests.ReplacementQ4BackingDrift.q4Prompt), expectedError: JidokaCodeCoreTests.ReplacementMatrixExpectedError.tui(JidokaCodeCore.PiTUIRuntimeError.unsafePath)) to "historical post-preview scenarios never authorize replacement effects" started.
◇ Test case passing 1 argument drift → ReplacementPostPreviewDriftCase(name: "q4-backing-q4WorkflowConfiguration", kind: JidokaCodeCoreTests.ReplacementPostPreviewDriftKind.q4Backing(JidokaCodeCoreTests.ReplacementQ4BackingDrift.q4WorkflowConfiguration), expectedError: JidokaCodeCoreTests.ReplacementMatrixExpectedError.tui(JidokaCodeCore.PiTUIRuntimeError.unsafePath)) to "historical post-preview scenarios never authorize replacement effects" started.
◇ Test case passing 1 argument drift → ReplacementPostPreviewDriftCase(name: "q4-backing-priorLaunchConfiguration", kind: JidokaCodeCoreTests.ReplacementPostPreviewDriftKind.q4Backing(JidokaCodeCoreTests.ReplacementQ4BackingDrift.priorLaunchConfiguration), expectedError: JidokaCodeCoreTests.ReplacementMatrixExpectedError.herdr(JidokaCodeCore.HerdrPiWorkflowError.resultDivergent)) to "historical post-preview scenarios never authorize replacement effects" started.
◇ Test case passing 1 argument drift → ReplacementPostPreviewDriftCase(name: "q4-backing-sourcePrompt", kind: JidokaCodeCoreTests.ReplacementPostPreviewDriftKind.q4Backing(JidokaCodeCoreTests.ReplacementQ4BackingDrift.sourcePrompt), expectedError: JidokaCodeCoreTests.ReplacementMatrixExpectedError.herdr(JidokaCodeCore.HerdrPiWorkflowError.resultDivergent)) to "historical post-preview scenarios never authorize replacement effects" started.
◇ Test case passing 1 argument drift → ReplacementPostPreviewDriftCase(name: "q4-backing-sourceWorkflowConfiguration", kind: JidokaCodeCoreTests.ReplacementPostPreviewDriftKind.q4Backing(JidokaCodeCoreTests.ReplacementQ4BackingDrift.sourceWorkflowConfiguration), expectedError: JidokaCodeCoreTests.ReplacementMatrixExpectedError.herdr(JidokaCodeCore.HerdrPiWorkflowError.resultDivergent)) to "historical post-preview scenarios never authorize replacement effects" started.
◇ Test case passing 1 argument drift → ReplacementPostPreviewDriftCase(name: "credential-sourceContent", kind: JidokaCodeCoreTests.ReplacementPostPreviewDriftKind.credential(JidokaCodeCoreTests.ReplacementCredentialDrift.sourceContent), expectedError: JidokaCodeCoreTests.ReplacementMatrixExpectedError.herdr(JidokaCodeCore.HerdrPiWorkflowError.recoveryBoundaryReached)) to "historical post-preview scenarios never authorize replacement effects" started.
◇ Test case passing 1 argument drift → ReplacementPostPreviewDriftCase(name: "credential-sourceAccount", kind: JidokaCodeCoreTests.ReplacementPostPreviewDriftKind.credential(JidokaCodeCoreTests.ReplacementCredentialDrift.sourceAccount), expectedError: JidokaCodeCoreTests.ReplacementMatrixExpectedError.herdr(JidokaCodeCore.HerdrPiWorkflowError.recoveryBoundaryReached)) to "historical post-preview scenarios never authorize replacement effects" started.
◇ Test case passing 1 argument drift → ReplacementPostPreviewDriftCase(name: "credential-installedProjection", kind: JidokaCodeCoreTests.ReplacementPostPreviewDriftKind.credential(JidokaCodeCoreTests.ReplacementCredentialDrift.installedProjection), expectedError: JidokaCodeCoreTests.ReplacementMatrixExpectedError.tui(JidokaCodeCore.PiTUIRuntimeError.identityMismatch)) to "historical post-preview scenarios never authorize replacement effects" started.
◇ Test case passing 1 argument drift → ReplacementPostPreviewDriftCase(name: "paused-state", kind: JidokaCodeCoreTests.ReplacementPostPreviewDriftKind.pausedState, expectedError: JidokaCodeCoreTests.ReplacementMatrixExpectedError.runStore(JidokaCodeCore.PiRunStoreError.invalidTransition)) to "historical post-preview scenarios never authorize replacement effects" started.
◇ Test case passing 1 argument drift → ReplacementPostPreviewDriftCase(name: "active-canary", kind: JidokaCodeCoreTests.ReplacementPostPreviewDriftKind.activeCanary, expectedError: JidokaCodeCoreTests.ReplacementMatrixExpectedError.runStore(JidokaCodeCore.PiRunStoreError.invalidTransition)) to "historical post-preview scenarios never authorize replacement effects" started.
◇ Test case passing 1 argument drift → ReplacementPostPreviewDriftCase(name: "active-lease", kind: JidokaCodeCoreTests.ReplacementPostPreviewDriftKind.activeLease, expectedError: JidokaCodeCoreTests.ReplacementMatrixExpectedError.runStore(JidokaCodeCore.PiRunStoreError.invalidTransition)) to "historical post-preview scenarios never authorize replacement effects" started.
◇ Test case passing 1 argument drift → ReplacementPostPreviewDriftCase(name: "replacement-evidence", kind: JidokaCodeCoreTests.ReplacementPostPreviewDriftKind.replacementEvidence, expectedError: JidokaCodeCoreTests.ReplacementMatrixExpectedError.herdr(JidokaCodeCore.HerdrPiWorkflowError.recoveryBoundaryReached)) to "historical post-preview scenarios never authorize replacement effects" started.
◇ Test case passing 1 argument drift → ReplacementPostPreviewDriftCase(name: "replacement-q4-authorization", kind: JidokaCodeCoreTests.ReplacementPostPreviewDriftKind.replacementQ4Authorization, expectedError: JidokaCodeCoreTests.ReplacementMatrixExpectedError.herdr(JidokaCodeCore.HerdrPiWorkflowError.recoveryBoundaryReached)) to "historical post-preview scenarios never authorize replacement effects" started.
✔ Test "historical post-preview scenarios never authorize replacement effects" with 51 test cases passed after 21.142 seconds.
◇ Test "historical replacement preview never grants a launch, including after reopen" started.
✔ Test "historical replacement preview never grants a launch, including after reopen" passed after 0.523 seconds.
◇ Test "production reload keeps paused replacement recovery dispatch closed" started.
✘ Test "production reload keeps paused replacement recovery dispatch closed" recorded an issue at HerdrPiWorkflowRuntimeTests.swift:2276:4: Caught error: .canaryRecoveryRequired
✘ Test "production reload keeps paused replacement recovery dispatch closed" failed after 0.268 seconds with 1 issue.
◇ Test "exact paused canary startup leaves every unrelated durable row unchanged" started.
✔ Test "exact paused canary startup leaves every unrelated durable row unchanged" passed after 0.074 seconds.
◇ Test "production reload skips startup execution while paused" started.
✔ Test "production reload skips startup execution while paused" passed after 0.039 seconds.
✘ Suite "Production Herdr Pi workflow runtime" failed after 43.550 seconds with 1 issue.
✘ Test run with 42 tests in 3 suites failed after 43.551 seconds with 2 issues.

Exit status: 1
UTC end: 2026-09-05T14:34:25Z
