UTC start: 2026-09-05T15:44:04Z
Command: xcrun swift test --filter productionReloadPreservesPausedReplacement\|ProductionRolloutOperatorTests\|HistoricalCanaryEffectDenialTests\|RolloutCLITests\|rolloutPreviewInputGate\|launchDenialPreservesAcceptedResult\|existingDispositionRefusesAnotherExactJob\|SQLiteStoreTests
Building for debugging...
[0/25] Write sources
[3/25] Write swift-version--58304C5D6DBC2206.txt
[5/31] Compiling JidokaCodeCore GitTransport.swift
[6/31] Compiling JidokaCodeCore DatabaseSchema.swift
[7/31] Compiling JidokaCodeCore DurableJobStore.swift
[8/35] Compiling JidokaCodeCore RolloutAuthorityStore.swift
[9/35] Compiling JidokaCodeCore RolloutEffectAuthorityStore.swift
[10/35] Emitting module JidokaCodeCore
[11/35] Compiling JidokaCodeCore SQLiteStore.swift
[12/35] Compiling JidokaCodeCore JobCoordinator.swift
[13/35] Compiling JidokaCodeCore ProductionEngineJobRuntime.swift
[14/35] Compiling JidokaCodeCore JobCanary.swift
[14/46] Write Objects.LinkFileList
[21/47] Emitting module JidokaCodeTestSupport
[22/47] Emitting module JidokaCodeHerdrFixture
[22/47] Write Objects.LinkFileList
[24/47] Emitting module JidokaCodeEngineProbe
[24/47] Write Objects.LinkFileList
[26/61] Emitting module JidokaCodeAppSupport
[27/66] Emitting module JidokaCodeUIFixture
[27/66] Write Objects.LinkFileList
[28/66] Linking JidokaCodeAskPass
[29/66] Linking JidokaCodeHerdrFixture
[29/66] Linking JidokaCodeBoundedCommand
[29/66] Linking JidokaCodeLocationProbeApp
[29/66] Linking JidokaCodePushGuard
[30/66] Linking JidokaCodeHerdrHost
[30/66] Linking JidokaCodeLocationProbeEngine
[36/66] Emitting module JidokaCodeApp
[36/67] Write Objects.LinkFileList
[37/67] Applying JidokaCodeHerdrFixture
[38/67] Applying JidokaCodeBoundedCommand
[39/67] Applying JidokaCodeAskPass
[40/67] Applying JidokaCodePushGuard
[41/67] Applying JidokaCodeHerdrHost
[42/67] Applying JidokaCodeLocationProbeEngine
[43/67] Applying JidokaCodeLocationProbeApp
[44/67] Linking JidokaCodeEngineProbe
[45/67] Applying JidokaCodeEngineProbe
[46/67] Linking JidokaCodeUIFixture
[47/67] Applying JidokaCodeUIFixture
[48/67] Linking JidokaCodeApp
[49/67] Applying JidokaCodeApp
[51/68] Emitting module JidokaCodeAppTests
[52/68] Compiling JidokaCodeAppSupportTests ViewModelFlowTests.swift
[53/68] Emitting module JidokaCodeAppSupportTests
[54/69] Compiling JidokaCodeCoreTests ApprovedCommandRunStoreTests.swift
[55/69] Compiling JidokaCodeCoreTests RolloutAuthorityStoreTests.swift
/private/tmp/jidoka-code-progressive-production-automation/Tests/JidokaCodeCoreTests/RolloutAuthorityStoreTests.swift:25:49: error: incorrect argument label in call (have 'identity:', expected 'for:')
  23 |       return
  24 |     }
  25 |     let disposition = try await jobs.disposition(identity: identity)
     |                                                 `- error: incorrect argument label in call (have 'identity:', expected 'for:')
  26 |     let input = try await fixture.previewInput()
  27 |     let preview = try await fixture.authority.preview(input: input)

/private/tmp/jidoka-code-progressive-production-automation/Tests/JidokaCodeCoreTests/RolloutAuthorityStoreTests.swift:35:39: error: incorrect argument label in call (have 'identity:', expected 'for:')
  33 |       )
  34 |     }
  35 |     #expect(try await jobs.disposition(identity: identity) == disposition)
     |                                       `- error: incorrect argument label in call (have 'identity:', expected 'for:')
  36 |     #expect(try await jobs.job(id: priorJob.id) == priorJob)
  37 |     #expect(try await jobs.job(id: fixture.jobID) == nil)
[56/69] Compiling JidokaCodeCoreTests IssueImplementationJobWorkflowTests.swift
[57/69] Compiling JidokaCodeCoreTests DurableJobStoreTests.swift
[58/69] Compiling JidokaCodeCoreTests HerdrPiWorkflowRuntimeTests.swift
/private/tmp/jidoka-code-progressive-production-automation/Tests/JidokaCodeCoreTests/HerdrPiWorkflowRuntimeTests.swift:5178:9: warning: initialization of immutable value 'run' was never used; consider replacing with assignment to '_' or removing it [#no-usage]
5176 |         "SELECT paused FROM app_settings WHERE singleton = 1"
5177 |       ) ?? 0
5178 |     let run = try await withDurableResumeDenialLifted { () async throws -> PiRunRecord in
     |         `- warning: initialization of immutable value 'run' was never used; consider replacing with assignment to '_' or removing it [#no-usage]
5179 |       _ = try await database.execute(
5180 |         "UPDATE app_settings SET paused = 0 WHERE singleton = 1"
[59/69] Compiling JidokaCodeCoreTests ConfigurationStoreTests.swift
[60/113] Compiling JidokaCodeCoreTests SQLiteStoreTests.swift
[61/113] Compiling JidokaCodeCoreTests RepositoryStoreTests.swift
[62/113] Compiling JidokaCodeCoreTests RolloutLeaseAuthorityTests.swift
[63/113] Compiling JidokaCodeCoreTests RolloutRemotePreviewRevalidatorTests.swift
[64/113] Compiling JidokaCodeCoreTests JobCoordinatorTests.swift
[65/113] Compiling JidokaCodeCoreTests PullRequestReviewJobWorkflowTests.swift
[66/113] Emitting module JidokaCodeCoreTests
[67/113] Compiling JidokaCodeCoreTests PiRunStoreTests.swift
[68/145] Compiling JidokaCodeCoreTests JobStateMachineTests.swift
[69/145] Compiling JidokaCodeCoreTests KeychainProbeTests.swift
[70/145] Compiling JidokaCodeCoreTests LifecycleProbeTests.swift
[71/145] Compiling JidokaCodeCoreTests LocalSpikeContractTests.swift
[72/145] Compiling JidokaCodeCoreTests GitPushGuardTests.swift
[73/145] Compiling JidokaCodeCoreTests GitRolloutPreviewTests.swift
[74/145] Compiling JidokaCodeCoreTests GitTestSupport.swift
[75/145] Compiling JidokaCodeCoreTests HerdrFakeSocket.swift
[76/145] Compiling JidokaCodeCoreTests GitHubMutationExecutorTests.swift
/private/tmp/jidoka-code-progressive-production-automation/Tests/JidokaCodeCoreTests/GitHubTokenStoreTests.swift:446:7: warning: 'SecTrustedApplicationCreateFromPath' was deprecated in macOS 10.10: SecKeychain is deprecated [#DeprecatedDeclaration]
444 |     var application: SecTrustedApplication?
445 |     let status = path.withCString {
446 |       SecTrustedApplicationCreateFromPath($0, &application)
    |       `- warning: 'SecTrustedApplicationCreateFromPath' was deprecated in macOS 10.10: SecKeychain is deprecated [#DeprecatedDeclaration]
447 |     }
448 |     guard status == errSecSuccess, let application else {

/private/tmp/jidoka-code-progressive-production-automation/Tests/JidokaCodeCoreTests/GitHubTokenStoreTests.swift:454:16: warning: 'SecAccessCreate' was deprecated in macOS 10.10: SecKeychain is deprecated [#DeprecatedDeclaration]
452 |   }
453 |   var access: SecAccess?
454 |   let status = SecAccessCreate(
    |                `- warning: 'SecAccessCreate' was deprecated in macOS 10.10: SecKeychain is deprecated [#DeprecatedDeclaration]
455 |     descriptor as CFString,
456 |     trustedApplications as CFArray,

[#DeprecatedDeclaration]: <https://docs.swift.org/compiler/documentation/diagnostics/deprecated-declaration>
[77/145] Compiling JidokaCodeCoreTests GitHubMutationObservationsTests.swift
/private/tmp/jidoka-code-progressive-production-automation/Tests/JidokaCodeCoreTests/GitHubTokenStoreTests.swift:446:7: warning: 'SecTrustedApplicationCreateFromPath' was deprecated in macOS 10.10: SecKeychain is deprecated [#DeprecatedDeclaration]
444 |     var application: SecTrustedApplication?
445 |     let status = path.withCString {
446 |       SecTrustedApplicationCreateFromPath($0, &application)
    |       `- warning: 'SecTrustedApplicationCreateFromPath' was deprecated in macOS 10.10: SecKeychain is deprecated [#DeprecatedDeclaration]
447 |     }
448 |     guard status == errSecSuccess, let application else {

/private/tmp/jidoka-code-progressive-production-automation/Tests/JidokaCodeCoreTests/GitHubTokenStoreTests.swift:454:16: warning: 'SecAccessCreate' was deprecated in macOS 10.10: SecKeychain is deprecated [#DeprecatedDeclaration]
452 |   }
453 |   var access: SecAccess?
454 |   let status = SecAccessCreate(
    |                `- warning: 'SecAccessCreate' was deprecated in macOS 10.10: SecKeychain is deprecated [#DeprecatedDeclaration]
455 |     descriptor as CFString,
456 |     trustedApplications as CFArray,

[#DeprecatedDeclaration]: <https://docs.swift.org/compiler/documentation/diagnostics/deprecated-declaration>
[78/145] Compiling JidokaCodeCoreTests GitHubPullRequestPublisherTests.swift
/private/tmp/jidoka-code-progressive-production-automation/Tests/JidokaCodeCoreTests/GitHubTokenStoreTests.swift:446:7: warning: 'SecTrustedApplicationCreateFromPath' was deprecated in macOS 10.10: SecKeychain is deprecated [#DeprecatedDeclaration]
444 |     var application: SecTrustedApplication?
445 |     let status = path.withCString {
446 |       SecTrustedApplicationCreateFromPath($0, &application)
    |       `- warning: 'SecTrustedApplicationCreateFromPath' was deprecated in macOS 10.10: SecKeychain is deprecated [#DeprecatedDeclaration]
447 |     }
448 |     guard status == errSecSuccess, let application else {

/private/tmp/jidoka-code-progressive-production-automation/Tests/JidokaCodeCoreTests/GitHubTokenStoreTests.swift:454:16: warning: 'SecAccessCreate' was deprecated in macOS 10.10: SecKeychain is deprecated [#DeprecatedDeclaration]
452 |   }
453 |   var access: SecAccess?
454 |   let status = SecAccessCreate(
    |                `- warning: 'SecAccessCreate' was deprecated in macOS 10.10: SecKeychain is deprecated [#DeprecatedDeclaration]
455 |     descriptor as CFString,
456 |     trustedApplications as CFArray,

[#DeprecatedDeclaration]: <https://docs.swift.org/compiler/documentation/diagnostics/deprecated-declaration>
[79/145] Compiling JidokaCodeCoreTests GitHubRequestTests.swift
/private/tmp/jidoka-code-progressive-production-automation/Tests/JidokaCodeCoreTests/GitHubTokenStoreTests.swift:446:7: warning: 'SecTrustedApplicationCreateFromPath' was deprecated in macOS 10.10: SecKeychain is deprecated [#DeprecatedDeclaration]
444 |     var application: SecTrustedApplication?
445 |     let status = path.withCString {
446 |       SecTrustedApplicationCreateFromPath($0, &application)
    |       `- warning: 'SecTrustedApplicationCreateFromPath' was deprecated in macOS 10.10: SecKeychain is deprecated [#DeprecatedDeclaration]
447 |     }
448 |     guard status == errSecSuccess, let application else {

/private/tmp/jidoka-code-progressive-production-automation/Tests/JidokaCodeCoreTests/GitHubTokenStoreTests.swift:454:16: warning: 'SecAccessCreate' was deprecated in macOS 10.10: SecKeychain is deprecated [#DeprecatedDeclaration]
452 |   }
453 |   var access: SecAccess?
454 |   let status = SecAccessCreate(
    |                `- warning: 'SecAccessCreate' was deprecated in macOS 10.10: SecKeychain is deprecated [#DeprecatedDeclaration]
455 |     descriptor as CFString,
456 |     trustedApplications as CFArray,

[#DeprecatedDeclaration]: <https://docs.swift.org/compiler/documentation/diagnostics/deprecated-declaration>
[80/145] Compiling JidokaCodeCoreTests GitHubTokenStoreTests.swift
/private/tmp/jidoka-code-progressive-production-automation/Tests/JidokaCodeCoreTests/GitHubTokenStoreTests.swift:446:7: warning: 'SecTrustedApplicationCreateFromPath' was deprecated in macOS 10.10: SecKeychain is deprecated [#DeprecatedDeclaration]
444 |     var application: SecTrustedApplication?
445 |     let status = path.withCString {
446 |       SecTrustedApplicationCreateFromPath($0, &application)
    |       `- warning: 'SecTrustedApplicationCreateFromPath' was deprecated in macOS 10.10: SecKeychain is deprecated [#DeprecatedDeclaration]
447 |     }
448 |     guard status == errSecSuccess, let application else {

/private/tmp/jidoka-code-progressive-production-automation/Tests/JidokaCodeCoreTests/GitHubTokenStoreTests.swift:454:16: warning: 'SecAccessCreate' was deprecated in macOS 10.10: SecKeychain is deprecated [#DeprecatedDeclaration]
452 |   }
453 |   var access: SecAccess?
454 |   let status = SecAccessCreate(
    |                `- warning: 'SecAccessCreate' was deprecated in macOS 10.10: SecKeychain is deprecated [#DeprecatedDeclaration]
455 |     descriptor as CFString,
456 |     trustedApplications as CFArray,

[#DeprecatedDeclaration]: <https://docs.swift.org/compiler/documentation/diagnostics/deprecated-declaration>
[81/145] Compiling JidokaCodeCoreTests HerdrTopologyTests.swift
[82/145] Compiling JidokaCodeCoreTests HistoricalCanaryEffectDenialTests.swift
[83/145] Compiling JidokaCodeCoreTests IssueRevisionTests.swift
[84/145] Compiling JidokaCodeCoreTests IssueTriageJobWorkflowTests.swift
[85/145] Compiling JidokaCodeCoreTests PackagedPreflightTests.swift
[86/145] Compiling JidokaCodeCoreTests PackagedResourceSnapshotTests.swift
[87/145] Compiling JidokaCodeCoreTests PiIssueImplementationOrchestratorTests.swift
[88/145] Compiling JidokaCodeCoreTests PiJobWorkflowPreparerTests.swift
[89/145] Compiling JidokaCodeCoreTests SingleInstanceLockTests.swift
[90/145] Compiling JidokaCodeCoreTests SubmoduleManagerTests.swift
[91/145] Compiling JidokaCodeCoreTests VerificationCommandRunnerTests.swift
[92/145] Compiling JidokaCodeCoreTests WorkflowProbeContractTests.swift
[93/145] Compiling JidokaCodeCoreTests PiModelCatalogDiscoveryTests.swift
[94/145] Compiling JidokaCodeCoreTests PiModelCatalogTests.swift
[95/145] Compiling JidokaCodeCoreTests PiProbeContractTests.swift
[96/145] Compiling JidokaCodeCoreTests PiProviderCredentialSnapshotTests.swift
[97/145] Compiling JidokaCodeCoreTests WorkspaceApprovedCommandExecutorTests.swift
[98/145] Compiling JidokaCodeCoreTests WorkspaceImporterTests.swift
[99/145] Compiling JidokaCodeCoreTests XCTestSmokeTests.swift
[100/145] Compiling JidokaCodeCoreTests resource_bundle_accessor.swift
[101/145] Compiling JidokaCodeCoreTests ArtifactStoreTests.swift
[102/145] Compiling JidokaCodeCoreTests ComplexityClassifierTests.swift
[103/145] Compiling JidokaCodeCoreTests DurableApprovedCommandExecutorTests.swift
[104/145] Compiling JidokaCodeCoreTests DurableSchedulerTests.swift
[105/145] Compiling JidokaCodeCoreTests EngineProtocolTests.swift
[106/145] Compiling JidokaCodeCoreTests LocationProbeProtocolTests.swift
[107/145] Compiling JidokaCodeCoreTests MutationReconcilerTests.swift
[108/145] Compiling JidokaCodeCoreTests PackagedExecutableSnapshotTests.swift
[109/145] Compiling JidokaCodeCoreTests PackagedPiResourceSnapshotTests.swift
[110/145] Compiling JidokaCodeCoreTests PiRPCProcessTests.swift
[111/145] Compiling JidokaCodeCoreTests PiRPCProtocolTests.swift
[112/145] Compiling JidokaCodeCoreTests PiRPCWorkflowExecutorTests.swift
[113/145] Compiling JidokaCodeCoreTests PiRuntimeResolverTests.swift
[114/145] Compiling JidokaCodeCoreTests ProcessIdentityFixtureRecord.swift
[115/145] Compiling JidokaCodeCoreTests ProductionEngineExternalServicesTests.swift
[116/145] Compiling JidokaCodeCoreTests ProductionHerdrCompositionTests.swift
[117/145] Compiling JidokaCodeCoreTests ProductionModelCatalogIntegrationTests.swift
[118/145] Compiling JidokaCodeCoreTests PullRequestCommitDeriverTests.swift
[119/145] Compiling JidokaCodeCoreTests RepositoryStoreFaultTests.swift
[120/145] Compiling JidokaCodeCoreTests RolloutEffectAuthorityTestSupport.swift
[121/145] Compiling JidokaCodeCoreTests RolloutReleaseIdentityAttestorTests.swift
[122/145] Compiling JidokaCodeCoreTests PiTUIRuntimeTests.swift
[123/145] Compiling JidokaCodeCoreTests PiWorkflowReplayTests.swift
[124/145] Compiling JidokaCodeCoreTests PiWorkflowResourceTests.swift
[125/145] Compiling JidokaCodeCoreTests PiWorkflowRouterTests.swift
[126/145] Compiling JidokaCodeCoreTests EngineRedactedLogTests.swift
[127/145] Compiling JidokaCodeCoreTests EngineServiceTests.swift
[128/145] Compiling JidokaCodeCoreTests EngineXPCPeerValidatorTests.swift
[129/145] Compiling JidokaCodeCoreTests FrozenCommandPlanCodecTests.swift
[130/145] Compiling JidokaCodeCoreTests GitAskPassTests.swift
[131/145] Compiling JidokaCodeCoreTests GitHubDiscoveryTests.swift
[132/145] Compiling JidokaCodeCoreTests GitHubHTTPTests.swift
[133/145] Compiling JidokaCodeCoreTests GitHubJobMutationObservationReaderTests.swift
[134/145] Compiling JidokaCodeCoreTests GitHubMarkerPublisherTests.swift
[135/145] Compiling JidokaCodeCoreTests GitHubMarkerTests.swift
[136/145] Compiling JidokaCodeCoreTests HerdrHostRuntimeTests.swift
[137/145] Compiling JidokaCodeCoreTests HerdrProtocolTests.swift
[138/145] Compiling JidokaCodeCoreTests HerdrRoleHostRuntimeTests.swift
[139/145] Compiling JidokaCodeCoreTests HerdrRuntimeReadinessTests.swift
[140/145] Compiling JidokaCodeCoreTests GitHubWorkflowLabelBootstrapperTests.swift
[141/145] Compiling JidokaCodeCoreTests GitHubWorkflowLabelMutatorTests.swift
[142/145] Compiling JidokaCodeCoreTests GitProcessTests.swift
[143/145] Compiling JidokaCodeCoreTests GitPublicationTests.swift
error: fatalError

Exit status: 1
UTC end: 2026-09-05T15:44:22Z
