UTC start: 2026-09-05T08:33:50Z
Command: xcrun swift test --package-path build/round5/review-export.Dr3els --jobs 2 --filter RolloutLeaseAuthorityTests\|RolloutRemotePreviewRevalidatorTests
[0/1] Planning build
Building for debugging...
[0/23] Write sources
[1/23] Write swift-version--58304C5D6DBC2206.txt
[3/25] Emitting module JidokaCodeCore
[4/25] Compiling JidokaCodeCore DatabaseSchema.swift
[5/26] Compiling JidokaCodeCore SQLiteStore.swift
[5/39] Write Objects.LinkFileList
[6/39] Linking JidokaCodePushGuard
[7/39] Applying JidokaCodePushGuard
[8/40] Write Objects.LinkFileList
[10/40] Linking JidokaCodeUIFixture
[11/40] Linking JidokaCodeLocationProbeEngine
[12/40] Applying JidokaCodeUIFixture
[13/40] Applying JidokaCodeLocationProbeEngine
[14/40] Write Objects.LinkFileList
[16/40] Linking JidokaCodeLocationProbeApp
[17/40] Linking JidokaCodeHerdrHost
[18/40] Applying JidokaCodeLocationProbeApp
[19/40] Applying JidokaCodeHerdrHost
[20/40] Write Objects.LinkFileList
[22/40] Linking JidokaCodeHerdrFixture
[23/40] Linking JidokaCodeEngineProbe
[24/40] Applying JidokaCodeHerdrFixture
[25/40] Applying JidokaCodeEngineProbe
[26/40] Write Objects.LinkFileList
[28/40] Linking JidokaCodeBoundedCommand
[29/40] Linking JidokaCodeAskPass
[30/40] Applying JidokaCodeBoundedCommand
[31/40] Applying JidokaCodeAskPass
[32/40] Write Objects.LinkFileList
[33/40] Linking JidokaCodeApp
[34/41] Applying JidokaCodeApp
[36/41] Emitting module JidokaCodeCoreTests
[37/41] Compiling JidokaCodeCoreTests ConfigurationStoreTests.swift
/private/tmp/jidoka-code-progressive-production-automation/build/round5/review-export.Dr3els/Tests/JidokaCodeCoreTests/HerdrPiWorkflowRuntimeTests.swift:7119:9: warning: initialization of immutable value 'run' was never used; consider replacing with assignment to '_' or removing it [#no-usage]
7117 |         "SELECT paused FROM app_settings WHERE singleton = 1"
7118 |       ) ?? 0
7119 |     let run = try await withDurableResumeDenialLifted { () async throws -> PiRunRecord in
     |         `- warning: initialization of immutable value 'run' was never used; consider replacing with assignment to '_' or removing it [#no-usage]
7120 |       _ = try await database.execute(
7121 |         "UPDATE app_settings SET paused = 0 WHERE singleton = 1"
[38/41] Compiling JidokaCodeCoreTests DurableJobStoreTests.swift
/private/tmp/jidoka-code-progressive-production-automation/build/round5/review-export.Dr3els/Tests/JidokaCodeCoreTests/HerdrPiWorkflowRuntimeTests.swift:7119:9: warning: initialization of immutable value 'run' was never used; consider replacing with assignment to '_' or removing it [#no-usage]
7117 |         "SELECT paused FROM app_settings WHERE singleton = 1"
7118 |       ) ?? 0
7119 |     let run = try await withDurableResumeDenialLifted { () async throws -> PiRunRecord in
     |         `- warning: initialization of immutable value 'run' was never used; consider replacing with assignment to '_' or removing it [#no-usage]
7120 |       _ = try await database.execute(
7121 |         "UPDATE app_settings SET paused = 0 WHERE singleton = 1"
[39/41] Compiling JidokaCodeCoreTests HerdrPiWorkflowRuntimeTests.swift
/private/tmp/jidoka-code-progressive-production-automation/build/round5/review-export.Dr3els/Tests/JidokaCodeCoreTests/HerdrPiWorkflowRuntimeTests.swift:7119:9: warning: initialization of immutable value 'run' was never used; consider replacing with assignment to '_' or removing it [#no-usage]
7117 |         "SELECT paused FROM app_settings WHERE singleton = 1"
7118 |       ) ?? 0
7119 |     let run = try await withDurableResumeDenialLifted { () async throws -> PiRunRecord in
     |         `- warning: initialization of immutable value 'run' was never used; consider replacing with assignment to '_' or removing it [#no-usage]
7120 |       _ = try await database.execute(
7121 |         "UPDATE app_settings SET paused = 0 WHERE singleton = 1"
[40/44] Compiling JidokaCodeCoreTests PiRunStoreTests.swift
[41/44] Compiling JidokaCodeCoreTests RolloutLeaseAuthorityTests.swift
[42/44] Compiling JidokaCodeCoreTests SQLiteStoreTests.swift
[42/44] Write Objects.LinkFileList
[43/44] Linking JidokaCodePackageTests
Build complete! (16.13s)
Test Suite 'Selected tests' started at 2026-09-05 10:34:07.409.
Test Suite 'JidokaCodePackageTests.xctest' started at 2026-09-05 10:34:07.410.
Test Suite 'JidokaCodePackageTests.xctest' passed at 2026-09-05 10:34:07.410.
	 Executed 0 tests, with 0 failures (0 unexpected) in 0.000 (0.000) seconds
Test Suite 'Selected tests' passed at 2026-09-05 10:34:07.410.
	 Executed 0 tests, with 0 failures (0 unexpected) in 0.000 (0.001) seconds
◇ Test run started.
↳ Testing Library Version: 1902
↳ Target Platform: arm64e-apple-macos14.0
◇ Suite "Rollout remote preview revalidation" started.
◇ Suite "Repository lease rollout authority" started.
◇ Test "the builder refuses a non-positive object number, so discovery never sees one" started.
◇ Test "the builder refuses a missing job binding, so no preview carries one" started.
◇ Test "a transport failure during revalidation is drift, never a pass" started.
◇ Test "a review-stage preview cannot be built with missing labels at all" started.
◇ Test "a preview whose canonical bytes no longer round-trip is rejected" started.
◇ Test "the builder refuses a finite window at the exact-only stages" started.
◇ Test "issue identity and default-branch reference drift are rejected" started.
◇ Test "exact PR preview rejects every independently drifted remote binding" started.
◇ Test "exact triage preview binds issue, labels, and default-branch base" started.
◇ Test "a finite window binds its observed object-number upper bound" started.
◇ Test "exact execution preview binds the approved waiting-human checkpoint" started.
◇ Test "a missing lease still reports a typed error rather than a raw SQLite abort" started.
◇ Test "a generation-1 job stays gated even where no lane was ever opened" started.
◇ Test "an open lane rejects an unbound generation-0 lease on its own repository" started.
◇ Test "repository-label inventory drift is rejected in every shape" started.
◇ Test "finite preview binds the complete deterministic candidate set" started.
◇ Test "the upsert lease shape is gated exactly like the plain statements" started.
◇ Test "a generation-1 job stays gated after its own lane has closed" started.
◇ Test "pause and drain stop admission but never a held lease's heartbeat" started.
◇ Test "the builder refuses a step the workflow-label switch does not cover" started.
◇ Test "an empty authorization table leaves ordinary generation-0 leases admissible" started.
◇ Test "a live lease's identity changes are checked as admission" started.
◇ Test "transferring a live lease to the bound job stays gated during drain or recovery" started.
◇ Test "every closed authorization state releases the gate for ordinary jobs" started.
◇ Test "a lease the open lane does not bind stops being a continuation" started.
◇ Test "reactivating a released lease is admission and stays gated while a lane is open" started.
◇ Test "exact triage preview rejects issue-label and repository-label drift" started.
◇ Test "the insert and update gates share the active-row condition and an identical tail" started.
◇ Test "an open lane on one repository never gates another repository" started.
◇ Test "a paused or draining lane still refuses fresh admission" started.
✔ Test "the builder refuses a non-positive object number, so discovery never sees one" passed after 0.175 seconds.
✔ Test "a review-stage preview cannot be built with missing labels at all" passed after 0.175 seconds.
✔ Test "a transport failure during revalidation is drift, never a pass" passed after 0.175 seconds.
✔ Test "a finite window binds its observed object-number upper bound" passed after 0.175 seconds.
✔ Test "the builder refuses a missing job binding, so no preview carries one" passed after 0.175 seconds.
✔ Test "a preview whose canonical bytes no longer round-trip is rejected" passed after 0.175 seconds.
✔ Test "a missing lease still reports a typed error rather than a raw SQLite abort" passed after 0.175 seconds.
✔ Test "the insert and update gates share the active-row condition and an identical tail" passed after 0.175 seconds.
✔ Test "the upsert lease shape is gated exactly like the plain statements" passed after 0.175 seconds.
✔ Test "finite preview binds the complete deterministic candidate set" passed after 0.179 seconds.
✔ Test "a generation-1 job stays gated even where no lane was ever opened" passed after 0.179 seconds.
✔ Test "an open lane rejects an unbound generation-0 lease on its own repository" passed after 0.181 seconds.
✔ Test "exact triage preview binds issue, labels, and default-branch base" passed after 0.209 seconds.
✔ Test "exact execution preview binds the approved waiting-human checkpoint" passed after 0.209 seconds.
✔ Test "an empty authorization table leaves ordinary generation-0 leases admissible" passed after 0.227 seconds.
✔ Test "the builder refuses a step the workflow-label switch does not cover" passed after 0.230 seconds.
✔ Test "pause and drain stop admission but never a held lease's heartbeat" passed after 0.236 seconds.
✔ Test "the builder refuses a finite window at the exact-only stages" passed after 0.237 seconds.
✘ Test "transferring a live lease to the bound job stays gated during drain or recovery" recorded an issue at RolloutLeaseAuthorityTests.swift:344:13: Expectation failed: an error was expected but none was thrown and "1" was returned
↳ draining
✘ Test "transferring a live lease to the bound job stays gated during drain or recovery" recorded an issue at RolloutLeaseAuthorityTests.swift:353:7: Expectation failed: try await fixture.leaseJobID() == ordinary.id
↳ draining
✔ Test "reactivating a released lease is admission and stays gated while a lane is open" passed after 0.271 seconds.
✔ Test "a lease the open lane does not bind stops being a continuation" passed after 0.273 seconds.
✔ Test "an open lane on one repository never gates another repository" passed after 0.278 seconds.
✔ Test "repository-label inventory drift is rejected in every shape" passed after 0.285 seconds.
✘ Test "transferring a live lease to the bound job stays gated during drain or recovery" recorded an issue at RolloutLeaseAuthorityTests.swift:344:13: Expectation failed: an error was expected but none was thrown and "1" was returned
↳ recoveryRequired
✘ Test "transferring a live lease to the bound job stays gated during drain or recovery" recorded an issue at RolloutLeaseAuthorityTests.swift:353:7: Expectation failed: try await fixture.leaseJobID() == ordinary.id
↳ recoveryRequired
✔ Test "exact triage preview rejects issue-label and repository-label drift" passed after 0.319 seconds.
✘ Test "transferring a live lease to the bound job stays gated during drain or recovery" failed after 0.325 seconds with 4 issues.
✔ Test "issue identity and default-branch reference drift are rejected" passed after 0.335 seconds.
✔ Test "a live lease's identity changes are checked as admission" passed after 0.350 seconds.
✔ Test "a generation-1 job stays gated after its own lane has closed" passed after 0.366 seconds.
✔ Test "a paused or draining lane still refuses fresh admission" passed after 0.369 seconds.
✔ Test "every closed authorization state releases the gate for ordinary jobs" passed after 0.398 seconds.
✘ Suite "Repository lease rollout authority" failed after 0.398 seconds with 4 issues.
✔ Test "exact PR preview rejects every independently drifted remote binding" passed after 0.722 seconds.
✔ Suite "Rollout remote preview revalidation" passed after 0.723 seconds.
✘ Test run with 30 tests in 2 suites failed after 0.723 seconds with 4 issues.

Exit status: 1
UTC end: 2026-09-05T08:34:08Z
