UTC start: 2026-09-05T08:35:23Z
Command: xcrun swift test --package-path build/round5/review-export.Dr3els --jobs 2 --filter RolloutLeaseAuthorityTests\|RolloutRemotePreviewRevalidatorTests
Building for debugging...
[0/23] Write sources
[1/23] Write swift-version--58304C5D6DBC2206.txt
[3/25] Emitting module JidokaCodeCore
[4/25] Compiling JidokaCodeCore DatabaseSchema.swift
[5/27] Compiling JidokaCodeCore SQLiteStore.swift
[6/27] Compiling JidokaCodeCore RolloutAuthority.swift
[6/39] Write Objects.LinkFileList
[7/40] Linking JidokaCodePushGuard
[8/40] Applying JidokaCodePushGuard
[9/40] Write Objects.LinkFileList
[11/41] Linking JidokaCodeUIFixture
[12/41] Linking JidokaCodeLocationProbeEngine
[13/41] Applying JidokaCodeUIFixture
[14/41] Applying JidokaCodeLocationProbeEngine
[15/41] Write Objects.LinkFileList
[18/41] Emitting module JidokaCodeCoreTests
[18/44] Linking JidokaCodeLocationProbeApp
[19/44] Linking JidokaCodeHerdrHost
[20/44] Applying JidokaCodeLocationProbeApp
[21/44] Applying JidokaCodeHerdrHost
[22/44] Write Objects.LinkFileList
[24/44] Linking JidokaCodeHerdrFixture
[25/44] Linking JidokaCodeEngineProbe
[26/44] Applying JidokaCodeHerdrFixture
[27/44] Applying JidokaCodeEngineProbe
[28/44] Write Objects.LinkFileList
[30/44] Linking JidokaCodeBoundedCommand
[31/44] Linking JidokaCodeAskPass
[32/44] Applying JidokaCodeBoundedCommand
[33/44] Applying JidokaCodeAskPass
[34/44] Write Objects.LinkFileList
[35/44] Linking JidokaCodeApp
[36/45] Applying JidokaCodeApp
[38/45] Compiling JidokaCodeCoreTests PiRunStoreTests.swift
[39/45] Compiling JidokaCodeCoreTests RolloutLeaseAuthorityTests.swift
[40/45] Compiling JidokaCodeCoreTests SQLiteStoreTests.swift
[41/45] Compiling JidokaCodeCoreTests ConfigurationStoreTests.swift
/private/tmp/jidoka-code-progressive-production-automation/build/round5/review-export.Dr3els/Tests/JidokaCodeCoreTests/HerdrPiWorkflowRuntimeTests.swift:7119:9: warning: initialization of immutable value 'run' was never used; consider replacing with assignment to '_' or removing it [#no-usage]
7117 |         "SELECT paused FROM app_settings WHERE singleton = 1"
7118 |       ) ?? 0
7119 |     let run = try await withDurableResumeDenialLifted { () async throws -> PiRunRecord in
     |         `- warning: initialization of immutable value 'run' was never used; consider replacing with assignment to '_' or removing it [#no-usage]
7120 |       _ = try await database.execute(
7121 |         "UPDATE app_settings SET paused = 0 WHERE singleton = 1"
[42/45] Compiling JidokaCodeCoreTests DurableJobStoreTests.swift
/private/tmp/jidoka-code-progressive-production-automation/build/round5/review-export.Dr3els/Tests/JidokaCodeCoreTests/HerdrPiWorkflowRuntimeTests.swift:7119:9: warning: initialization of immutable value 'run' was never used; consider replacing with assignment to '_' or removing it [#no-usage]
7117 |         "SELECT paused FROM app_settings WHERE singleton = 1"
7118 |       ) ?? 0
7119 |     let run = try await withDurableResumeDenialLifted { () async throws -> PiRunRecord in
     |         `- warning: initialization of immutable value 'run' was never used; consider replacing with assignment to '_' or removing it [#no-usage]
7120 |       _ = try await database.execute(
7121 |         "UPDATE app_settings SET paused = 0 WHERE singleton = 1"
[43/45] Compiling JidokaCodeCoreTests HerdrPiWorkflowRuntimeTests.swift
/private/tmp/jidoka-code-progressive-production-automation/build/round5/review-export.Dr3els/Tests/JidokaCodeCoreTests/HerdrPiWorkflowRuntimeTests.swift:7119:9: warning: initialization of immutable value 'run' was never used; consider replacing with assignment to '_' or removing it [#no-usage]
7117 |         "SELECT paused FROM app_settings WHERE singleton = 1"
7118 |       ) ?? 0
7119 |     let run = try await withDurableResumeDenialLifted { () async throws -> PiRunRecord in
     |         `- warning: initialization of immutable value 'run' was never used; consider replacing with assignment to '_' or removing it [#no-usage]
7120 |       _ = try await database.execute(
7121 |         "UPDATE app_settings SET paused = 0 WHERE singleton = 1"
[43/45] Write Objects.LinkFileList
[44/45] Linking JidokaCodePackageTests
Build complete! (13.25s)
Test Suite 'Selected tests' started at 2026-09-05 10:35:37.919.
Test Suite 'JidokaCodePackageTests.xctest' started at 2026-09-05 10:35:37.920.
Test Suite 'JidokaCodePackageTests.xctest' passed at 2026-09-05 10:35:37.920.
	 Executed 0 tests, with 0 failures (0 unexpected) in 0.000 (0.000) seconds
Test Suite 'Selected tests' passed at 2026-09-05 10:35:37.920.
	 Executed 0 tests, with 0 failures (0 unexpected) in 0.000 (0.001) seconds
◇ Test run started.
↳ Testing Library Version: 1902
↳ Target Platform: arm64e-apple-macos14.0
◇ Suite "Repository lease rollout authority" started.
◇ Suite "Rollout remote preview revalidation" started.
◇ Test "a lease the open lane does not bind stops being a continuation" started.
◇ Test "the upsert lease shape is gated exactly like the plain statements" started.
◇ Test "reactivating a released lease is admission and stays gated while a lane is open" started.
◇ Test "a live lease's identity changes are checked as admission" started.
◇ Test "exact PR preview rejects every independently drifted remote binding" started.
◇ Test "every closed authorization state releases the gate for ordinary jobs" started.
◇ Test "transferring a live lease to the bound job stays gated during drain or recovery" started.
◇ Test "a missing lease still reports a typed error rather than a raw SQLite abort" started.
◇ Test "a generation-1 job stays gated even where no lane was ever opened" started.
◇ Test "the insert and update gates share the active-row condition and an identical tail" started.
◇ Test "an open lane on one repository never gates another repository" started.
◇ Test "exact triage preview binds issue, labels, and default-branch base" started.
◇ Test "issue identity and default-branch reference drift are rejected" started.
◇ Test "finite preview binds the complete deterministic candidate set" started.
◇ Test "a finite window binds its observed object-number upper bound" started.
◇ Test "an empty authorization table leaves ordinary generation-0 leases admissible" started.
◇ Test "a preview whose canonical bytes no longer round-trip is rejected" started.
◇ Test "repository-label inventory drift is rejected in every shape" started.
◇ Test "the builder refuses a missing job binding, so no preview carries one" started.
◇ Test "a transport failure during revalidation is drift, never a pass" started.
◇ Test "an open lane rejects an unbound generation-0 lease on its own repository" started.
◇ Test "the builder refuses a step the workflow-label switch does not cover" started.
◇ Test "the builder refuses a non-positive object number, so discovery never sees one" started.
◇ Test "a paused or draining lane still refuses fresh admission" started.
◇ Test "the builder refuses a finite window at the exact-only stages" started.
◇ Test "a review-stage preview cannot be built with missing labels at all" started.
◇ Test "a generation-1 job stays gated after its own lane has closed" started.
◇ Test "exact execution preview binds the approved waiting-human checkpoint" started.
◇ Test "exact triage preview rejects issue-label and repository-label drift" started.
◇ Test "pause and drain stop admission but never a held lease's heartbeat" started.
✔ Test "the insert and update gates share the active-row condition and an identical tail" passed after 0.193 seconds.
✔ Test "the builder refuses a missing job binding, so no preview carries one" passed after 0.193 seconds.
✔ Test "a finite window binds its observed object-number upper bound" passed after 0.193 seconds.
✔ Test "finite preview binds the complete deterministic candidate set" passed after 0.194 seconds.
✔ Test "an empty authorization table leaves ordinary generation-0 leases admissible" passed after 0.193 seconds.
✔ Test "an open lane on one repository never gates another repository" passed after 0.194 seconds.
✔ Test "a lease the open lane does not bind stops being a continuation" passed after 0.194 seconds.
✔ Test "a preview whose canonical bytes no longer round-trip is rejected" passed after 0.194 seconds.
✔ Test "a missing lease still reports a typed error rather than a raw SQLite abort" passed after 0.194 seconds.
✔ Test "a generation-1 job stays gated even where no lane was ever opened" passed after 0.194 seconds.
✔ Test "reactivating a released lease is admission and stays gated while a lane is open" passed after 0.198 seconds.
✔ Test "the upsert lease shape is gated exactly like the plain statements" passed after 0.198 seconds.
✔ Test "exact triage preview binds issue, labels, and default-branch base" passed after 0.223 seconds.
✘ Test "the builder refuses a step the workflow-label switch does not cover" recorded an issue at RolloutRemotePreviewRevalidatorTests.swift:252:11: Expectation failed: an error was expected but none was thrown
✔ Test "a transport failure during revalidation is drift, never a pass" passed after 0.256 seconds.
✘ Test "the builder refuses a step the workflow-label switch does not cover" failed after 0.261 seconds with 1 issue.
✔ Test "an open lane rejects an unbound generation-0 lease on its own repository" passed after 0.271 seconds.
✔ Test "the builder refuses a non-positive object number, so discovery never sees one" passed after 0.282 seconds.
✔ Test "a review-stage preview cannot be built with missing labels at all" passed after 0.285 seconds.
✔ Test "exact execution preview binds the approved waiting-human checkpoint" passed after 0.299 seconds.
✔ Test "pause and drain stop admission but never a held lease's heartbeat" passed after 0.311 seconds.
✔ Test "transferring a live lease to the bound job stays gated during drain or recovery" passed after 0.316 seconds.
✔ Test "repository-label inventory drift is rejected in every shape" passed after 0.320 seconds.
✔ Test "the builder refuses a finite window at the exact-only stages" passed after 0.340 seconds.
✔ Test "exact triage preview rejects issue-label and repository-label drift" passed after 0.354 seconds.
✔ Test "a live lease's identity changes are checked as admission" passed after 0.368 seconds.
✔ Test "issue identity and default-branch reference drift are rejected" passed after 0.369 seconds.
✔ Test "a paused or draining lane still refuses fresh admission" passed after 0.400 seconds.
✔ Test "every closed authorization state releases the gate for ordinary jobs" passed after 0.404 seconds.
✔ Test "a generation-1 job stays gated after its own lane has closed" passed after 0.436 seconds.
✔ Suite "Repository lease rollout authority" passed after 0.436 seconds.
✔ Test "exact PR preview rejects every independently drifted remote binding" passed after 0.750 seconds.
✘ Suite "Rollout remote preview revalidation" failed after 0.750 seconds with 1 issue.
✘ Test run with 30 tests in 2 suites failed after 0.750 seconds with 1 issue.

Exit status: 1
UTC end: 2026-09-05T08:35:38Z
