UTC start: 2026-09-05T08:34:45Z
Command: xcrun swift test --package-path build/round5/review-export.Dr3els --jobs 2 --filter RolloutLeaseAuthorityTests\|RolloutRemotePreviewRevalidatorTests
Building for debugging...
[0/23] Write sources
[1/23] Write swift-version--58304C5D6DBC2206.txt
[3/25] Emitting module JidokaCodeCore
[4/25] Compiling JidokaCodeCore DatabaseSchema.swift
[5/26] Compiling JidokaCodeCore SQLiteStore.swift
[5/38] Write Objects.LinkFileList
[6/39] Linking JidokaCodePushGuard
[7/39] Applying JidokaCodePushGuard
[8/39] Write Objects.LinkFileList
[11/40] Linking JidokaCodeUIFixture
[12/40] Linking JidokaCodeLocationProbeEngine
[13/40] Applying JidokaCodeUIFixture
[14/40] Applying JidokaCodeLocationProbeEngine
[15/40] Linking JidokaCodeLocationProbeApp
[16/40] Write Objects.LinkFileList
[17/40] Applying JidokaCodeLocationProbeApp
[18/40] Linking JidokaCodeHerdrHost
[19/40] Write Objects.LinkFileList
[20/40] Applying JidokaCodeHerdrHost
[21/40] Linking JidokaCodeHerdrFixture
[22/40] Write Objects.LinkFileList
[23/40] Applying JidokaCodeHerdrFixture
[24/40] Linking JidokaCodeEngineProbe
[25/40] Write Objects.LinkFileList
[26/40] Applying JidokaCodeEngineProbe
[27/40] Linking JidokaCodeBoundedCommand
[28/40] Write Objects.LinkFileList
[29/40] Applying JidokaCodeBoundedCommand
[30/40] Linking JidokaCodeAskPass
[31/40] Write Objects.LinkFileList
[32/40] Applying JidokaCodeAskPass
[33/40] Linking JidokaCodeApp
[34/41] Applying JidokaCodeApp
[36/41] Emitting module JidokaCodeCoreTests
[37/41] Compiling JidokaCodeCoreTests ConfigurationStoreTests.swift
/private/tmp/jidoka-code-progressive-production-automation/build/round5/review-export.Dr3els/Tests/JidokaCodeCoreTests/HerdrPiWorkflowRuntimeTests.swift:7119:9: warning: initialization of immutable value 'run' was never used; consider replacing with assignment to '_' or removing it [#no-usage]
7117 |         "SELECT paused FROM app_settings WHERE singleton = 1"
7118 |       ) ?? 0
7119 |     let run = try await withDurableResumeDenialLifted { () async throws -> PiRunRecord in
     |         `- warning: initialization of immutable value 'run' was never used; consider replacing with assignment to '_' or removing it [#no-usage]
7120 |       _ = try await database.execute(
7121 |         "UPDATE app_settings SET paused = 0 WHERE singleton = 1"
[38/41] Compiling JidokaCodeCoreTests DurableJobStoreTests.swift
/private/tmp/jidoka-code-progressive-production-automation/build/round5/review-export.Dr3els/Tests/JidokaCodeCoreTests/HerdrPiWorkflowRuntimeTests.swift:7119:9: warning: initialization of immutable value 'run' was never used; consider replacing with assignment to '_' or removing it [#no-usage]
7117 |         "SELECT paused FROM app_settings WHERE singleton = 1"
7118 |       ) ?? 0
7119 |     let run = try await withDurableResumeDenialLifted { () async throws -> PiRunRecord in
     |         `- warning: initialization of immutable value 'run' was never used; consider replacing with assignment to '_' or removing it [#no-usage]
7120 |       _ = try await database.execute(
7121 |         "UPDATE app_settings SET paused = 0 WHERE singleton = 1"
[39/41] Compiling JidokaCodeCoreTests HerdrPiWorkflowRuntimeTests.swift
/private/tmp/jidoka-code-progressive-production-automation/build/round5/review-export.Dr3els/Tests/JidokaCodeCoreTests/HerdrPiWorkflowRuntimeTests.swift:7119:9: warning: initialization of immutable value 'run' was never used; consider replacing with assignment to '_' or removing it [#no-usage]
7117 |         "SELECT paused FROM app_settings WHERE singleton = 1"
7118 |       ) ?? 0
7119 |     let run = try await withDurableResumeDenialLifted { () async throws -> PiRunRecord in
     |         `- warning: initialization of immutable value 'run' was never used; consider replacing with assignment to '_' or removing it [#no-usage]
7120 |       _ = try await database.execute(
7121 |         "UPDATE app_settings SET paused = 0 WHERE singleton = 1"
[40/44] Compiling JidokaCodeCoreTests PiRunStoreTests.swift
[41/44] Compiling JidokaCodeCoreTests RolloutLeaseAuthorityTests.swift
[42/44] Compiling JidokaCodeCoreTests SQLiteStoreTests.swift
[42/44] Write Objects.LinkFileList
[43/44] Linking JidokaCodePackageTests
Build complete! (15.87s)
Test Suite 'Selected tests' started at 2026-09-05 10:35:02.271.
Test Suite 'JidokaCodePackageTests.xctest' started at 2026-09-05 10:35:02.271.
Test Suite 'JidokaCodePackageTests.xctest' passed at 2026-09-05 10:35:02.271.
	 Executed 0 tests, with 0 failures (0 unexpected) in 0.000 (0.000) seconds
Test Suite 'Selected tests' passed at 2026-09-05 10:35:02.271.
	 Executed 0 tests, with 0 failures (0 unexpected) in 0.000 (0.001) seconds
◇ Test run started.
↳ Testing Library Version: 1902
↳ Target Platform: arm64e-apple-macos14.0
◇ Suite "Repository lease rollout authority" started.
◇ Suite "Rollout remote preview revalidation" started.
◇ Test "a generation-1 job stays gated after its own lane has closed" started.
◇ Test "a missing lease still reports a typed error rather than a raw SQLite abort" started.
◇ Test "an empty authorization table leaves ordinary generation-0 leases admissible" started.
◇ Test "the insert and update gates share the active-row condition and an identical tail" started.
◇ Test "an open lane on one repository never gates another repository" started.
◇ Test "a generation-1 job stays gated even where no lane was ever opened" started.
◇ Test "pause and drain stop admission but never a held lease's heartbeat" started.
◇ Test "a live lease's identity changes are checked as admission" started.
◇ Test "a lease the open lane does not bind stops being a continuation" started.
◇ Test "reactivating a released lease is admission and stays gated while a lane is open" started.
◇ Test "an open lane rejects an unbound generation-0 lease on its own repository" started.
◇ Test "the upsert lease shape is gated exactly like the plain statements" started.
◇ Test "every closed authorization state releases the gate for ordinary jobs" started.
◇ Test "the builder refuses a missing job binding, so no preview carries one" started.
◇ Test "exact triage preview rejects issue-label and repository-label drift" started.
◇ Test "finite preview binds the complete deterministic candidate set" started.
◇ Test "repository-label inventory drift is rejected in every shape" started.
◇ Test "exact PR preview rejects every independently drifted remote binding" started.
◇ Test "a preview whose canonical bytes no longer round-trip is rejected" started.
◇ Test "the builder refuses a non-positive object number, so discovery never sees one" started.
◇ Test "the builder refuses a finite window at the exact-only stages" started.
◇ Test "a finite window binds its observed object-number upper bound" started.
◇ Test "exact execution preview binds the approved waiting-human checkpoint" started.
◇ Test "a transport failure during revalidation is drift, never a pass" started.
◇ Test "a paused or draining lane still refuses fresh admission" started.
◇ Test "a review-stage preview cannot be built with missing labels at all" started.
◇ Test "the builder refuses a step the workflow-label switch does not cover" started.
◇ Test "transferring a live lease to the bound job stays gated during drain or recovery" started.
◇ Test "issue identity and default-branch reference drift are rejected" started.
◇ Test "exact triage preview binds issue, labels, and default-branch base" started.
✘ Test "the insert and update gates share the active-row condition and an identical tail" recorded an issue at RolloutLeaseAuthorityTests.swift:409:7: Expectation failed: (whenLine → "WHEN NEW.active = 2") == "WHEN NEW.active = 1"
↳ repository_leases_rollout_authority_insert
✘ Test "the upsert lease shape is gated exactly like the plain statements" recorded an issue at RolloutLeaseAuthorityTests.swift:374:11: Expectation failed: an error was expected but none was thrown
↳ unbound upsert, insert branch
✘ Test "an open lane rejects an unbound generation-0 lease on its own repository" recorded an issue at RolloutLeaseAuthorityTests.swift:52:11: Expectation failed: an error was expected but none was thrown
✘ Test "an open lane rejects an unbound generation-0 lease on its own repository" recorded an issue at RolloutLeaseAuthorityTests.swift:55:5: Expectation failed: try await fixture.activeLeaseCount() == 0
✘ Test "a generation-1 job stays gated even where no lane was ever opened" recorded an issue at RolloutLeaseAuthorityTests.swift:227:11: Expectation failed: an error was expected but none was thrown
✘ Test "a generation-1 job stays gated even where no lane was ever opened" recorded an issue at RolloutLeaseAuthorityTests.swift:230:5: Expectation failed: try await fixture.activeLeaseCount() == 0
✘ Test "a generation-1 job stays gated after its own lane has closed" recorded an issue at RolloutLeaseAuthorityTests.swift:199:13: Expectation failed: an error was expected but none was thrown
↳ settled
✘ Test "a generation-1 job stays gated after its own lane has closed" recorded an issue at RolloutLeaseAuthorityTests.swift:202:7: Expectation failed: try await fixture.activeLeaseCount() == 0
↳ settled
✘ Test "the insert and update gates share the active-row condition and an identical tail" failed after 0.199 seconds with 1 issue.
✔ Test "an empty authorization table leaves ordinary generation-0 leases admissible" passed after 0.199 seconds.
✔ Test "a preview whose canonical bytes no longer round-trip is rejected" passed after 0.199 seconds.
✔ Test "the builder refuses a missing job binding, so no preview carries one" passed after 0.199 seconds.
✘ Test "the upsert lease shape is gated exactly like the plain statements" failed after 0.199 seconds with 1 issue.
✔ Test "finite preview binds the complete deterministic candidate set" passed after 0.199 seconds.
✘ Test "an open lane rejects an unbound generation-0 lease on its own repository" failed after 0.199 seconds with 2 issues.
✔ Test "reactivating a released lease is admission and stays gated while a lane is open" passed after 0.199 seconds.
✔ Test "a missing lease still reports a typed error rather than a raw SQLite abort" passed after 0.199 seconds.
✘ Test "a generation-1 job stays gated even where no lane was ever opened" failed after 0.199 seconds with 2 issues.
✔ Test "a lease the open lane does not bind stops being a continuation" passed after 0.199 seconds.
✔ Test "an open lane on one repository never gates another repository" passed after 0.202 seconds.
✔ Test "pause and drain stop admission but never a held lease's heartbeat" passed after 0.203 seconds.
✔ Test "the builder refuses a non-positive object number, so discovery never sees one" passed after 0.245 seconds.
✔ Test "exact execution preview binds the approved waiting-human checkpoint" passed after 0.264 seconds.
✘ Test "a paused or draining lane still refuses fresh admission" recorded an issue at RolloutLeaseAuthorityTests.swift:160:13: Expectation failed: an error was expected but none was thrown
↳ bound, active
✘ Test "a paused or draining lane still refuses fresh admission" recorded an issue at RolloutLeaseAuthorityTests.swift:163:7: Expectation failed: try await fixture.activeLeaseCount() == 0
↳ bound, active
✘ Test "a paused or draining lane still refuses fresh admission" recorded an issue at RolloutLeaseAuthorityTests.swift:176:7: Expectation failed: try await fixture.activeLeaseCount() == 0
↳ unbound, active
✔ Test "a finite window binds its observed object-number upper bound" passed after 0.281 seconds.
✘ Test "a generation-1 job stays gated after its own lane has closed" recorded an issue at RolloutLeaseAuthorityTests.swift:199:13: Expectation failed: an error was expected but none was thrown
↳ revoked
✘ Test "a generation-1 job stays gated after its own lane has closed" recorded an issue at RolloutLeaseAuthorityTests.swift:202:7: Expectation failed: try await fixture.activeLeaseCount() == 0
↳ revoked
✔ Test "a review-stage preview cannot be built with missing labels at all" passed after 0.285 seconds.
✔ Test "a transport failure during revalidation is drift, never a pass" passed after 0.289 seconds.
✔ Test "the builder refuses a step the workflow-label switch does not cover" passed after 0.296 seconds.
✔ Test "exact triage preview binds issue, labels, and default-branch base" passed after 0.306 seconds.
✔ Test "exact triage preview rejects issue-label and repository-label drift" passed after 0.318 seconds.
✔ Test "repository-label inventory drift is rejected in every shape" passed after 0.318 seconds.
✔ Test "the builder refuses a finite window at the exact-only stages" passed after 0.327 seconds.
✘ Test "a paused or draining lane still refuses fresh admission" recorded an issue at RolloutLeaseAuthorityTests.swift:160:13: Expectation failed: an error was expected but none was thrown
↳ bound, draining
✘ Test "a paused or draining lane still refuses fresh admission" recorded an issue at RolloutLeaseAuthorityTests.swift:163:7: Expectation failed: try await fixture.activeLeaseCount() == 0
↳ bound, draining
✘ Test "a paused or draining lane still refuses fresh admission" recorded an issue at RolloutLeaseAuthorityTests.swift:176:7: Expectation failed: try await fixture.activeLeaseCount() == 0
↳ unbound, draining
✘ Test "a generation-1 job stays gated after its own lane has closed" recorded an issue at RolloutLeaseAuthorityTests.swift:199:13: Expectation failed: an error was expected but none was thrown
↳ expired
✘ Test "a generation-1 job stays gated after its own lane has closed" recorded an issue at RolloutLeaseAuthorityTests.swift:202:7: Expectation failed: try await fixture.activeLeaseCount() == 0
↳ expired
✔ Test "transferring a live lease to the bound job stays gated during drain or recovery" passed after 0.362 seconds.
✔ Test "a live lease's identity changes are checked as admission" passed after 0.364 seconds.
✔ Test "issue identity and default-branch reference drift are rejected" passed after 0.388 seconds.
✘ Test "a paused or draining lane still refuses fresh admission" recorded an issue at RolloutLeaseAuthorityTests.swift:160:13: Expectation failed: an error was expected but none was thrown
↳ bound, recoveryRequired
✘ Test "a paused or draining lane still refuses fresh admission" recorded an issue at RolloutLeaseAuthorityTests.swift:163:7: Expectation failed: try await fixture.activeLeaseCount() == 0
↳ bound, recoveryRequired
✘ Test "a paused or draining lane still refuses fresh admission" recorded an issue at RolloutLeaseAuthorityTests.swift:176:7: Expectation failed: try await fixture.activeLeaseCount() == 0
↳ unbound, recoveryRequired
✘ Test "a generation-1 job stays gated after its own lane has closed" recorded an issue at RolloutLeaseAuthorityTests.swift:199:13: Expectation failed: an error was expected but none was thrown
↳ failed
✘ Test "a generation-1 job stays gated after its own lane has closed" recorded an issue at RolloutLeaseAuthorityTests.swift:202:7: Expectation failed: try await fixture.activeLeaseCount() == 0
↳ failed
✘ Test "a paused or draining lane still refuses fresh admission" failed after 0.395 seconds with 9 issues.
✘ Test "a generation-1 job stays gated after its own lane has closed" failed after 0.399 seconds with 8 issues.
✔ Test "every closed authorization state releases the gate for ordinary jobs" passed after 0.399 seconds.
✘ Suite "Repository lease rollout authority" failed after 0.400 seconds with 23 issues.
✔ Test "exact PR preview rejects every independently drifted remote binding" passed after 0.738 seconds.
✔ Suite "Rollout remote preview revalidation" passed after 0.738 seconds.
✘ Test run with 30 tests in 2 suites failed after 0.738 seconds with 23 issues.

Exit status: 1
UTC end: 2026-09-05T08:35:03Z
