UTC start: 2026-09-05T08:11:23Z
Command: xcrun swift test --filter SQLiteStoreTests/productionRolloutAuthorityMigration
Building for debugging...
[0/22] Write swift-version--58304C5D6DBC2206.txt
Build complete! (0.10s)
Test Suite 'Selected tests' started at 2026-09-05 10:11:23.760.
Test Suite 'JidokaCodePackageTests.xctest' started at 2026-09-05 10:11:23.760.
Test Suite 'JidokaCodePackageTests.xctest' passed at 2026-09-05 10:11:23.760.
	 Executed 0 tests, with 0 failures (0 unexpected) in 0.000 (0.000) seconds
Test Suite 'Selected tests' passed at 2026-09-05 10:11:23.760.
	 Executed 0 tests, with 0 failures (0 unexpected) in 0.000 (0.001) seconds
◇ Test run started.
↳ Testing Library Version: 1902
↳ Target Platform: arm64e-apple-macos14.0
◇ Suite "SQLite durable store" started.
◇ Test "production schema 9 to 10 rolls back after every exact migration statement" started.
◇ Test "production schema upgrades to rollout authority without manufacturing authority" started.
◇ Test case passing 1 argument completedStatementCount → 1 to "production schema 9 to 10 rolls back after every exact migration statement" started.
◇ Test case passing 1 argument completedStatementCount → 4 to "production schema 9 to 10 rolls back after every exact migration statement" started.
◇ Test case passing 1 argument completedStatementCount → 3 to "production schema 9 to 10 rolls back after every exact migration statement" started.
◇ Test case passing 1 argument completedStatementCount → 2 to "production schema 9 to 10 rolls back after every exact migration statement" started.
◇ Test case passing 1 argument completedStatementCount → 6 to "production schema 9 to 10 rolls back after every exact migration statement" started.
◇ Test case passing 1 argument completedStatementCount → 7 to "production schema 9 to 10 rolls back after every exact migration statement" started.
◇ Test case passing 1 argument completedStatementCount → 5 to "production schema 9 to 10 rolls back after every exact migration statement" started.
◇ Test case passing 1 argument completedStatementCount → 8 to "production schema 9 to 10 rolls back after every exact migration statement" started.
◇ Test case passing 1 argument completedStatementCount → 9 to "production schema 9 to 10 rolls back after every exact migration statement" started.
◇ Test case passing 1 argument completedStatementCount → 10 to "production schema 9 to 10 rolls back after every exact migration statement" started.
◇ Test case passing 1 argument completedStatementCount → 11 to "production schema 9 to 10 rolls back after every exact migration statement" started.
◇ Test case passing 1 argument completedStatementCount → 12 to "production schema 9 to 10 rolls back after every exact migration statement" started.
◇ Test case passing 1 argument completedStatementCount → 13 to "production schema 9 to 10 rolls back after every exact migration statement" started.
◇ Test case passing 1 argument completedStatementCount → 14 to "production schema 9 to 10 rolls back after every exact migration statement" started.
◇ Test case passing 1 argument completedStatementCount → 16 to "production schema 9 to 10 rolls back after every exact migration statement" started.
◇ Test case passing 1 argument completedStatementCount → 17 to "production schema 9 to 10 rolls back after every exact migration statement" started.
◇ Test case passing 1 argument completedStatementCount → 15 to "production schema 9 to 10 rolls back after every exact migration statement" started.
✘ Test "production schema 9 to 10 rolls back after every exact migration statement" recorded an issue with 1 argument completedStatementCount → 17 at SQLiteStoreTests.swift:1246:3: Expectation failed: (migrationDigest(migration) → "b54582b347dd86372c8c0a5119061e7568ef47845df8b71b95ada4eacf73772e") == (expectedSchemaTenMigrationDigest → "818156e514db70ace3e9b2127bb7217a2f09a0af429bb23754f9195f0d467c3b")
✘ Test "production schema 9 to 10 rolls back after every exact migration statement" recorded an issue with 1 argument completedStatementCount → 12 at SQLiteStoreTests.swift:1246:3: Expectation failed: (migrationDigest(migration) → "b54582b347dd86372c8c0a5119061e7568ef47845df8b71b95ada4eacf73772e") == (expectedSchemaTenMigrationDigest → "818156e514db70ace3e9b2127bb7217a2f09a0af429bb23754f9195f0d467c3b")
✘ Test "production schema 9 to 10 rolls back after every exact migration statement" recorded an issue with 1 argument completedStatementCount → 15 at SQLiteStoreTests.swift:1246:3: Expectation failed: (migrationDigest(migration) → "b54582b347dd86372c8c0a5119061e7568ef47845df8b71b95ada4eacf73772e") == (expectedSchemaTenMigrationDigest → "818156e514db70ace3e9b2127bb7217a2f09a0af429bb23754f9195f0d467c3b")
✘ Test "production schema 9 to 10 rolls back after every exact migration statement" recorded an issue with 1 argument completedStatementCount → 10 at SQLiteStoreTests.swift:1246:3: Expectation failed: (migrationDigest(migration) → "b54582b347dd86372c8c0a5119061e7568ef47845df8b71b95ada4eacf73772e") == (expectedSchemaTenMigrationDigest → "818156e514db70ace3e9b2127bb7217a2f09a0af429bb23754f9195f0d467c3b")
✘ Test "production schema 9 to 10 rolls back after every exact migration statement" recorded an issue with 1 argument completedStatementCount → 2 at SQLiteStoreTests.swift:1246:3: Expectation failed: (migrationDigest(migration) → "b54582b347dd86372c8c0a5119061e7568ef47845df8b71b95ada4eacf73772e") == (expectedSchemaTenMigrationDigest → "818156e514db70ace3e9b2127bb7217a2f09a0af429bb23754f9195f0d467c3b")
✘ Test "production schema 9 to 10 rolls back after every exact migration statement" recorded an issue with 1 argument completedStatementCount → 13 at SQLiteStoreTests.swift:1246:3: Expectation failed: (migrationDigest(migration) → "b54582b347dd86372c8c0a5119061e7568ef47845df8b71b95ada4eacf73772e") == (expectedSchemaTenMigrationDigest → "818156e514db70ace3e9b2127bb7217a2f09a0af429bb23754f9195f0d467c3b")
✘ Test "production schema 9 to 10 rolls back after every exact migration statement" recorded an issue with 1 argument completedStatementCount → 6 at SQLiteStoreTests.swift:1246:3: Expectation failed: (migrationDigest(migration) → "b54582b347dd86372c8c0a5119061e7568ef47845df8b71b95ada4eacf73772e") == (expectedSchemaTenMigrationDigest → "818156e514db70ace3e9b2127bb7217a2f09a0af429bb23754f9195f0d467c3b")
✘ Test "production schema 9 to 10 rolls back after every exact migration statement" recorded an issue with 1 argument completedStatementCount → 16 at SQLiteStoreTests.swift:1246:3: Expectation failed: (migrationDigest(migration) → "b54582b347dd86372c8c0a5119061e7568ef47845df8b71b95ada4eacf73772e") == (expectedSchemaTenMigrationDigest → "818156e514db70ace3e9b2127bb7217a2f09a0af429bb23754f9195f0d467c3b")
✘ Test "production schema 9 to 10 rolls back after every exact migration statement" recorded an issue with 1 argument completedStatementCount → 5 at SQLiteStoreTests.swift:1246:3: Expectation failed: (migrationDigest(migration) → "b54582b347dd86372c8c0a5119061e7568ef47845df8b71b95ada4eacf73772e") == (expectedSchemaTenMigrationDigest → "818156e514db70ace3e9b2127bb7217a2f09a0af429bb23754f9195f0d467c3b")
✘ Test "production schema 9 to 10 rolls back after every exact migration statement" recorded an issue with 1 argument completedStatementCount → 14 at SQLiteStoreTests.swift:1246:3: Expectation failed: (migrationDigest(migration) → "b54582b347dd86372c8c0a5119061e7568ef47845df8b71b95ada4eacf73772e") == (expectedSchemaTenMigrationDigest → "818156e514db70ace3e9b2127bb7217a2f09a0af429bb23754f9195f0d467c3b")
✘ Test "production schema 9 to 10 rolls back after every exact migration statement" recorded an issue with 1 argument completedStatementCount → 9 at SQLiteStoreTests.swift:1246:3: Expectation failed: (migrationDigest(migration) → "b54582b347dd86372c8c0a5119061e7568ef47845df8b71b95ada4eacf73772e") == (expectedSchemaTenMigrationDigest → "818156e514db70ace3e9b2127bb7217a2f09a0af429bb23754f9195f0d467c3b")
✘ Test "production schema 9 to 10 rolls back after every exact migration statement" recorded an issue with 1 argument completedStatementCount → 8 at SQLiteStoreTests.swift:1246:3: Expectation failed: (migrationDigest(migration) → "b54582b347dd86372c8c0a5119061e7568ef47845df8b71b95ada4eacf73772e") == (expectedSchemaTenMigrationDigest → "818156e514db70ace3e9b2127bb7217a2f09a0af429bb23754f9195f0d467c3b")
✘ Test "production schema 9 to 10 rolls back after every exact migration statement" recorded an issue with 1 argument completedStatementCount → 11 at SQLiteStoreTests.swift:1246:3: Expectation failed: (migrationDigest(migration) → "b54582b347dd86372c8c0a5119061e7568ef47845df8b71b95ada4eacf73772e") == (expectedSchemaTenMigrationDigest → "818156e514db70ace3e9b2127bb7217a2f09a0af429bb23754f9195f0d467c3b")
✘ Test "production schema 9 to 10 rolls back after every exact migration statement" recorded an issue with 1 argument completedStatementCount → 4 at SQLiteStoreTests.swift:1246:3: Expectation failed: (migrationDigest(migration) → "b54582b347dd86372c8c0a5119061e7568ef47845df8b71b95ada4eacf73772e") == (expectedSchemaTenMigrationDigest → "818156e514db70ace3e9b2127bb7217a2f09a0af429bb23754f9195f0d467c3b")
✘ Test "production schema 9 to 10 rolls back after every exact migration statement" recorded an issue with 1 argument completedStatementCount → 3 at SQLiteStoreTests.swift:1246:3: Expectation failed: (migrationDigest(migration) → "b54582b347dd86372c8c0a5119061e7568ef47845df8b71b95ada4eacf73772e") == (expectedSchemaTenMigrationDigest → "818156e514db70ace3e9b2127bb7217a2f09a0af429bb23754f9195f0d467c3b")
✘ Test "production schema upgrades to rollout authority without manufacturing authority" recorded an issue at SQLiteStoreTests.swift:1246:3: Expectation failed: (migrationDigest(migration) → "b54582b347dd86372c8c0a5119061e7568ef47845df8b71b95ada4eacf73772e") == (expectedSchemaTenMigrationDigest → "818156e514db70ace3e9b2127bb7217a2f09a0af429bb23754f9195f0d467c3b")
✘ Test "production schema 9 to 10 rolls back after every exact migration statement" recorded an issue with 1 argument completedStatementCount → 7 at SQLiteStoreTests.swift:1246:3: Expectation failed: (migrationDigest(migration) → "b54582b347dd86372c8c0a5119061e7568ef47845df8b71b95ada4eacf73772e") == (expectedSchemaTenMigrationDigest → "818156e514db70ace3e9b2127bb7217a2f09a0af429bb23754f9195f0d467c3b")
✘ Test "production schema 9 to 10 rolls back after every exact migration statement" recorded an issue with 1 argument completedStatementCount → 1 at SQLiteStoreTests.swift:1246:3: Expectation failed: (migrationDigest(migration) → "b54582b347dd86372c8c0a5119061e7568ef47845df8b71b95ada4eacf73772e") == (expectedSchemaTenMigrationDigest → "818156e514db70ace3e9b2127bb7217a2f09a0af429bb23754f9195f0d467c3b")
◇ Test case passing 1 argument completedStatementCount → 18 to "production schema 9 to 10 rolls back after every exact migration statement" started.
✘ Test "production schema 9 to 10 rolls back after every exact migration statement" recorded an issue with 1 argument completedStatementCount → 18 at SQLiteStoreTests.swift:1246:3: Expectation failed: (migrationDigest(migration) → "b54582b347dd86372c8c0a5119061e7568ef47845df8b71b95ada4eacf73772e") == (expectedSchemaTenMigrationDigest → "818156e514db70ace3e9b2127bb7217a2f09a0af429bb23754f9195f0d467c3b")
◇ Test case passing 1 argument completedStatementCount → 19 to "production schema 9 to 10 rolls back after every exact migration statement" started.
✘ Test "production schema 9 to 10 rolls back after every exact migration statement" recorded an issue with 1 argument completedStatementCount → 19 at SQLiteStoreTests.swift:1246:3: Expectation failed: (migrationDigest(migration) → "b54582b347dd86372c8c0a5119061e7568ef47845df8b71b95ada4eacf73772e") == (expectedSchemaTenMigrationDigest → "818156e514db70ace3e9b2127bb7217a2f09a0af429bb23754f9195f0d467c3b")
◇ Test case passing 1 argument completedStatementCount → 20 to "production schema 9 to 10 rolls back after every exact migration statement" started.
✘ Test "production schema 9 to 10 rolls back after every exact migration statement" recorded an issue with 1 argument completedStatementCount → 20 at SQLiteStoreTests.swift:1246:3: Expectation failed: (migrationDigest(migration) → "b54582b347dd86372c8c0a5119061e7568ef47845df8b71b95ada4eacf73772e") == (expectedSchemaTenMigrationDigest → "818156e514db70ace3e9b2127bb7217a2f09a0af429bb23754f9195f0d467c3b")
◇ Test case passing 1 argument completedStatementCount → 21 to "production schema 9 to 10 rolls back after every exact migration statement" started.
◇ Test case passing 1 argument completedStatementCount → 22 to "production schema 9 to 10 rolls back after every exact migration statement" started.
✘ Test "production schema 9 to 10 rolls back after every exact migration statement" recorded an issue with 1 argument completedStatementCount → 21 at SQLiteStoreTests.swift:1246:3: Expectation failed: (migrationDigest(migration) → "b54582b347dd86372c8c0a5119061e7568ef47845df8b71b95ada4eacf73772e") == (expectedSchemaTenMigrationDigest → "818156e514db70ace3e9b2127bb7217a2f09a0af429bb23754f9195f0d467c3b")
✘ Test "production schema 9 to 10 rolls back after every exact migration statement" recorded an issue with 1 argument completedStatementCount → 22 at SQLiteStoreTests.swift:1246:3: Expectation failed: (migrationDigest(migration) → "b54582b347dd86372c8c0a5119061e7568ef47845df8b71b95ada4eacf73772e") == (expectedSchemaTenMigrationDigest → "818156e514db70ace3e9b2127bb7217a2f09a0af429bb23754f9195f0d467c3b")
◇ Test case passing 1 argument completedStatementCount → 23 to "production schema 9 to 10 rolls back after every exact migration statement" started.
✘ Test "production schema 9 to 10 rolls back after every exact migration statement" recorded an issue with 1 argument completedStatementCount → 23 at SQLiteStoreTests.swift:1246:3: Expectation failed: (migrationDigest(migration) → "b54582b347dd86372c8c0a5119061e7568ef47845df8b71b95ada4eacf73772e") == (expectedSchemaTenMigrationDigest → "818156e514db70ace3e9b2127bb7217a2f09a0af429bb23754f9195f0d467c3b")
◇ Test case passing 1 argument completedStatementCount → 24 to "production schema 9 to 10 rolls back after every exact migration statement" started.
✘ Test "production schema 9 to 10 rolls back after every exact migration statement" recorded an issue with 1 argument completedStatementCount → 24 at SQLiteStoreTests.swift:1246:3: Expectation failed: (migrationDigest(migration) → "b54582b347dd86372c8c0a5119061e7568ef47845df8b71b95ada4eacf73772e") == (expectedSchemaTenMigrationDigest → "818156e514db70ace3e9b2127bb7217a2f09a0af429bb23754f9195f0d467c3b")
◇ Test case passing 1 argument completedStatementCount → 25 to "production schema 9 to 10 rolls back after every exact migration statement" started.
✘ Test "production schema 9 to 10 rolls back after every exact migration statement" recorded an issue with 1 argument completedStatementCount → 25 at SQLiteStoreTests.swift:1246:3: Expectation failed: (migrationDigest(migration) → "b54582b347dd86372c8c0a5119061e7568ef47845df8b71b95ada4eacf73772e") == (expectedSchemaTenMigrationDigest → "818156e514db70ace3e9b2127bb7217a2f09a0af429bb23754f9195f0d467c3b")
◇ Test case passing 1 argument completedStatementCount → 26 to "production schema 9 to 10 rolls back after every exact migration statement" started.
✘ Test "production schema 9 to 10 rolls back after every exact migration statement" recorded an issue with 1 argument completedStatementCount → 26 at SQLiteStoreTests.swift:1246:3: Expectation failed: (migrationDigest(migration) → "b54582b347dd86372c8c0a5119061e7568ef47845df8b71b95ada4eacf73772e") == (expectedSchemaTenMigrationDigest → "818156e514db70ace3e9b2127bb7217a2f09a0af429bb23754f9195f0d467c3b")
◇ Test case passing 1 argument completedStatementCount → 27 to "production schema 9 to 10 rolls back after every exact migration statement" started.
◇ Test case passing 1 argument completedStatementCount → 28 to "production schema 9 to 10 rolls back after every exact migration statement" started.
✘ Test "production schema 9 to 10 rolls back after every exact migration statement" recorded an issue with 1 argument completedStatementCount → 27 at SQLiteStoreTests.swift:1246:3: Expectation failed: (migrationDigest(migration) → "b54582b347dd86372c8c0a5119061e7568ef47845df8b71b95ada4eacf73772e") == (expectedSchemaTenMigrationDigest → "818156e514db70ace3e9b2127bb7217a2f09a0af429bb23754f9195f0d467c3b")
✘ Test "production schema 9 to 10 rolls back after every exact migration statement" recorded an issue with 1 argument completedStatementCount → 28 at SQLiteStoreTests.swift:1246:3: Expectation failed: (migrationDigest(migration) → "b54582b347dd86372c8c0a5119061e7568ef47845df8b71b95ada4eacf73772e") == (expectedSchemaTenMigrationDigest → "818156e514db70ace3e9b2127bb7217a2f09a0af429bb23754f9195f0d467c3b")
◇ Test case passing 1 argument completedStatementCount → 29 to "production schema 9 to 10 rolls back after every exact migration statement" started.
✘ Test "production schema 9 to 10 rolls back after every exact migration statement" recorded an issue with 1 argument completedStatementCount → 29 at SQLiteStoreTests.swift:1246:3: Expectation failed: (migrationDigest(migration) → "b54582b347dd86372c8c0a5119061e7568ef47845df8b71b95ada4eacf73772e") == (expectedSchemaTenMigrationDigest → "818156e514db70ace3e9b2127bb7217a2f09a0af429bb23754f9195f0d467c3b")
◇ Test case passing 1 argument completedStatementCount → 30 to "production schema 9 to 10 rolls back after every exact migration statement" started.
✘ Test "production schema 9 to 10 rolls back after every exact migration statement" recorded an issue with 1 argument completedStatementCount → 30 at SQLiteStoreTests.swift:1246:3: Expectation failed: (migrationDigest(migration) → "b54582b347dd86372c8c0a5119061e7568ef47845df8b71b95ada4eacf73772e") == (expectedSchemaTenMigrationDigest → "818156e514db70ace3e9b2127bb7217a2f09a0af429bb23754f9195f0d467c3b")
◇ Test case passing 1 argument completedStatementCount → 31 to "production schema 9 to 10 rolls back after every exact migration statement" started.
◇ Test case passing 1 argument completedStatementCount → 32 to "production schema 9 to 10 rolls back after every exact migration statement" started.
✘ Test "production schema 9 to 10 rolls back after every exact migration statement" recorded an issue with 1 argument completedStatementCount → 31 at SQLiteStoreTests.swift:1246:3: Expectation failed: (migrationDigest(migration) → "b54582b347dd86372c8c0a5119061e7568ef47845df8b71b95ada4eacf73772e") == (expectedSchemaTenMigrationDigest → "818156e514db70ace3e9b2127bb7217a2f09a0af429bb23754f9195f0d467c3b")
✘ Test "production schema 9 to 10 rolls back after every exact migration statement" recorded an issue with 1 argument completedStatementCount → 32 at SQLiteStoreTests.swift:1246:3: Expectation failed: (migrationDigest(migration) → "b54582b347dd86372c8c0a5119061e7568ef47845df8b71b95ada4eacf73772e") == (expectedSchemaTenMigrationDigest → "818156e514db70ace3e9b2127bb7217a2f09a0af429bb23754f9195f0d467c3b")
◇ Test case passing 1 argument completedStatementCount → 33 to "production schema 9 to 10 rolls back after every exact migration statement" started.
◇ Test case passing 1 argument completedStatementCount → 34 to "production schema 9 to 10 rolls back after every exact migration statement" started.
✘ Test "production schema 9 to 10 rolls back after every exact migration statement" recorded an issue with 1 argument completedStatementCount → 33 at SQLiteStoreTests.swift:1246:3: Expectation failed: (migrationDigest(migration) → "b54582b347dd86372c8c0a5119061e7568ef47845df8b71b95ada4eacf73772e") == (expectedSchemaTenMigrationDigest → "818156e514db70ace3e9b2127bb7217a2f09a0af429bb23754f9195f0d467c3b")
✘ Test "production schema 9 to 10 rolls back after every exact migration statement" recorded an issue with 1 argument completedStatementCount → 34 at SQLiteStoreTests.swift:1246:3: Expectation failed: (migrationDigest(migration) → "b54582b347dd86372c8c0a5119061e7568ef47845df8b71b95ada4eacf73772e") == (expectedSchemaTenMigrationDigest → "818156e514db70ace3e9b2127bb7217a2f09a0af429bb23754f9195f0d467c3b")
◇ Test case passing 1 argument completedStatementCount → 35 to "production schema 9 to 10 rolls back after every exact migration statement" started.
✘ Test "production schema 9 to 10 rolls back after every exact migration statement" recorded an issue with 1 argument completedStatementCount → 35 at SQLiteStoreTests.swift:1246:3: Expectation failed: (migrationDigest(migration) → "b54582b347dd86372c8c0a5119061e7568ef47845df8b71b95ada4eacf73772e") == (expectedSchemaTenMigrationDigest → "818156e514db70ace3e9b2127bb7217a2f09a0af429bb23754f9195f0d467c3b")
◇ Test case passing 1 argument completedStatementCount → 36 to "production schema 9 to 10 rolls back after every exact migration statement" started.
✘ Test "production schema 9 to 10 rolls back after every exact migration statement" recorded an issue with 1 argument completedStatementCount → 36 at SQLiteStoreTests.swift:1246:3: Expectation failed: (migrationDigest(migration) → "b54582b347dd86372c8c0a5119061e7568ef47845df8b71b95ada4eacf73772e") == (expectedSchemaTenMigrationDigest → "818156e514db70ace3e9b2127bb7217a2f09a0af429bb23754f9195f0d467c3b")
◇ Test case passing 1 argument completedStatementCount → 37 to "production schema 9 to 10 rolls back after every exact migration statement" started.
✘ Test "production schema 9 to 10 rolls back after every exact migration statement" recorded an issue with 1 argument completedStatementCount → 37 at SQLiteStoreTests.swift:1246:3: Expectation failed: (migrationDigest(migration) → "b54582b347dd86372c8c0a5119061e7568ef47845df8b71b95ada4eacf73772e") == (expectedSchemaTenMigrationDigest → "818156e514db70ace3e9b2127bb7217a2f09a0af429bb23754f9195f0d467c3b")
◇ Test case passing 1 argument completedStatementCount → 38 to "production schema 9 to 10 rolls back after every exact migration statement" started.
✘ Test "production schema 9 to 10 rolls back after every exact migration statement" recorded an issue with 1 argument completedStatementCount → 38 at SQLiteStoreTests.swift:1246:3: Expectation failed: (migrationDigest(migration) → "b54582b347dd86372c8c0a5119061e7568ef47845df8b71b95ada4eacf73772e") == (expectedSchemaTenMigrationDigest → "818156e514db70ace3e9b2127bb7217a2f09a0af429bb23754f9195f0d467c3b")
◇ Test case passing 1 argument completedStatementCount → 39 to "production schema 9 to 10 rolls back after every exact migration statement" started.
✘ Test "production schema 9 to 10 rolls back after every exact migration statement" recorded an issue with 1 argument completedStatementCount → 39 at SQLiteStoreTests.swift:1246:3: Expectation failed: (migrationDigest(migration) → "b54582b347dd86372c8c0a5119061e7568ef47845df8b71b95ada4eacf73772e") == (expectedSchemaTenMigrationDigest → "818156e514db70ace3e9b2127bb7217a2f09a0af429bb23754f9195f0d467c3b")
◇ Test case passing 1 argument completedStatementCount → 40 to "production schema 9 to 10 rolls back after every exact migration statement" started.
✘ Test "production schema 9 to 10 rolls back after every exact migration statement" recorded an issue with 1 argument completedStatementCount → 40 at SQLiteStoreTests.swift:1246:3: Expectation failed: (migrationDigest(migration) → "b54582b347dd86372c8c0a5119061e7568ef47845df8b71b95ada4eacf73772e") == (expectedSchemaTenMigrationDigest → "818156e514db70ace3e9b2127bb7217a2f09a0af429bb23754f9195f0d467c3b")
◇ Test case passing 1 argument completedStatementCount → 41 to "production schema 9 to 10 rolls back after every exact migration statement" started.
✘ Test "production schema 9 to 10 rolls back after every exact migration statement" recorded an issue with 1 argument completedStatementCount → 41 at SQLiteStoreTests.swift:1246:3: Expectation failed: (migrationDigest(migration) → "b54582b347dd86372c8c0a5119061e7568ef47845df8b71b95ada4eacf73772e") == (expectedSchemaTenMigrationDigest → "818156e514db70ace3e9b2127bb7217a2f09a0af429bb23754f9195f0d467c3b")
◇ Test case passing 1 argument completedStatementCount → 42 to "production schema 9 to 10 rolls back after every exact migration statement" started.
◇ Test case passing 1 argument completedStatementCount → 43 to "production schema 9 to 10 rolls back after every exact migration statement" started.
✘ Test "production schema 9 to 10 rolls back after every exact migration statement" recorded an issue with 1 argument completedStatementCount → 42 at SQLiteStoreTests.swift:1246:3: Expectation failed: (migrationDigest(migration) → "b54582b347dd86372c8c0a5119061e7568ef47845df8b71b95ada4eacf73772e") == (expectedSchemaTenMigrationDigest → "818156e514db70ace3e9b2127bb7217a2f09a0af429bb23754f9195f0d467c3b")
✘ Test "production schema 9 to 10 rolls back after every exact migration statement" recorded an issue with 1 argument completedStatementCount → 43 at SQLiteStoreTests.swift:1246:3: Expectation failed: (migrationDigest(migration) → "b54582b347dd86372c8c0a5119061e7568ef47845df8b71b95ada4eacf73772e") == (expectedSchemaTenMigrationDigest → "818156e514db70ace3e9b2127bb7217a2f09a0af429bb23754f9195f0d467c3b")
◇ Test case passing 1 argument completedStatementCount → 44 to "production schema 9 to 10 rolls back after every exact migration statement" started.
✘ Test "production schema 9 to 10 rolls back after every exact migration statement" recorded an issue with 1 argument completedStatementCount → 44 at SQLiteStoreTests.swift:1246:3: Expectation failed: (migrationDigest(migration) → "b54582b347dd86372c8c0a5119061e7568ef47845df8b71b95ada4eacf73772e") == (expectedSchemaTenMigrationDigest → "818156e514db70ace3e9b2127bb7217a2f09a0af429bb23754f9195f0d467c3b")
◇ Test case passing 1 argument completedStatementCount → 45 to "production schema 9 to 10 rolls back after every exact migration statement" started.
✘ Test "production schema 9 to 10 rolls back after every exact migration statement" recorded an issue with 1 argument completedStatementCount → 45 at SQLiteStoreTests.swift:1246:3: Expectation failed: (migrationDigest(migration) → "b54582b347dd86372c8c0a5119061e7568ef47845df8b71b95ada4eacf73772e") == (expectedSchemaTenMigrationDigest → "818156e514db70ace3e9b2127bb7217a2f09a0af429bb23754f9195f0d467c3b")
◇ Test case passing 1 argument completedStatementCount → 46 to "production schema 9 to 10 rolls back after every exact migration statement" started.
✘ Test "production schema 9 to 10 rolls back after every exact migration statement" recorded an issue with 1 argument completedStatementCount → 46 at SQLiteStoreTests.swift:1246:3: Expectation failed: (migrationDigest(migration) → "b54582b347dd86372c8c0a5119061e7568ef47845df8b71b95ada4eacf73772e") == (expectedSchemaTenMigrationDigest → "818156e514db70ace3e9b2127bb7217a2f09a0af429bb23754f9195f0d467c3b")
◇ Test case passing 1 argument completedStatementCount → 47 to "production schema 9 to 10 rolls back after every exact migration statement" started.
✘ Test "production schema 9 to 10 rolls back after every exact migration statement" recorded an issue with 1 argument completedStatementCount → 47 at SQLiteStoreTests.swift:1246:3: Expectation failed: (migrationDigest(migration) → "b54582b347dd86372c8c0a5119061e7568ef47845df8b71b95ada4eacf73772e") == (expectedSchemaTenMigrationDigest → "818156e514db70ace3e9b2127bb7217a2f09a0af429bb23754f9195f0d467c3b")
◇ Test case passing 1 argument completedStatementCount → 48 to "production schema 9 to 10 rolls back after every exact migration statement" started.
✘ Test "production schema 9 to 10 rolls back after every exact migration statement" recorded an issue with 1 argument completedStatementCount → 48 at SQLiteStoreTests.swift:1246:3: Expectation failed: (migrationDigest(migration) → "b54582b347dd86372c8c0a5119061e7568ef47845df8b71b95ada4eacf73772e") == (expectedSchemaTenMigrationDigest → "818156e514db70ace3e9b2127bb7217a2f09a0af429bb23754f9195f0d467c3b")
◇ Test case passing 1 argument completedStatementCount → 49 to "production schema 9 to 10 rolls back after every exact migration statement" started.
◇ Test case passing 1 argument completedStatementCount → 50 to "production schema 9 to 10 rolls back after every exact migration statement" started.
✘ Test "production schema 9 to 10 rolls back after every exact migration statement" recorded an issue with 1 argument completedStatementCount → 49 at SQLiteStoreTests.swift:1246:3: Expectation failed: (migrationDigest(migration) → "b54582b347dd86372c8c0a5119061e7568ef47845df8b71b95ada4eacf73772e") == (expectedSchemaTenMigrationDigest → "818156e514db70ace3e9b2127bb7217a2f09a0af429bb23754f9195f0d467c3b")
✘ Test "production schema 9 to 10 rolls back after every exact migration statement" recorded an issue with 1 argument completedStatementCount → 50 at SQLiteStoreTests.swift:1246:3: Expectation failed: (migrationDigest(migration) → "b54582b347dd86372c8c0a5119061e7568ef47845df8b71b95ada4eacf73772e") == (expectedSchemaTenMigrationDigest → "818156e514db70ace3e9b2127bb7217a2f09a0af429bb23754f9195f0d467c3b")
◇ Test case passing 1 argument completedStatementCount → 51 to "production schema 9 to 10 rolls back after every exact migration statement" started.
✘ Test "production schema 9 to 10 rolls back after every exact migration statement" recorded an issue with 1 argument completedStatementCount → 51 at SQLiteStoreTests.swift:1246:3: Expectation failed: (migrationDigest(migration) → "b54582b347dd86372c8c0a5119061e7568ef47845df8b71b95ada4eacf73772e") == (expectedSchemaTenMigrationDigest → "818156e514db70ace3e9b2127bb7217a2f09a0af429bb23754f9195f0d467c3b")
◇ Test case passing 1 argument completedStatementCount → 52 to "production schema 9 to 10 rolls back after every exact migration statement" started.
✘ Test "production schema 9 to 10 rolls back after every exact migration statement" recorded an issue with 1 argument completedStatementCount → 52 at SQLiteStoreTests.swift:1246:3: Expectation failed: (migrationDigest(migration) → "b54582b347dd86372c8c0a5119061e7568ef47845df8b71b95ada4eacf73772e") == (expectedSchemaTenMigrationDigest → "818156e514db70ace3e9b2127bb7217a2f09a0af429bb23754f9195f0d467c3b")
◇ Test case passing 1 argument completedStatementCount → 53 to "production schema 9 to 10 rolls back after every exact migration statement" started.
✘ Test "production schema 9 to 10 rolls back after every exact migration statement" recorded an issue with 1 argument completedStatementCount → 53 at SQLiteStoreTests.swift:1246:3: Expectation failed: (migrationDigest(migration) → "b54582b347dd86372c8c0a5119061e7568ef47845df8b71b95ada4eacf73772e") == (expectedSchemaTenMigrationDigest → "818156e514db70ace3e9b2127bb7217a2f09a0af429bb23754f9195f0d467c3b")
◇ Test case passing 1 argument completedStatementCount → 54 to "production schema 9 to 10 rolls back after every exact migration statement" started.
✘ Test "production schema 9 to 10 rolls back after every exact migration statement" recorded an issue with 1 argument completedStatementCount → 54 at SQLiteStoreTests.swift:1246:3: Expectation failed: (migrationDigest(migration) → "b54582b347dd86372c8c0a5119061e7568ef47845df8b71b95ada4eacf73772e") == (expectedSchemaTenMigrationDigest → "818156e514db70ace3e9b2127bb7217a2f09a0af429bb23754f9195f0d467c3b")
◇ Test case passing 1 argument completedStatementCount → 55 to "production schema 9 to 10 rolls back after every exact migration statement" started.
✘ Test "production schema 9 to 10 rolls back after every exact migration statement" recorded an issue with 1 argument completedStatementCount → 55 at SQLiteStoreTests.swift:1246:3: Expectation failed: (migrationDigest(migration) → "b54582b347dd86372c8c0a5119061e7568ef47845df8b71b95ada4eacf73772e") == (expectedSchemaTenMigrationDigest → "818156e514db70ace3e9b2127bb7217a2f09a0af429bb23754f9195f0d467c3b")
◇ Test case passing 1 argument completedStatementCount → 56 to "production schema 9 to 10 rolls back after every exact migration statement" started.
✘ Test "production schema 9 to 10 rolls back after every exact migration statement" recorded an issue with 1 argument completedStatementCount → 56 at SQLiteStoreTests.swift:1246:3: Expectation failed: (migrationDigest(migration) → "b54582b347dd86372c8c0a5119061e7568ef47845df8b71b95ada4eacf73772e") == (expectedSchemaTenMigrationDigest → "818156e514db70ace3e9b2127bb7217a2f09a0af429bb23754f9195f0d467c3b")
◇ Test case passing 1 argument completedStatementCount → 57 to "production schema 9 to 10 rolls back after every exact migration statement" started.
◇ Test case passing 1 argument completedStatementCount → 58 to "production schema 9 to 10 rolls back after every exact migration statement" started.
✘ Test "production schema 9 to 10 rolls back after every exact migration statement" recorded an issue with 1 argument completedStatementCount → 57 at SQLiteStoreTests.swift:1246:3: Expectation failed: (migrationDigest(migration) → "b54582b347dd86372c8c0a5119061e7568ef47845df8b71b95ada4eacf73772e") == (expectedSchemaTenMigrationDigest → "818156e514db70ace3e9b2127bb7217a2f09a0af429bb23754f9195f0d467c3b")
✘ Test "production schema 9 to 10 rolls back after every exact migration statement" recorded an issue with 1 argument completedStatementCount → 58 at SQLiteStoreTests.swift:1246:3: Expectation failed: (migrationDigest(migration) → "b54582b347dd86372c8c0a5119061e7568ef47845df8b71b95ada4eacf73772e") == (expectedSchemaTenMigrationDigest → "818156e514db70ace3e9b2127bb7217a2f09a0af429bb23754f9195f0d467c3b")
◇ Test case passing 1 argument completedStatementCount → 59 to "production schema 9 to 10 rolls back after every exact migration statement" started.
◇ Test case passing 1 argument completedStatementCount → 60 to "production schema 9 to 10 rolls back after every exact migration statement" started.
✘ Test "production schema 9 to 10 rolls back after every exact migration statement" recorded an issue with 1 argument completedStatementCount → 59 at SQLiteStoreTests.swift:1246:3: Expectation failed: (migrationDigest(migration) → "b54582b347dd86372c8c0a5119061e7568ef47845df8b71b95ada4eacf73772e") == (expectedSchemaTenMigrationDigest → "818156e514db70ace3e9b2127bb7217a2f09a0af429bb23754f9195f0d467c3b")
✘ Test "production schema 9 to 10 rolls back after every exact migration statement" recorded an issue with 1 argument completedStatementCount → 60 at SQLiteStoreTests.swift:1246:3: Expectation failed: (migrationDigest(migration) → "b54582b347dd86372c8c0a5119061e7568ef47845df8b71b95ada4eacf73772e") == (expectedSchemaTenMigrationDigest → "818156e514db70ace3e9b2127bb7217a2f09a0af429bb23754f9195f0d467c3b")
◇ Test case passing 1 argument completedStatementCount → 61 to "production schema 9 to 10 rolls back after every exact migration statement" started.
✘ Test "production schema 9 to 10 rolls back after every exact migration statement" recorded an issue with 1 argument completedStatementCount → 61 at SQLiteStoreTests.swift:1246:3: Expectation failed: (migrationDigest(migration) → "b54582b347dd86372c8c0a5119061e7568ef47845df8b71b95ada4eacf73772e") == (expectedSchemaTenMigrationDigest → "818156e514db70ace3e9b2127bb7217a2f09a0af429bb23754f9195f0d467c3b")
◇ Test case passing 1 argument completedStatementCount → 62 to "production schema 9 to 10 rolls back after every exact migration statement" started.
✘ Test "production schema 9 to 10 rolls back after every exact migration statement" recorded an issue with 1 argument completedStatementCount → 62 at SQLiteStoreTests.swift:1246:3: Expectation failed: (migrationDigest(migration) → "b54582b347dd86372c8c0a5119061e7568ef47845df8b71b95ada4eacf73772e") == (expectedSchemaTenMigrationDigest → "818156e514db70ace3e9b2127bb7217a2f09a0af429bb23754f9195f0d467c3b")
◇ Test case passing 1 argument completedStatementCount → 63 to "production schema 9 to 10 rolls back after every exact migration statement" started.
◇ Test case passing 1 argument completedStatementCount → 64 to "production schema 9 to 10 rolls back after every exact migration statement" started.
✘ Test "production schema 9 to 10 rolls back after every exact migration statement" recorded an issue with 1 argument completedStatementCount → 63 at SQLiteStoreTests.swift:1246:3: Expectation failed: (migrationDigest(migration) → "b54582b347dd86372c8c0a5119061e7568ef47845df8b71b95ada4eacf73772e") == (expectedSchemaTenMigrationDigest → "818156e514db70ace3e9b2127bb7217a2f09a0af429bb23754f9195f0d467c3b")
✘ Test "production schema 9 to 10 rolls back after every exact migration statement" recorded an issue with 1 argument completedStatementCount → 64 at SQLiteStoreTests.swift:1246:3: Expectation failed: (migrationDigest(migration) → "b54582b347dd86372c8c0a5119061e7568ef47845df8b71b95ada4eacf73772e") == (expectedSchemaTenMigrationDigest → "818156e514db70ace3e9b2127bb7217a2f09a0af429bb23754f9195f0d467c3b")
◇ Test case passing 1 argument completedStatementCount → 65 to "production schema 9 to 10 rolls back after every exact migration statement" started.
✘ Test "production schema 9 to 10 rolls back after every exact migration statement" recorded an issue with 1 argument completedStatementCount → 65 at SQLiteStoreTests.swift:1246:3: Expectation failed: (migrationDigest(migration) → "b54582b347dd86372c8c0a5119061e7568ef47845df8b71b95ada4eacf73772e") == (expectedSchemaTenMigrationDigest → "818156e514db70ace3e9b2127bb7217a2f09a0af429bb23754f9195f0d467c3b")
◇ Test case passing 1 argument completedStatementCount → 66 to "production schema 9 to 10 rolls back after every exact migration statement" started.
✘ Test "production schema 9 to 10 rolls back after every exact migration statement" recorded an issue with 1 argument completedStatementCount → 66 at SQLiteStoreTests.swift:1246:3: Expectation failed: (migrationDigest(migration) → "b54582b347dd86372c8c0a5119061e7568ef47845df8b71b95ada4eacf73772e") == (expectedSchemaTenMigrationDigest → "818156e514db70ace3e9b2127bb7217a2f09a0af429bb23754f9195f0d467c3b")
◇ Test case passing 1 argument completedStatementCount → 67 to "production schema 9 to 10 rolls back after every exact migration statement" started.
✘ Test "production schema 9 to 10 rolls back after every exact migration statement" recorded an issue with 1 argument completedStatementCount → 67 at SQLiteStoreTests.swift:1246:3: Expectation failed: (migrationDigest(migration) → "b54582b347dd86372c8c0a5119061e7568ef47845df8b71b95ada4eacf73772e") == (expectedSchemaTenMigrationDigest → "818156e514db70ace3e9b2127bb7217a2f09a0af429bb23754f9195f0d467c3b")
◇ Test case passing 1 argument completedStatementCount → 68 to "production schema 9 to 10 rolls back after every exact migration statement" started.
✘ Test "production schema 9 to 10 rolls back after every exact migration statement" recorded an issue with 1 argument completedStatementCount → 68 at SQLiteStoreTests.swift:1246:3: Expectation failed: (migrationDigest(migration) → "b54582b347dd86372c8c0a5119061e7568ef47845df8b71b95ada4eacf73772e") == (expectedSchemaTenMigrationDigest → "818156e514db70ace3e9b2127bb7217a2f09a0af429bb23754f9195f0d467c3b")
◇ Test case passing 1 argument completedStatementCount → 69 to "production schema 9 to 10 rolls back after every exact migration statement" started.
◇ Test case passing 1 argument completedStatementCount → 70 to "production schema 9 to 10 rolls back after every exact migration statement" started.
✘ Test "production schema 9 to 10 rolls back after every exact migration statement" recorded an issue with 1 argument completedStatementCount → 69 at SQLiteStoreTests.swift:1246:3: Expectation failed: (migrationDigest(migration) → "b54582b347dd86372c8c0a5119061e7568ef47845df8b71b95ada4eacf73772e") == (expectedSchemaTenMigrationDigest → "818156e514db70ace3e9b2127bb7217a2f09a0af429bb23754f9195f0d467c3b")
✘ Test "production schema 9 to 10 rolls back after every exact migration statement" recorded an issue with 1 argument completedStatementCount → 70 at SQLiteStoreTests.swift:1246:3: Expectation failed: (migrationDigest(migration) → "b54582b347dd86372c8c0a5119061e7568ef47845df8b71b95ada4eacf73772e") == (expectedSchemaTenMigrationDigest → "818156e514db70ace3e9b2127bb7217a2f09a0af429bb23754f9195f0d467c3b")
◇ Test case passing 1 argument completedStatementCount → 71 to "production schema 9 to 10 rolls back after every exact migration statement" started.
✘ Test "production schema 9 to 10 rolls back after every exact migration statement" recorded an issue with 1 argument completedStatementCount → 71 at SQLiteStoreTests.swift:1246:3: Expectation failed: (migrationDigest(migration) → "b54582b347dd86372c8c0a5119061e7568ef47845df8b71b95ada4eacf73772e") == (expectedSchemaTenMigrationDigest → "818156e514db70ace3e9b2127bb7217a2f09a0af429bb23754f9195f0d467c3b")
◇ Test case passing 1 argument completedStatementCount → 72 to "production schema 9 to 10 rolls back after every exact migration statement" started.
✘ Test "production schema 9 to 10 rolls back after every exact migration statement" recorded an issue with 1 argument completedStatementCount → 72 at SQLiteStoreTests.swift:1246:3: Expectation failed: (migrationDigest(migration) → "b54582b347dd86372c8c0a5119061e7568ef47845df8b71b95ada4eacf73772e") == (expectedSchemaTenMigrationDigest → "818156e514db70ace3e9b2127bb7217a2f09a0af429bb23754f9195f0d467c3b")
◇ Test case passing 1 argument completedStatementCount → 73 to "production schema 9 to 10 rolls back after every exact migration statement" started.
✘ Test "production schema 9 to 10 rolls back after every exact migration statement" recorded an issue with 1 argument completedStatementCount → 73 at SQLiteStoreTests.swift:1246:3: Expectation failed: (migrationDigest(migration) → "b54582b347dd86372c8c0a5119061e7568ef47845df8b71b95ada4eacf73772e") == (expectedSchemaTenMigrationDigest → "818156e514db70ace3e9b2127bb7217a2f09a0af429bb23754f9195f0d467c3b")
◇ Test case passing 1 argument completedStatementCount → 74 to "production schema 9 to 10 rolls back after every exact migration statement" started.
✘ Test "production schema 9 to 10 rolls back after every exact migration statement" recorded an issue with 1 argument completedStatementCount → 74 at SQLiteStoreTests.swift:1246:3: Expectation failed: (migrationDigest(migration) → "b54582b347dd86372c8c0a5119061e7568ef47845df8b71b95ada4eacf73772e") == (expectedSchemaTenMigrationDigest → "818156e514db70ace3e9b2127bb7217a2f09a0af429bb23754f9195f0d467c3b")
◇ Test case passing 1 argument completedStatementCount → 75 to "production schema 9 to 10 rolls back after every exact migration statement" started.
✘ Test "production schema 9 to 10 rolls back after every exact migration statement" recorded an issue with 1 argument completedStatementCount → 75 at SQLiteStoreTests.swift:1246:3: Expectation failed: (migrationDigest(migration) → "b54582b347dd86372c8c0a5119061e7568ef47845df8b71b95ada4eacf73772e") == (expectedSchemaTenMigrationDigest → "818156e514db70ace3e9b2127bb7217a2f09a0af429bb23754f9195f0d467c3b")
◇ Test case passing 1 argument completedStatementCount → 77 to "production schema 9 to 10 rolls back after every exact migration statement" started.
◇ Test case passing 1 argument completedStatementCount → 76 to "production schema 9 to 10 rolls back after every exact migration statement" started.
✘ Test "production schema 9 to 10 rolls back after every exact migration statement" recorded an issue with 1 argument completedStatementCount → 77 at SQLiteStoreTests.swift:1246:3: Expectation failed: (migrationDigest(migration) → "b54582b347dd86372c8c0a5119061e7568ef47845df8b71b95ada4eacf73772e") == (expectedSchemaTenMigrationDigest → "818156e514db70ace3e9b2127bb7217a2f09a0af429bb23754f9195f0d467c3b")
✘ Test "production schema 9 to 10 rolls back after every exact migration statement" recorded an issue with 1 argument completedStatementCount → 76 at SQLiteStoreTests.swift:1246:3: Expectation failed: (migrationDigest(migration) → "b54582b347dd86372c8c0a5119061e7568ef47845df8b71b95ada4eacf73772e") == (expectedSchemaTenMigrationDigest → "818156e514db70ace3e9b2127bb7217a2f09a0af429bb23754f9195f0d467c3b")
◇ Test case passing 1 argument completedStatementCount → 78 to "production schema 9 to 10 rolls back after every exact migration statement" started.
✘ Test "production schema 9 to 10 rolls back after every exact migration statement" recorded an issue with 1 argument completedStatementCount → 78 at SQLiteStoreTests.swift:1246:3: Expectation failed: (migrationDigest(migration) → "b54582b347dd86372c8c0a5119061e7568ef47845df8b71b95ada4eacf73772e") == (expectedSchemaTenMigrationDigest → "818156e514db70ace3e9b2127bb7217a2f09a0af429bb23754f9195f0d467c3b")
◇ Test case passing 1 argument completedStatementCount → 79 to "production schema 9 to 10 rolls back after every exact migration statement" started.
◇ Test case passing 1 argument completedStatementCount → 80 to "production schema 9 to 10 rolls back after every exact migration statement" started.
✘ Test "production schema 9 to 10 rolls back after every exact migration statement" recorded an issue with 1 argument completedStatementCount → 79 at SQLiteStoreTests.swift:1246:3: Expectation failed: (migrationDigest(migration) → "b54582b347dd86372c8c0a5119061e7568ef47845df8b71b95ada4eacf73772e") == (expectedSchemaTenMigrationDigest → "818156e514db70ace3e9b2127bb7217a2f09a0af429bb23754f9195f0d467c3b")
◇ Test case passing 1 argument completedStatementCount → 81 to "production schema 9 to 10 rolls back after every exact migration statement" started.
✘ Test "production schema 9 to 10 rolls back after every exact migration statement" recorded an issue with 1 argument completedStatementCount → 80 at SQLiteStoreTests.swift:1246:3: Expectation failed: (migrationDigest(migration) → "b54582b347dd86372c8c0a5119061e7568ef47845df8b71b95ada4eacf73772e") == (expectedSchemaTenMigrationDigest → "818156e514db70ace3e9b2127bb7217a2f09a0af429bb23754f9195f0d467c3b")
◇ Test case passing 1 argument completedStatementCount → 82 to "production schema 9 to 10 rolls back after every exact migration statement" started.
✘ Test "production schema 9 to 10 rolls back after every exact migration statement" recorded an issue with 1 argument completedStatementCount → 81 at SQLiteStoreTests.swift:1246:3: Expectation failed: (migrationDigest(migration) → "b54582b347dd86372c8c0a5119061e7568ef47845df8b71b95ada4eacf73772e") == (expectedSchemaTenMigrationDigest → "818156e514db70ace3e9b2127bb7217a2f09a0af429bb23754f9195f0d467c3b")
✘ Test "production schema 9 to 10 rolls back after every exact migration statement" recorded an issue with 1 argument completedStatementCount → 82 at SQLiteStoreTests.swift:1246:3: Expectation failed: (migrationDigest(migration) → "b54582b347dd86372c8c0a5119061e7568ef47845df8b71b95ada4eacf73772e") == (expectedSchemaTenMigrationDigest → "818156e514db70ace3e9b2127bb7217a2f09a0af429bb23754f9195f0d467c3b")
◇ Test case passing 1 argument completedStatementCount → 83 to "production schema 9 to 10 rolls back after every exact migration statement" started.
◇ Test case passing 1 argument completedStatementCount → 84 to "production schema 9 to 10 rolls back after every exact migration statement" started.
✘ Test "production schema 9 to 10 rolls back after every exact migration statement" recorded an issue with 1 argument completedStatementCount → 83 at SQLiteStoreTests.swift:1246:3: Expectation failed: (migrationDigest(migration) → "b54582b347dd86372c8c0a5119061e7568ef47845df8b71b95ada4eacf73772e") == (expectedSchemaTenMigrationDigest → "818156e514db70ace3e9b2127bb7217a2f09a0af429bb23754f9195f0d467c3b")
✘ Test "production schema 9 to 10 rolls back after every exact migration statement" recorded an issue with 1 argument completedStatementCount → 84 at SQLiteStoreTests.swift:1246:3: Expectation failed: (migrationDigest(migration) → "b54582b347dd86372c8c0a5119061e7568ef47845df8b71b95ada4eacf73772e") == (expectedSchemaTenMigrationDigest → "818156e514db70ace3e9b2127bb7217a2f09a0af429bb23754f9195f0d467c3b")
◇ Test case passing 1 argument completedStatementCount → 85 to "production schema 9 to 10 rolls back after every exact migration statement" started.
◇ Test case passing 1 argument completedStatementCount → 86 to "production schema 9 to 10 rolls back after every exact migration statement" started.
✘ Test "production schema 9 to 10 rolls back after every exact migration statement" recorded an issue with 1 argument completedStatementCount → 86 at SQLiteStoreTests.swift:1246:3: Expectation failed: (migrationDigest(migration) → "b54582b347dd86372c8c0a5119061e7568ef47845df8b71b95ada4eacf73772e") == (expectedSchemaTenMigrationDigest → "818156e514db70ace3e9b2127bb7217a2f09a0af429bb23754f9195f0d467c3b")
✘ Test "production schema 9 to 10 rolls back after every exact migration statement" recorded an issue with 1 argument completedStatementCount → 85 at SQLiteStoreTests.swift:1246:3: Expectation failed: (migrationDigest(migration) → "b54582b347dd86372c8c0a5119061e7568ef47845df8b71b95ada4eacf73772e") == (expectedSchemaTenMigrationDigest → "818156e514db70ace3e9b2127bb7217a2f09a0af429bb23754f9195f0d467c3b")
◇ Test case passing 1 argument completedStatementCount → 87 to "production schema 9 to 10 rolls back after every exact migration statement" started.
◇ Test case passing 1 argument completedStatementCount → 88 to "production schema 9 to 10 rolls back after every exact migration statement" started.
✘ Test "production schema 9 to 10 rolls back after every exact migration statement" recorded an issue with 1 argument completedStatementCount → 87 at SQLiteStoreTests.swift:1246:3: Expectation failed: (migrationDigest(migration) → "b54582b347dd86372c8c0a5119061e7568ef47845df8b71b95ada4eacf73772e") == (expectedSchemaTenMigrationDigest → "818156e514db70ace3e9b2127bb7217a2f09a0af429bb23754f9195f0d467c3b")
✘ Test "production schema 9 to 10 rolls back after every exact migration statement" recorded an issue with 1 argument completedStatementCount → 88 at SQLiteStoreTests.swift:1246:3: Expectation failed: (migrationDigest(migration) → "b54582b347dd86372c8c0a5119061e7568ef47845df8b71b95ada4eacf73772e") == (expectedSchemaTenMigrationDigest → "818156e514db70ace3e9b2127bb7217a2f09a0af429bb23754f9195f0d467c3b")
◇ Test case passing 1 argument completedStatementCount → 89 to "production schema 9 to 10 rolls back after every exact migration statement" started.
✘ Test "production schema 9 to 10 rolls back after every exact migration statement" recorded an issue with 1 argument completedStatementCount → 89 at SQLiteStoreTests.swift:1246:3: Expectation failed: (migrationDigest(migration) → "b54582b347dd86372c8c0a5119061e7568ef47845df8b71b95ada4eacf73772e") == (expectedSchemaTenMigrationDigest → "818156e514db70ace3e9b2127bb7217a2f09a0af429bb23754f9195f0d467c3b")
◇ Test case passing 1 argument completedStatementCount → 90 to "production schema 9 to 10 rolls back after every exact migration statement" started.
✘ Test "production schema upgrades to rollout authority without manufacturing authority" failed after 1.087 seconds with 1 issue.
✘ Test "production schema 9 to 10 rolls back after every exact migration statement" recorded an issue with 1 argument completedStatementCount → 90 at SQLiteStoreTests.swift:1246:3: Expectation failed: (migrationDigest(migration) → "b54582b347dd86372c8c0a5119061e7568ef47845df8b71b95ada4eacf73772e") == (expectedSchemaTenMigrationDigest → "818156e514db70ace3e9b2127bb7217a2f09a0af429bb23754f9195f0d467c3b")
✘ Test "production schema 9 to 10 rolls back after every exact migration statement" with 90 test cases failed after 1.185 seconds with 90 issues.
✘ Suite "SQLite durable store" failed after 1.186 seconds with 91 issues.
✘ Test run with 2 tests in 1 suite failed after 1.186 seconds with 91 issues.

Exit status: 1
UTC end: 2026-09-05T08:11:25Z
