[0/1] Planning build
Building for production...
[0/2] Write swift-version--58304C5D6DBC2206.txt
Build of product 'JidokaCodeBoundedCommand' complete! (0.22s)
Building for production...
[0/6] Write sources
[3/6] Write swift-version--58304C5D6DBC2206.txt
[5/7] Compiling JidokaCodeCore EngineProtocol.swift
/private/tmp/jidoka-code-progressive-production-automation/Sources/JidokaCodeCore/Keychain/GitHubTokenStore.swift:319:32: warning: 'SecKeychainItemGetTypeID()' was deprecated in macOS 10.10: SecKeychain is deprecated [#DeprecatedDeclaration]
317 |     case errSecSuccess:
318 |       guard let result,
319 |         CFGetTypeID(result) == SecKeychainItemGetTypeID()
    |                                `- warning: 'SecKeychainItemGetTypeID()' was deprecated in macOS 10.10: SecKeychain is deprecated [#DeprecatedDeclaration]
320 |       else {
321 |         throw GitHubTokenStoreError.inconsistentMutation

/private/tmp/jidoka-code-progressive-production-automation/Sources/JidokaCodeCore/Keychain/GitHubTokenStore.swift:333:11: warning: 'SecKeychainItemCopyAccess' was deprecated in macOS 10.10: SecKeychain is deprecated [#DeprecatedDeclaration]
331 |   private func access(for item: SecKeychainItem) throws -> SecAccess {
332 |     var access: SecAccess?
333 |     guard SecKeychainItemCopyAccess(item, &access) == errSecSuccess,
    |           `- warning: 'SecKeychainItemCopyAccess' was deprecated in macOS 10.10: SecKeychain is deprecated [#DeprecatedDeclaration]
334 |       let access
335 |     else {

/private/tmp/jidoka-code-progressive-production-automation/Sources/JidokaCodeCore/Keychain/GitHubTokenStore.swift:625:9: warning: 'SecTrustedApplicationCreateFromPath' was deprecated in macOS 10.10: SecKeychain is deprecated [#DeprecatedDeclaration]
623 |       var application: SecTrustedApplication?
624 |       let status = path.withCString {
625 |         SecTrustedApplicationCreateFromPath($0, &application)
    |         `- warning: 'SecTrustedApplicationCreateFromPath' was deprecated in macOS 10.10: SecKeychain is deprecated [#DeprecatedDeclaration]
626 |       }
627 |       guard status == errSecSuccess, let application else {

/private/tmp/jidoka-code-progressive-production-automation/Sources/JidokaCodeCore/Keychain/GitHubTokenStore.swift:633:18: warning: 'SecAccessCreate' was deprecated in macOS 10.10: SecKeychain is deprecated [#DeprecatedDeclaration]
631 |     }
632 |     var access: SecAccess?
633 |     let status = SecAccessCreate(
    |                  `- warning: 'SecAccessCreate' was deprecated in macOS 10.10: SecKeychain is deprecated [#DeprecatedDeclaration]
634 |       descriptor as CFString,
635 |       trustedApplications as CFArray,

/private/tmp/jidoka-code-progressive-production-automation/Sources/JidokaCodeCore/Keychain/GitHubTokenStore.swift:706:7: warning: 'SecAccessCopyOwnerAndACL' was deprecated in macOS 10.10: SecKeychain is deprecated [#DeprecatedDeclaration]
704 |     var ownerType = SecAccessOwnerType()
705 |     guard
706 |       SecAccessCopyOwnerAndACL(
    |       `- warning: 'SecAccessCopyOwnerAndACL' was deprecated in macOS 10.10: SecKeychain is deprecated [#DeprecatedDeclaration]
707 |         access,
708 |         &userID,

/private/tmp/jidoka-code-progressive-production-automation/Sources/JidokaCodeCore/Keychain/GitHubTokenStore.swift:717:11: warning: 'SecAccessCopyACLList' was deprecated in macOS 10.10: SecKeychain is deprecated [#DeprecatedDeclaration]
715 |     }
716 |     var list: CFArray?
717 |     guard SecAccessCopyACLList(access, &list) == errSecSuccess,
    |           `- warning: 'SecAccessCopyACLList' was deprecated in macOS 10.10: SecKeychain is deprecated [#DeprecatedDeclaration]
718 |       let entries = list as? [SecACL],
719 |       (1...32).contains(entries.count)

/private/tmp/jidoka-code-progressive-production-automation/Sources/JidokaCodeCore/Keychain/GitHubTokenStore.swift:727:30: warning: 'SecACLCopyAuthorizations' was deprecated in macOS 10.10: SecKeychain is deprecated [#DeprecatedDeclaration]
725 |     for entry in entries {
726 |       guard
727 |         let authorizations = SecACLCopyAuthorizations(entry) as? [String],
    |                              `- warning: 'SecACLCopyAuthorizations' was deprecated in macOS 10.10: SecKeychain is deprecated [#DeprecatedDeclaration]
728 |         (1...32).contains(authorizations.count)
729 |       else {

/private/tmp/jidoka-code-progressive-production-automation/Sources/JidokaCodeCore/Keychain/GitHubTokenStore.swift:736:9: warning: 'SecACLCopyContents' was deprecated in macOS 10.10: SecKeychain is deprecated [#DeprecatedDeclaration]
734 |       var prompt = SecKeychainPromptSelector()
735 |       guard
736 |         SecACLCopyContents(
    |         `- warning: 'SecACLCopyContents' was deprecated in macOS 10.10: SecKeychain is deprecated [#DeprecatedDeclaration]
737 |           entry,
738 |           &applicationList,

/private/tmp/jidoka-code-progressive-production-automation/Sources/JidokaCodeCore/Keychain/GitHubTokenStore.swift:754:17: warning: 'SecTrustedApplicationCopyData' was deprecated in macOS 10.10: SecKeychain is deprecated [#DeprecatedDeclaration]
752 |         for application in applications {
753 |           var value: CFData?
754 |           guard SecTrustedApplicationCopyData(application, &value) == errSecSuccess,
    |                 `- warning: 'SecTrustedApplicationCopyData' was deprecated in macOS 10.10: SecKeychain is deprecated [#DeprecatedDeclaration]
755 |             let value,
756 |             (value as Data).count <= 16_384

[#DeprecatedDeclaration]: <https://docs.swift.org/compiler/documentation/diagnostics/deprecated-declaration>
[6/8] Compiling JidokaCodeAppSupport AppViewModel.swift
[7/9] Compiling JidokaCodeApp ApplicationComposition.swift
[7/9] Write Objects.LinkFileList
[8/9] Linking JidokaCodeApp
Build of product 'JidokaCodeApp' complete! (82.22s)
/private/var/folders/ch/j0_jqg3x7v9c_lxrqdd1p97m0000gn/T/jidoka-code-s1.UWNLmF/native-code-identity-runtime/pi/node_modules/@mariozechner/clipboard-darwin-universal/clipboard.darwin-universal.node: replacing existing signature
toolchain=ok xcode=26.6 build=17F113 sdk=26.5 swift=6.3.3 swift-format=6.3.0
[0/1] Planning build
Building for production...
[0/2] Write swift-version--58304C5D6DBC2206.txt
Build of product 'JidokaCodeApp' complete! (0.20s)
Building for production...
[0/2] Write swift-version--58304C5D6DBC2206.txt
Build of product 'JidokaCodeBoundedCommand' complete! (0.11s)
staged_runtime_verifier_seconds=2.591 runtime_id=node-26.7.0-pi-0.84.2-darwin-arm64-v1 manifest_sha256=fe15573a58a4604a3695b092ba8b07ae2432da7b7f07743a8d54a4421ab3aa83 runtime_identity_sha256=fdae0b53001e8796afb4e3a721e618baa7a878dd583981c2f8facc46d0386d0c
Building for production...
[0/2] Write swift-version--58304C5D6DBC2206.txt
Build of product 'JidokaCodeApp' complete! (0.11s)
Building for production...
[0/2] Write swift-version--58304C5D6DBC2206.txt
Build of product 'JidokaCodeEngineProbe' complete! (0.11s)
Building for production...
[0/2] Write swift-version--58304C5D6DBC2206.txt
Build of product 'JidokaCodeAskPass' complete! (0.11s)
Building for production...
[0/2] Write swift-version--58304C5D6DBC2206.txt
Build of product 'JidokaCodePushGuard' complete! (0.11s)
Building for production...
[0/2] Write swift-version--58304C5D6DBC2206.txt
Build of product 'JidokaCodeHerdrHost' complete! (0.10s)
/private/tmp/jidoka-code-progressive-production-automation/build/Jidoka Code.app/Contents/Info.plist: OK
/private/tmp/jidoka-code-progressive-production-automation/build/Jidoka Code.app/Contents/Library/LaunchAgents/com.maroffo.JidokaCode.Engine.plist: OK
/private/tmp/jidoka-code-progressive-production-automation/build/Jidoka Code.app/Contents/Helpers/JidokaCodeEngineProbe: replacing existing signature
/private/tmp/jidoka-code-progressive-production-automation/build/Jidoka Code.app/Contents/Helpers/JidokaCodeAskPass: replacing existing signature
/private/tmp/jidoka-code-progressive-production-automation/build/Jidoka Code.app/Contents/Helpers/GitHooks/pre-push: replacing existing signature
/private/tmp/jidoka-code-progressive-production-automation/build/Jidoka Code.app/Contents/Helpers/JidokaCodeHerdrHost: replacing existing signature
/private/tmp/jidoka-code-progressive-production-automation/build/Jidoka Code.app: replacing existing signature
/private/tmp/jidoka-code-progressive-production-automation/build/Jidoka Code.app: replacing existing signature
signing=adhoc
packaged=/private/tmp/jidoka-code-progressive-production-automation/build/Jidoka Code.app
write: Permission denied
write: Permission denied
write: Permission denied
write: Permission denied
write: Permission denied
write: Permission denied
write: Permission denied
write: Permission denied
write: Permission denied
write: Permission denied
write: Permission denied
write: Permission denied
write: Permission denied
write: Permission denied
write: Permission denied
write: Permission denied
Jidoka extension RPC preflight: PASS, providerCalls=0
/private/tmp/jidoka-code-progressive-production-automation/build/Jidoka Code.app/Contents/Info.plist: OK
/private/tmp/jidoka-code-progressive-production-automation/build/Jidoka Code.app/Contents/Library/LaunchAgents/com.maroffo.JidokaCode.Engine.plist: OK
/private/var/folders/ch/j0_jqg3x7v9c_lxrqdd1p97m0000gn/T/jidoka-code-s1.UWNLmF/Jidoka Code Executable Mutated.app: replacing existing signature
production_authority_rejection_seconds=1.685
push_guard_open_stdin_seconds=0.030
/private/var/folders/ch/j0_jqg3x7v9c_lxrqdd1p97m0000gn/T/jidoka-code-s1.UWNLmF/Jidoka Code Release Runtime Mutated.app: replacing existing signature
/private/var/folders/ch/j0_jqg3x7v9c_lxrqdd1p97m0000gn/T/jidoka-code-s1.UWNLmF/Jidoka Code Release Runtime Mutated.app: replacing existing signature
/private/var/folders/ch/j0_jqg3x7v9c_lxrqdd1p97m0000gn/T/jidoka-code-s1.UWNLmF/Jidoka Code Release Runtime Mutated.app: replacing existing signature
/private/var/folders/ch/j0_jqg3x7v9c_lxrqdd1p97m0000gn/T/jidoka-code-s1.UWNLmF/Jidoka Code Release Runtime Mutated.app: replacing existing signature
/private/var/folders/ch/j0_jqg3x7v9c_lxrqdd1p97m0000gn/T/jidoka-code-s1.UWNLmF/Jidoka Code Release Runtime Mutated.app: replacing existing signature
/private/var/folders/ch/j0_jqg3x7v9c_lxrqdd1p97m0000gn/T/jidoka-code-s1.UWNLmF/Jidoka Code Release Runtime Mutated.app: replacing existing signature
/private/var/folders/ch/j0_jqg3x7v9c_lxrqdd1p97m0000gn/T/jidoka-code-s1.UWNLmF/Jidoka Code Release Runtime Mutated.app: replacing existing signature
/private/var/folders/ch/j0_jqg3x7v9c_lxrqdd1p97m0000gn/T/jidoka-code-s1.UWNLmF/Jidoka Code Release Runtime Mutated.app: replacing existing signature
/private/var/folders/ch/j0_jqg3x7v9c_lxrqdd1p97m0000gn/T/jidoka-code-s1.UWNLmF/Jidoka Code Mutated.app: replacing existing signature
/private/var/folders/ch/j0_jqg3x7v9c_lxrqdd1p97m0000gn/T/jidoka-code-s1.UWNLmF/Jidoka Code Mutated.app: replacing existing signature
/private/var/folders/ch/j0_jqg3x7v9c_lxrqdd1p97m0000gn/T/jidoka-code-s1.UWNLmF/Jidoka Code Mutated.app: replacing existing signature
/private/var/folders/ch/j0_jqg3x7v9c_lxrqdd1p97m0000gn/T/jidoka-code-s1.UWNLmF/Jidoka Code Runner Mutated.app: replacing existing signature
/private/var/folders/ch/j0_jqg3x7v9c_lxrqdd1p97m0000gn/T/jidoka-code-s1.UWNLmF/Jidoka Code Attestation Mutated.app: replacing existing signature
/private/var/folders/ch/j0_jqg3x7v9c_lxrqdd1p97m0000gn/T/jidoka-code-s1.UWNLmF/Jidoka Code Policy Mutated.app: replacing existing signature
/private/var/folders/ch/j0_jqg3x7v9c_lxrqdd1p97m0000gn/T/jidoka-code-s1.UWNLmF/Jidoka Code Workflow Mutated.app: replacing existing signature
S1 package E2E: PASS
app_minos=14.0 engine_minos=14.0 askpass_minos=14.0 push_guard_minos=14.0 herdr_host_minos=14.0
manifest_sha256=a21a11ebdc6f0a613356f6e8730a7ffd4beaab68a9904d5a68580f98e28d79a0 mutated_sha256=8569c91a97d69879d7e5d35ec2982aabfa1838a6ffb75f6f3c388a97bcc08e66
preflight={"bundleIdentifier":"com.maroffo.JidokaCode","manifestSHA256":"a21a11ebdc6f0a613356f6e8730a7ffd4beaab68a9904d5a68580f98e28d79a0","resourceName":"jidoka-code","schemaVersion":1,"status":"ok","workingDirectory":"/"}
engine={"identifier":"com.maroffo.JidokaCode.Engine","status":"ok","workingDirectory":"/"}
