Building for production...
[0/2] Write swift-version--58304C5D6DBC2206.txt
Build of product 'JidokaCodeApp' complete! (0.11s)
Building for production...
[0/2] Write swift-version--58304C5D6DBC2206.txt
Build of product 'JidokaCodeBoundedCommand' complete! (0.10s)
toolchain=ok xcode=26.6 build=17F113 sdk=26.5 swift=6.3.3 swift-format=6.3.0
Pi runtime attestation tests: PASS
Building for debugging...
[0/3] Write swift-version--58304C5D6DBC2206.txt
Build of product 'JidokaCodeApp' complete! (0.10s)
Building for debugging...
[0/3] Write swift-version--58304C5D6DBC2206.txt
Build of product 'JidokaCodeHerdrHost' complete! (0.10s)
Building for debugging...
[0/3] Write swift-version--58304C5D6DBC2206.txt
[1/4] Write sources
[3/6] Compiling JidokaCodeHerdrFixture main.swift
[4/6] Emitting module JidokaCodeHerdrFixture
[4/7] Write Objects.LinkFileList
[5/7] Linking JidokaCodeHerdrFixture
[6/7] Applying JidokaCodeHerdrFixture
Build of product 'JidokaCodeHerdrFixture' complete! (1.05s)
S12 artifacts retained at /private/tmp/jidoka-code-progressive-production-automation/build/evidence/jidoka-herdr-s12.7t4rdw
