[0/1] Planning build
Building for production...
[0/2] Write swift-version--58304C5D6DBC2206.txt
Build of product 'JidokaCodeApp' complete! (0.22s)
Building for production...
[0/2] Write swift-version--58304C5D6DBC2206.txt
Build of product 'JidokaCodeBoundedCommand' complete! (0.11s)
toolchain=ok xcode=26.6 build=17F113 sdk=26.5 swift=6.3.3 swift-format=6.3.0
[0/1] Planning build
Building for production...
[0/2] Write swift-version--58304C5D6DBC2206.txt
[1/3] Write sources
[3/4] Compiling JidokaCodeUIFixture JidokaCodeUIFixtureMain.swift
[3/5] Write Objects.LinkFileList
[4/5] Linking JidokaCodeUIFixture
Build of product 'JidokaCodeUIFixture' complete! (2.93s)
/private/tmp/jidoka-code-progressive-production-automation/build/w7-ui-flow/Jidoka Code UI Fixture.app: replacing existing signature
ui_fixture_bundle=/private/tmp/jidoka-code-progressive-production-automation/build/w7-ui-flow/Jidoka Code UI Fixture.app
ui_flow_report=/private/tmp/jidoka-code-progressive-production-automation/build/w7-ui-flow/evidence/ui-flow-report.json
ui_screenshot_sha256=4176d47d13d4047acd72c96faaa5ee97dd5262718de467d06f1e82fb30d4e647 onboarding-first-run.png
ui_screenshot_sha256=17b5819f0b3321669665a78a776105eef08cd5e42f42194d5b6e2f3dc3d4e8e0 settings-accessibility-type.png
ui_screenshot_sha256=4def9a4ff1736f108457f35dcf0ee5a055ed21b2062a2fd544b8f0e48a682104 settings-catalog-unavailable.png
ui_screenshot_sha256=78d8d52e330dd6a296fb27b2617daf21f769761d6edca6cf0f70208aa242431f menu-warning.png
accessibility_evidence=declared-production-contract-plus-rendered-screenshots
runtime_ax_identifiers=unavailable-in-offscreen-hosting-fixture
network_boundary=sandbox-deny-network
side_effects=keychain:0,network:0,provider:0,service_management:0
