^D[0/1] Planning build
Building for debugging...
[0/24] Write sources
[1/24] Write swift-version--58304C5D6DBC2206.txt
[3/88] Compiling JidokaCodeCoreTests EngineXPCPeerValidatorTests.swift
[4/88] Compiling JidokaCodeCoreTests FrozenCommandPlanCodecTests.swift
[5/88] Compiling JidokaCodeCoreTests GitAskPassTests.swift
[6/88] Compiling JidokaCodeCoreTests GitHubDiscoveryTests.swift
[7/88] Compiling JidokaCodeCoreTests GitHubHTTPTests.swift
[8/88] Compiling JidokaCodeCoreTests GitProcessTests.swift
[9/88] Compiling JidokaCodeCoreTests GitPublicationTests.swift
[10/88] Compiling JidokaCodeCoreTests GitPushGuardTests.swift
[11/88] Compiling JidokaCodeCoreTests GitRolloutPreviewTests.swift
[12/88] Compiling JidokaCodeCoreTests GitTestSupport.swift
[13/92] Compiling JidokaCodeCoreTests GitHubPullRequestPublisherTests.swift
/private/tmp/jidoka-code-progressive-production-automation/Tests/JidokaCodeCoreTests/GitHubTokenStoreTests.swift:446:7: warning: 'SecTrustedApplicationCreateFromPath' was deprecated in macOS 10.10: SecKeychain is deprecated [#DeprecatedDeclaration]
444 |     var application: SecTrustedApplication?
445 |     let status = path.withCString {
446 |       SecTrustedApplicationCreateFromPath($0, &application)
    |       `- warning: 'SecTrustedApplicationCreateFromPath' was deprecated in macOS 10.10: SecKeychain is deprecated [#DeprecatedDeclaration]
447 |     }
448 |     guard status == errSecSuccess, let application else {

/private/tmp/jidoka-code-progressive-production-automation/Tests/JidokaCodeCoreTests/GitHubTokenStoreTests.swift:454:16: warning: 'SecAccessCreate' was deprecated in macOS 10.10: SecKeychain is deprecated [#DeprecatedDeclaration]
452 |   }
453 |   var access: SecAccess?
454 |   let status = SecAccessCreate(
    |                `- warning: 'SecAccessCreate' was deprecated in macOS 10.10: SecKeychain is deprecated [#DeprecatedDeclaration]
455 |     descriptor as CFString,
456 |     trustedApplications as CFArray,

[#DeprecatedDeclaration]: <https://docs.swift.org/compiler/documentation/diagnostics/deprecated-declaration>
[14/92] Compiling JidokaCodeCoreTests GitHubRequestTests.swift
/private/tmp/jidoka-code-progressive-production-automation/Tests/JidokaCodeCoreTests/GitHubTokenStoreTests.swift:446:7: warning: 'SecTrustedApplicationCreateFromPath' was deprecated in macOS 10.10: SecKeychain is deprecated [#DeprecatedDeclaration]
444 |     var application: SecTrustedApplication?
445 |     let status = path.withCString {
446 |       SecTrustedApplicationCreateFromPath($0, &application)
    |       `- warning: 'SecTrustedApplicationCreateFromPath' was deprecated in macOS 10.10: SecKeychain is deprecated [#DeprecatedDeclaration]
447 |     }
448 |     guard status == errSecSuccess, let application else {

/private/tmp/jidoka-code-progressive-production-automation/Tests/JidokaCodeCoreTests/GitHubTokenStoreTests.swift:454:16: warning: 'SecAccessCreate' was deprecated in macOS 10.10: SecKeychain is deprecated [#DeprecatedDeclaration]
452 |   }
453 |   var access: SecAccess?
454 |   let status = SecAccessCreate(
    |                `- warning: 'SecAccessCreate' was deprecated in macOS 10.10: SecKeychain is deprecated [#DeprecatedDeclaration]
455 |     descriptor as CFString,
456 |     trustedApplications as CFArray,

[#DeprecatedDeclaration]: <https://docs.swift.org/compiler/documentation/diagnostics/deprecated-declaration>
[15/92] Compiling JidokaCodeCoreTests GitHubTokenStoreTests.swift
/private/tmp/jidoka-code-progressive-production-automation/Tests/JidokaCodeCoreTests/GitHubTokenStoreTests.swift:446:7: warning: 'SecTrustedApplicationCreateFromPath' was deprecated in macOS 10.10: SecKeychain is deprecated [#DeprecatedDeclaration]
444 |     var application: SecTrustedApplication?
445 |     let status = path.withCString {
446 |       SecTrustedApplicationCreateFromPath($0, &application)
    |       `- warning: 'SecTrustedApplicationCreateFromPath' was deprecated in macOS 10.10: SecKeychain is deprecated [#DeprecatedDeclaration]
447 |     }
448 |     guard status == errSecSuccess, let application else {

/private/tmp/jidoka-code-progressive-production-automation/Tests/JidokaCodeCoreTests/GitHubTokenStoreTests.swift:454:16: warning: 'SecAccessCreate' was deprecated in macOS 10.10: SecKeychain is deprecated [#DeprecatedDeclaration]
452 |   }
453 |   var access: SecAccess?
454 |   let status = SecAccessCreate(
    |                `- warning: 'SecAccessCreate' was deprecated in macOS 10.10: SecKeychain is deprecated [#DeprecatedDeclaration]
455 |     descriptor as CFString,
456 |     trustedApplications as CFArray,

[#DeprecatedDeclaration]: <https://docs.swift.org/compiler/documentation/diagnostics/deprecated-declaration>
[16/92] Compiling JidokaCodeCoreTests GitHubWorkflowLabelBootstrapperTests.swift
/private/tmp/jidoka-code-progressive-production-automation/Tests/JidokaCodeCoreTests/GitHubTokenStoreTests.swift:446:7: warning: 'SecTrustedApplicationCreateFromPath' was deprecated in macOS 10.10: SecKeychain is deprecated [#DeprecatedDeclaration]
444 |     var application: SecTrustedApplication?
445 |     let status = path.withCString {
446 |       SecTrustedApplicationCreateFromPath($0, &application)
    |       `- warning: 'SecTrustedApplicationCreateFromPath' was deprecated in macOS 10.10: SecKeychain is deprecated [#DeprecatedDeclaration]
447 |     }
448 |     guard status == errSecSuccess, let application else {

/private/tmp/jidoka-code-progressive-production-automation/Tests/JidokaCodeCoreTests/GitHubTokenStoreTests.swift:454:16: warning: 'SecAccessCreate' was deprecated in macOS 10.10: SecKeychain is deprecated [#DeprecatedDeclaration]
452 |   }
453 |   var access: SecAccess?
454 |   let status = SecAccessCreate(
    |                `- warning: 'SecAccessCreate' was deprecated in macOS 10.10: SecKeychain is deprecated [#DeprecatedDeclaration]
455 |     descriptor as CFString,
456 |     trustedApplications as CFArray,

[#DeprecatedDeclaration]: <https://docs.swift.org/compiler/documentation/diagnostics/deprecated-declaration>
[17/92] Compiling JidokaCodeCoreTests GitHubWorkflowLabelMutatorTests.swift
/private/tmp/jidoka-code-progressive-production-automation/Tests/JidokaCodeCoreTests/GitHubTokenStoreTests.swift:446:7: warning: 'SecTrustedApplicationCreateFromPath' was deprecated in macOS 10.10: SecKeychain is deprecated [#DeprecatedDeclaration]
444 |     var application: SecTrustedApplication?
445 |     let status = path.withCString {
446 |       SecTrustedApplicationCreateFromPath($0, &application)
    |       `- warning: 'SecTrustedApplicationCreateFromPath' was deprecated in macOS 10.10: SecKeychain is deprecated [#DeprecatedDeclaration]
447 |     }
448 |     guard status == errSecSuccess, let application else {

/private/tmp/jidoka-code-progressive-production-automation/Tests/JidokaCodeCoreTests/GitHubTokenStoreTests.swift:454:16: warning: 'SecAccessCreate' was deprecated in macOS 10.10: SecKeychain is deprecated [#DeprecatedDeclaration]
452 |   }
453 |   var access: SecAccess?
454 |   let status = SecAccessCreate(
    |                `- warning: 'SecAccessCreate' was deprecated in macOS 10.10: SecKeychain is deprecated [#DeprecatedDeclaration]
455 |     descriptor as CFString,
456 |     trustedApplications as CFArray,

[#DeprecatedDeclaration]: <https://docs.swift.org/compiler/documentation/diagnostics/deprecated-declaration>
[18/92] Compiling JidokaCodeCoreTests WorkspaceApprovedCommandExecutorTests.swift
[19/92] Compiling JidokaCodeCoreTests WorkspaceImporterTests.swift
[20/92] Compiling JidokaCodeCoreTests XCTestSmokeTests.swift
[21/92] Compiling JidokaCodeCoreTests resource_bundle_accessor.swift
[22/92] Emitting module JidokaCodeCoreTests
[23/92] Compiling JidokaCodeCoreTests PackagedResourceSnapshotTests.swift
[24/92] Compiling JidokaCodeCoreTests PiIssueImplementationOrchestratorTests.swift
[25/92] Compiling JidokaCodeCoreTests PiJobWorkflowPreparerTests.swift
[26/92] Compiling JidokaCodeCoreTests PiModelCatalogDiscoveryTests.swift
[27/92] Compiling JidokaCodeCoreTests PiModelCatalogTests.swift
[28/92] Compiling JidokaCodeCoreTests LocationProbeProtocolTests.swift
[29/92] Compiling JidokaCodeCoreTests MutationReconcilerTests.swift
[30/92] Compiling JidokaCodeCoreTests PackagedExecutableSnapshotTests.swift
[31/92] Compiling JidokaCodeCoreTests PackagedPiResourceSnapshotTests.swift
[32/92] Compiling JidokaCodeCoreTests PackagedPreflightTests.swift
[33/92] Compiling JidokaCodeCoreTests PiWorkflowRouterTests.swift
[34/92] Compiling JidokaCodeCoreTests ProcessIdentityFixtureRecord.swift
[35/92] Compiling JidokaCodeCoreTests ProductionEngineExternalServicesTests.swift
[36/92] Compiling JidokaCodeCoreTests ProductionHerdrCompositionTests.swift
[37/92] Compiling JidokaCodeCoreTests ProductionModelCatalogIntegrationTests.swift
[38/92] Compiling JidokaCodeCoreTests PiProbeContractTests.swift
[39/92] Compiling JidokaCodeCoreTests PiProviderCredentialSnapshotTests.swift
[40/92] Compiling JidokaCodeCoreTests PiRPCProcessTests.swift
[41/92] Compiling JidokaCodeCoreTests PiRPCProtocolTests.swift
[42/92] Compiling JidokaCodeCoreTests PiRPCWorkflowExecutorTests.swift
[43/92] Compiling JidokaCodeCoreTests JobCoordinatorTests.swift
[44/92] Compiling JidokaCodeCoreTests JobStateMachineTests.swift
[45/92] Compiling JidokaCodeCoreTests KeychainProbeTests.swift
[46/92] Compiling JidokaCodeCoreTests LifecycleProbeTests.swift
[47/92] Compiling JidokaCodeCoreTests LocalSpikeContractTests.swift
[48/92] Compiling JidokaCodeCoreTests GitHubJobMutationObservationReaderTests.swift
[49/92] Compiling JidokaCodeCoreTests GitHubMarkerPublisherTests.swift
[50/92] Compiling JidokaCodeCoreTests GitHubMarkerTests.swift
[51/92] Compiling JidokaCodeCoreTests GitHubMutationExecutorTests.swift
[52/92] Compiling JidokaCodeCoreTests GitHubMutationObservationsTests.swift
[53/92] Compiling JidokaCodeCoreTests HerdrRuntimeReadinessTests.swift
[54/92] Compiling JidokaCodeCoreTests HerdrTopologyTests.swift
[55/92] Compiling JidokaCodeCoreTests IssueImplementationJobWorkflowTests.swift
[56/92] Compiling JidokaCodeCoreTests IssueRevisionTests.swift
[57/92] Compiling JidokaCodeCoreTests IssueTriageJobWorkflowTests.swift
[58/92] Compiling JidokaCodeCoreTests DurableJobStoreTests.swift
[59/92] Compiling JidokaCodeCoreTests DurableSchedulerTests.swift
[60/92] Compiling JidokaCodeCoreTests EngineProtocolTests.swift
[61/92] Compiling JidokaCodeCoreTests EngineRedactedLogTests.swift
[62/92] Compiling JidokaCodeCoreTests EngineServiceTests.swift
[63/92] Compiling JidokaCodeCoreTests PiRunStoreTests.swift
[64/92] Compiling JidokaCodeCoreTests PiRuntimeResolverTests.swift
[65/92] Compiling JidokaCodeCoreTests PiTUIRuntimeTests.swift
[66/92] Compiling JidokaCodeCoreTests PiWorkflowReplayTests.swift
[67/92] Compiling JidokaCodeCoreTests PiWorkflowResourceTests.swift
[68/92] Compiling JidokaCodeCoreTests ApprovedCommandRunStoreTests.swift
[69/92] Compiling JidokaCodeCoreTests ArtifactStoreTests.swift
[70/92] Compiling JidokaCodeCoreTests ComplexityClassifierTests.swift
[71/92] Compiling JidokaCodeCoreTests ConfigurationStoreTests.swift
[72/92] Compiling JidokaCodeCoreTests DurableApprovedCommandExecutorTests.swift
[73/92] Compiling JidokaCodeCoreTests SingleInstanceLockTests.swift
[74/92] Compiling JidokaCodeCoreTests SubmoduleManagerTests.swift
[75/92] Compiling JidokaCodeCoreTests VerificationCommandRunnerTests.swift
[76/92] Compiling JidokaCodeCoreTests WorkflowProbeContractTests.swift
[77/92] Compiling JidokaCodeCoreTests PullRequestCommitDeriverTests.swift
[78/92] Compiling JidokaCodeCoreTests PullRequestReviewJobWorkflowTests.swift
[79/92] Compiling JidokaCodeCoreTests RepositoryStoreFaultTests.swift
[80/92] Compiling JidokaCodeCoreTests RepositoryStoreTests.swift
[81/92] Compiling JidokaCodeCoreTests RolloutAuthorityStoreTests.swift
[82/92] Compiling JidokaCodeCoreTests HerdrFakeSocket.swift
[83/92] Compiling JidokaCodeCoreTests HerdrHostRuntimeTests.swift
[84/92] Compiling JidokaCodeCoreTests HerdrPiWorkflowRuntimeTests.swift
[85/92] Compiling JidokaCodeCoreTests HerdrProtocolTests.swift
[86/92] Compiling JidokaCodeCoreTests HerdrRoleHostRuntimeTests.swift
[87/92] Compiling JidokaCodeCoreTests RolloutEffectAuthorityTestSupport.swift
[88/92] Compiling JidokaCodeCoreTests RolloutReleaseIdentityAttestorTests.swift
[89/92] Compiling JidokaCodeCoreTests RolloutRemotePreviewRevalidatorTests.swift
[90/92] Compiling JidokaCodeCoreTests SQLiteStoreTests.swift
[90/92] Write Objects.LinkFileList
[91/92] Linking JidokaCodePackageTests
Build complete! (24.90s)
Test Suite 'Selected tests' started at 2026-09-04 01:25:22.401.
Test Suite 'JidokaCodePackageTests.xctest' started at 2026-09-04 01:25:22.401.
Test Suite 'JidokaCodePackageTests.xctest' passed at 2026-09-04 01:25:22.401.
	 Executed 0 tests, with 0 failures (0 unexpected) in 0.000 (0.000) seconds
Test Suite 'Selected tests' passed at 2026-09-04 01:25:22.401.
	 Executed 0 tests, with 0 failures (0 unexpected) in 0.000 (0.001) seconds
◇ Test run started.
↳ Testing Library Version: 1902
↳ Target Platform: arm64e-apple-macos14.0
◇ Suite "Bounded full-duplex Pi RPC process runner" started.
◇ Suite "Bounded credentialless process execution" started.
◇ Test "timeout directly removes an observed session-escaping identity" started.
◇ Test "a child that closes stdin cannot terminate the engine with SIGPIPE" started.
◇ Test "timeout sends one abort, requires acknowledgement, and still cleans descendants" started.
◇ Test "stderr and non-JSONL output fail with exact protocol outcomes" started.
◇ Test "correlated fake provider transcript settles and every descendant is removed" started.
◇ Test "symlink executables and working directories fail closed" started.
◇ Test "invocation builder excludes generic discovery and secret-shaped environment keys" started.
◇ Test "an observed session escape stays identity-owned across exact leader outcome" started.
◇ Test "a child that never reads stdin cannot escape the monotonic timeout" started.
◇ Test "credentialless environment has exact locked boundaries" started.
◇ Test "same-second PID reuse cannot bind an original process group" started.
◇ Test "timeout removes an observed session escape by PID and microsecond start time" started.
◇ Test "timeout and output bounds terminate the whole process group" started.
◇ Test "observed session-escaping descendants are identity-cleaned with exact leader status" started.
◇ Test case passing 1 argument mode → "session-escape-success" to "an observed session escape stays identity-owned across exact leader outcome" started.
◇ Test "argv stays discrete and output is captured without a shell" started.
◇ Test case passing 1 argument exitCode → 37 to "observed session-escaping descendants are identity-cleaned with exact leader status" started.
◇ Test case passing 1 argument exitCode → 0 to "observed session-escaping descendants are identity-cleaned with exact leader status" started.
◇ Test case passing 1 argument mode → "session-escape-error" to "an observed session escape stays identity-owned across exact leader outcome" started.
◇ Test "a settled child must still exit successfully when it exits on its own" started.
✔ Test "same-second PID reuse cannot bind an original process group" passed after 0.001 seconds.
✔ Test "credentialless environment has exact locked boundaries" passed after 0.001 seconds.
✔ Test "symlink executables and working directories fail closed" passed after 0.003 seconds.
✔ Test "invocation builder excludes generic discovery and secret-shaped environment keys" passed after 0.006 seconds.
✔ Test "argv stays discrete and output is captured without a shell" passed after 0.098 seconds.
✔ Test "a settled child must still exit successfully when it exits on its own" passed after 0.424 seconds.
✔ Test "correlated fake provider transcript settles and every descendant is removed" passed after 0.439 seconds.
✔ Test "an observed session escape stays identity-owned across exact leader outcome" with 2 test cases passed after 0.667 seconds.
✔ Test "timeout removes an observed session escape by PID and microsecond start time" passed after 0.770 seconds.
✔ Test "observed session-escaping descendants are identity-cleaned with exact leader status" with 2 test cases passed after 0.815 seconds.
✔ Test "timeout directly removes an observed session-escaping identity" passed after 1.064 seconds.
✔ Test "a child that closes stdin cannot terminate the engine with SIGPIPE" passed after 1.151 seconds.
✔ Test "stderr and non-JSONL output fail with exact protocol outcomes" passed after 1.320 seconds.
✔ Test "timeout sends one abort, requires acknowledgement, and still cleans descendants" passed after 3.330 seconds.
✔ Test "timeout and output bounds terminate the whole process group" passed after 4.106 seconds.
✔ Suite "Bounded credentialless process execution" passed after 4.106 seconds.
✔ Test "a child that never reads stdin cannot escape the monotonic timeout" passed after 5.059 seconds.
✔ Suite "Bounded full-duplex Pi RPC process runner" passed after 5.059 seconds.
✔ Test run with 16 tests in 2 suites passed after 5.060 seconds.
