^D./scripts/tests/test-progressive-production-rollout-preflight.sh
progressive-production-rollout-preflight tests: PASS credentialReads=0 providerCalls=0 githubMutations=0 gitRemoteReads=0
./scripts/tests/test-progressive-production-automation.sh
[0/1] Planning build
Building for debugging...
[0/22] Write swift-version--58304C5D6DBC2206.txt
Build complete! (0.20s)
Building for debugging...
[0/22] Write swift-version--58304C5D6DBC2206.txt
Build complete! (0.11s)
Test Suite 'Selected tests' started at 2026-09-04 01:19:00.264.
Test Suite 'JidokaCodePackageTests.xctest' started at 2026-09-04 01:19:00.264.
Test Suite 'JidokaCodePackageTests.xctest' passed at 2026-09-04 01:19:00.264.
	 Executed 0 tests, with 0 failures (0 unexpected) in 0.000 (0.000) seconds
Test Suite 'Selected tests' passed at 2026-09-04 01:19:00.264.
	 Executed 0 tests, with 0 failures (0 unexpected) in 0.000 (0.001) seconds
◇ Test run started.
↳ Testing Library Version: 1902
↳ Target Platform: arm64e-apple-macos14.0
◇ Suite "Durable jobs, dispositions, leases, and recovery" started.
◇ Suite "Rollout release identity attestor" started.
◇ Suite "Durable scheduler" started.
◇ Suite "Application engine service" started.
◇ Suite "Issue implementation job from exact claim to post-open review" started.
◇ Suite "GitHub HTTP classification and broker" started.
◇ Suite "Versioned application engine protocol" started.
◇ Suite "Rollout Git preview reads" started.
◇ Suite "Issue triage job from snapshot to durable verdict" started.
◇ Suite "Durable mutation reconciliation" started.
◇ Suite "Atomic create-only Git publication" started.
◇ Suite "Rollout remote preview revalidation" started.
◇ Suite "Crash-safe approved command executor" started.
◇ Suite "End-to-end scheduler job coordinator" started.
◇ Suite "Progressive rollout authority" started.
◇ Suite "Pull request review job from exact commits to durable marker" started.
◇ Test "stale approval cannot replan before consume attribution" started.
◇ Test "deterministic operation property preserves repository and global lease bounds" started.
◇ Test "startup coordinator persists recovery before scheduling discovery" started.
◇ Test "resource retry rejects a candidate with durable job-step evidence" started.
◇ Test "immediate triggers are bounded and overlapping passes coalesce once" started.
◇ Test "maintenance batch rollback is all-or-nothing" started.
◇ Test "successful startup records its complete ordered tail" started.
◇ Test "a sleeping run loop wakes for an immediate trigger" started.
◇ Test "transition event keys make attempt and step changes exactly once" started.
◇ Test "containment pause remains idempotent and generic resume is denied" started.
◇ Test "replacement service checkpoints every typed terminal outcome with balanced exclusivity" started.
◇ Test "onboarding persists exact prerequisites and never persists token bytes" started.
◇ Test "periodic tick is exactly 600 seconds" started.
◇ Test "interrupted Pi writer with workspace changes blocks and preserves evidence" started.
◇ Test "injected virtual clock drives startup, periodic, wake, and network triggers" started.
◇ Test "priority order is locked while starvation is observation-only" started.
◇ Test "generation rollover service keeps phases paused exclusive and checkpointed" started.
◇ Test "maintenance apply requires pause and byte-exact current evidence" started.
◇ Test "packaged release identity must match every executable and resource binding" started.
◇ Test "repository lease and global semaphore enforce both bounds" started.
◇ Test "logical identity suppresses rediscovery across restart and contract bump" started.
◇ Test "only exact resource failures after the boundary are safely requeued" started.
◇ Test "exact pre-boundary retirement is atomic suppresses rediscovery and replays" started.
◇ Test "replacement service balances exclusivity when production runtime throws" started.
◇ Test "typed startup failure preserves its phase and non-fallback error code" started.
◇ Test "startup recovery imports durable orchestration evidence before workspace drift blocks" started.
◇ Test "repository backoff persists 60 through 1800 seconds and resets" started.
◇ Test "startup recovery persists the total matrix before dispatch" started.
◇ Test "model catalog refresh is explicit, informational, and fail-closed" started.
◇ Test "readiness regained on wake rebuilds runtime before requesting a pass" started.
◇ Test "stale base consumes only approval and publishes a replacement complex plan" started.
◇ Test "a closed no-effect canary retry requires a new preview and admission" started.
◇ Test "claim generations persist ready, stale, and approved sequences" started.
◇ Test "maintenance rejects every active durable authority" started.
◇ Test "stale human input consumes only approval, replans, and returns to plan review" started.
◇ Test "ready issue completes claim, plan, implementation, publication, QA, cleanup, and review enqueue" started.
◇ Test "canary service remains paused and binds preview execute and checkpoint" started.
◇ Test "ambiguous retry requires byte-exact current evidence" started.
◇ Test "attributed and ambiguous dispositions control rediscovery and retry" started.
◇ Test "ambiguous blocked publication retains workspace and does not publish blocked label" started.
◇ Test "pause drops pending triggers and resume schedules one immediate pass" started.
◇ Test "W0: onboarding completion remains paused without rollout authority" started.
◇ Test "ambiguous complex-plan marker never sends the plan-review label mutation" started.
◇ Test "unknown startup failure cannot expand private data into the real log" started.
◇ Test "an unavailable real log sink cannot change startup authority" started.
◇ Test "consent withdrawal and profile changes durably close dispatch" started.
◇ Test "quit waits for the runtime checkpoint and returns durable evidence" started.
◇ Test "job maintenance requires pause exact evidence checkpoint and cleanup" started.
◇ Test "mixed-case workflow labels use the same canonical eligibility throughout" started.
◇ Test "fresh stores and workflow recover a completed plan after SQLite reopen" started.
◇ Test "production XPC handler returns exact envelopes without reflecting credential bytes" started.
◇ Test "startup recovery advances each durably completed implementation step exactly once" started.
◇ Test "completed complex-plan publication recovers cleanup before returning to human gate" started.
◇ Test "database failures are attributed before and after runtime reload" started.
◇ Test "retirement cleanup failure replays committed authority before checkpoint" started.
◇ Test "unsupported versions and malformed request IDs fail closed" started.
◇ Test "completed approved claim resumes orchestration without replanning" started.
◇ Test "fresh stores and workflow recover a completed triage step after SQLite reopen" started.
◇ Test "preview fetches only the exact base and pull-request head under a finite permit" started.
◇ Test "wake and network regain forward only lifecycle scheduler reasons" started.
◇ Test "Herdr readiness closes dispatch and focus remains an explicit command" started.
◇ Test "request and response bind version, identity, and operation" started.
◇ Test "production helper allowlist covers every non-ServiceManagement command" started.
◇ Test "maintenance responses remain bound to exact scope count and evidence" started.
◇ Test "all commands survive a Codable round trip without changing kind" started.
◇ Test "exact paused canary admits one repaired PR and bounds every effect" started.
◇ Test "late marker after a stale-input rerun uses the paired latest issue revision" started.
◇ Test "input invalidation crash recovers to triage without a false completed mutation" started.
◇ Test "complex plan releases its claim and workspace, then exact approval resumes a new generation" started.
◇ Test "authorized triage retry attributes a newly visible old marker before resend" started.
◇ Test "unknown claim marker never sends a workflow-label mutation" started.
◇ Test "startup recovery advances each durably completed triage step exactly once" started.
◇ Test "completed blocked publication recovers cleanup before terminal state" started.
◇ Test "schema 9 decodes the immutable schema 7 retry report fixture" started.
◇ Test "authorized claim retry attributes a newly visible old marker before resend" started.
◇ Test "human input changed during triage discards stale output and reruns before mutation" started.
◇ Test "canary responses require paused exact evidence and checkpoint authority" started.
◇ Test "inspection failures are normalized to fail-closed rollout drift" started.
◇ Test "marker, exact verdict label, domain labels, disposition, and cleanup complete once" started.
◇ Test case passing 1 argument outcomeCase → .remoteEffectAmbiguous to "replacement service checkpoints every typed terminal outcome with balanced exclusivity" started.
◇ Test case passing 1 argument outcomeCase → .q4Prepared to "replacement service checkpoints every typed terminal outcome with balanced exclusivity" started.
◇ Test "replacement terminal outcomes serialize only closed status and effect shapes" started.
◇ Test case passing 1 argument outcomeCase → .q4Enqueued to "replacement service checkpoints every typed terminal outcome with balanced exclusivity" started.
◇ Test case passing 1 argument outcomeCase → .q4OutcomeAmbiguous to "replacement service checkpoints every typed terminal outcome with balanced exclusivity" started.
◇ Test "generation rollover responses bind phase authority and checkpoints" started.
◇ Test "closing read admission after reservation prevents Git transport" started.
◇ Test case passing 1 argument outcomeCase → .q4Failed to "replacement service checkpoints every typed terminal outcome with balanced exclusivity" started.
◇ Test "completed steps are append-only, ordinal-bound, and digest-validated" started.
◇ Test case passing 1 argument outcomeCase → .noRemoteEffectFailure to "replacement service checkpoints every typed terminal outcome with balanced exclusivity" started.
◇ Test case passing 1 argument outcomeCase → .q4Settled to "replacement service checkpoints every typed terminal outcome with balanced exclusivity" started.
◇ Test case passing 1 argument outcomeCase → .replacementHostLost to "replacement service checkpoints every typed terminal outcome with balanced exclusivity" started.
◇ Test "delayed visibility attributes exact effects without any second send" started.
◇ Test "prepared-before-send, send epoch, and terminal evidence persist across reopen" started.
◇ Test "unknown create absent after the full visibility window escalates" started.
◇ Test "system reconciliation sleeper rejects invalid durations" started.
◇ Test "operation-specific policy never retries an unknown non-idempotent create" started.
◇ Test "six crash windows across every operation have one conservative outcome" started.
◇ Test "an accepted local result settles its exact send-started reservation after restart" started.
◇ Test "finite preview binds the complete deterministic candidate set" started.
◇ Test "exact execution preview binds the approved waiting-human checkpoint" started.
◇ Test "an approved-command permit is task-bound and consumed before process creation" started.
◇ Test "exact triage preview binds issue, labels, and default-branch base" started.
◇ Test "an effect followed by lost evidence becomes unknown and never starts again" started.
◇ Test "exact PR preview binds title, body, ordered commits, and Git narrative" started.
◇ Test "status and transport failures have operation-specific outcomes" started.
◇ Test "an accepted result replays after store reopen without another process effect" started.
◇ Test "a Git send permit is task-bound and consumed before transport" started.
◇ Test "paused legacy passes promote exactly-due and overdue retries but not future deadlines" started.
◇ Test "closing admission after command reservation denies process creation" started.
◇ Test "every post-send outcome reconciles without a blind second create" started.
◇ Test "recovery that needs a guarded rerun preserves the current step in backoff" started.
◇ Test "race injection preserves the competing ref and never retries automatically" started.
◇ Test "system Git publishes old-zero create, reads exact SHA, and never overwrites" started.
◇ Test "durable pause atomically rejects discovery creation and new leases" started.
◇ Test "the first real scheduler pass recovers an interrupted leased job before discovery" started.
◇ Test "durable publisher records send epoch and recovers unknown sends read-only" started.
◇ Test "Pi transport interruption is classified as unknown writer state, never blind retry" started.
◇ Test "one pass discovers and dispatches PR, implementation, and triage in locked priority" started.
◇ Test "concurrent publication for one repository ref is rejected before a second create" started.
◇ Test "a ref created before advertisement cannot be fast-forwarded" started.
◇ Test "startup sweep finishes cleanup stranded by a terminal crash boundary" started.
◇ Test "branch traversal, malformed SHA, and missing commit fail before a send" started.
◇ Test "W0: repository flag drift leaves an already queued job inert" started.
◇ Test "transient workflow failure enters durable backoff instead of terminal block" started.
◇ Test "finite activation requires a same-stage exact receipt" started.
◇ Test case passing 1 argument kind → .claimReady to "startup recovery advances each durably completed implementation step exactly once" started.
◇ Test case passing 1 argument kind → .plan to "startup recovery advances each durably completed implementation step exactly once" started.
◇ Test "REST and fetched Git commit divergence stops before review or publication" started.
◇ Test case passing 1 argument kind → .writePlan to "startup recovery advances each durably completed implementation step exactly once" started.
◇ Test "discovery failure persists repository backoff without terminal skip" started.
◇ Test case passing 1 argument kind → .orchestrate to "startup recovery advances each durably completed implementation step exactly once" started.
◇ Test "configuration drift fails and pauses the active lane before another effect" started.
◇ Test case passing 1 argument kind → .push to "startup recovery advances each durably completed implementation step exactly once" started.
◇ Test "topology recovery bypasses a stale attempt review-selection event exactly once" started.
◇ Test "W0: pause suppresses unbound recovery as well as discovery" started.
◇ Test case passing 1 argument kind → .openPullRequest to "startup recovery advances each durably completed implementation step exactly once" started.
◇ Test "startup recovery transforms only the bound rollout job before explicit continuation" started.
◇ Test case passing 1 argument kind → .linkPullRequest to "startup recovery advances each durably completed implementation step exactly once" started.
◇ Test case passing 1 argument kind → .qa to "startup recovery advances each durably completed implementation step exactly once" started.
◇ Test "authorized retry attributes the old generation if it becomes visible before resend" started.
◇ Test "direct canary runs exactly one leased job and never walks the queue" started.
◇ Test "a late exact marker is read-only attributed and recovered without another send" started.
◇ Test "stop enters draining before durable pause and terminalizes only after drain" started.
◇ Test "W0: an unscoped pass cannot dispatch two serial queued jobs" started.
◇ Test "reopen advances a durably completed review without rerunning Pi" started.
◇ Test "canonical preview rejects unknown fields and changed bytes" started.
◇ Test "reconciliation dispatch runs before any new discovery read" started.
◇ Test "an exact transient failure closes the lane instead of retrying" started.
◇ Test "real local Git, review routing, multipart-safe publication, and cleanup complete once" started.
◇ Test "a fresh coordinator recovers an interrupted production review and replays it to success" started.
◇ Test "authorized retry uses a fresh mutation generation after an ambiguous marker send" started.
◇ Test "expiry closes and terminalizes the lane before any fresh effect" started.
◇ Test "execution activation cannot invent a job beyond the planning checkpoint" started.
◇ Test "stale approval checkpoints into a separately authorized planning step" started.
◇ Test "a settled local provider result reconciles only its bound reservation" started.
◇ Test "exact execution evaluates only its bound waiting-human job" started.
◇ Test "GitHub reads require the matching task-local scope and settle exactly once" started.
◇ Test "effect reservations consume a finite cap and remain immutable" started.
◇ Test "an exact intentional terminal result settles and pauses its stage" started.
◇ Test "issue marker revision and label sends are bound to the live planning step" started.
◇ Test "revocation denies fresh effects but preserves exact uncertain-effect readback" started.
◇ Test "restart reattaches only pre-boundary orphan reservations after exact recovery" started.
◇ Test "preview is read-only and exact activation is atomic" started.
◇ Test "first finite window admits only its closed future predicate and uses operational expiry" started.
◇ Test "execution start is not misreported as a completed stage" started.
◇ Test "the same durable provider run reuses one permit without consuming another slot" started.
◇ Test "planning authority cannot cross the durable simple-plan boundary" started.
◇ Test "confirmed recovery resumes only the same exact job after every effect settles" started.
◇ Test "activation rejects every stale preview digest" started.
◇ Test "provider admission binds artifact, narrative, resources, and model profile" started.
◇ Test "generated review activation cannot invent an unlinked child job" started.
◇ Test "an exact interrupted provider boundary requires explicit recovery" started.
◇ Test "preview rejects duplicate labels and lists larger than their budgets" started.
◇ Test "terminal historical evidence does not block a later drain" started.
◇ Test "marker cap failure rolls back the complete reservation batch" started.
◇ Test "concurrent reservations cannot overrun the provider cap" started.
◇ Test "send permits are task-bound, single-use transport capabilities" started.
◇ Test "a rollout job cannot settle an unreserved mutation effect" started.
◇ Test case passing 1 argument kind → .triage to "startup recovery advances each durably completed triage step exactly once" started.
◇ Test case passing 1 argument kind → .publish to "startup recovery advances each durably completed triage step exactly once" started.
◇ Test case passing 1 argument kind → .reconcile to "startup recovery advances each durably completed triage step exactly once" started.
✔ Test "periodic tick is exactly 600 seconds" passed after 0.343 seconds.
✔ Test "immediate triggers are bounded and overlapping passes coalesce once" passed after 0.343 seconds.
✔ Test "injected virtual clock drives startup, periodic, wake, and network triggers" passed after 0.344 seconds.
✔ Test "priority order is locked while starvation is observation-only" passed after 0.347 seconds.
✔ Test "resource retry rejects a candidate with durable job-step evidence" passed after 0.348 seconds.
✔ Test "containment pause remains idempotent and generic resume is denied" passed after 0.348 seconds.
✔ Test "packaged release identity must match every executable and resource binding" passed after 0.348 seconds.
✔ Test "startup coordinator persists recovery before scheduling discovery" passed after 0.349 seconds.
✔ Test "transition event keys make attempt and step changes exactly once" passed after 0.349 seconds.
✔ Test "maintenance batch rollback is all-or-nothing" passed after 0.349 seconds.
✔ Test "stale approval cannot replan before consume attribution" passed after 0.351 seconds.
✔ Test "replacement service checkpoints every typed terminal outcome with balanced exclusivity" with 8 test cases passed after 0.351 seconds.
✔ Test "successful startup records its complete ordered tail" passed after 0.373 seconds.
✔ Test "generation rollover service keeps phases paused exclusive and checkpointed" passed after 0.436 seconds.
✔ Test "maintenance apply requires pause and byte-exact current evidence" passed after 0.438 seconds.
✔ Test "replacement service balances exclusivity when production runtime throws" passed after 0.439 seconds.
✔ Test "pause drops pending triggers and resume schedules one immediate pass" passed after 0.447 seconds.
✔ Test "repository lease and global semaphore enforce both bounds" passed after 0.447 seconds.
✔ Test "only exact resource failures after the boundary are safely requeued" passed after 0.475 seconds.
✔ Test "model catalog refresh is explicit, informational, and fail-closed" passed after 0.502 seconds.
✔ Test "readiness regained on wake rebuilds runtime before requesting a pass" passed after 0.530 seconds.
✔ Test "claim generations persist ready, stale, and approved sequences" passed after 0.530 seconds.
✔ Test "logical identity suppresses rediscovery across restart and contract bump" passed after 0.530 seconds.
✔ Test "typed startup failure preserves its phase and non-fallback error code" passed after 0.548 seconds.
✔ Test "production XPC handler returns exact envelopes without reflecting credential bytes" passed after 0.582 seconds.
✔ Test "exact pre-boundary retirement is atomic suppresses rediscovery and replays" passed after 0.591 seconds.
✔ Test "ambiguous retry requires byte-exact current evidence" passed after 0.645 seconds.
✔ Test "a closed no-effect canary retry requires a new preview and admission" passed after 0.645 seconds.
✔ Test "unsupported versions and malformed request IDs fail closed" passed after 0.647 seconds.
✔ Test "request and response bind version, identity, and operation" passed after 0.775 seconds.
✔ Test "production helper allowlist covers every non-ServiceManagement command" passed after 0.776 seconds.
✔ Test "repository backoff persists 60 through 1800 seconds and resets" passed after 0.776 seconds.
✔ Test "maintenance responses remain bound to exact scope count and evidence" passed after 0.776 seconds.
✔ Test "deterministic operation property preserves repository and global lease bounds" passed after 0.776 seconds.
✔ Test "all commands survive a Codable round trip without changing kind" passed after 1.125 seconds.
✔ Test "schema 9 decodes the immutable schema 7 retry report fixture" passed after 1.149 seconds.
✔ Test "inspection failures are normalized to fail-closed rollout drift" passed after 1.191 seconds.
✔ Test "canary service remains paused and binds preview execute and checkpoint" passed after 1.192 seconds.
✔ Test "canary responses require paused exact evidence and checkpoint authority" passed after 1.214 seconds.
✔ Test "closing read admission after reservation prevents Git transport" passed after 1.214 seconds.
✔ Test "attributed and ambiguous dispositions control rediscovery and retry" passed after 1.215 seconds.
✔ Test "startup recovery persists the total matrix before dispatch" passed after 1.215 seconds.
✔ Test "generation rollover responses bind phase authority and checkpoints" passed after 1.214 seconds.
✔ Test "W0: onboarding completion remains paused without rollout authority" passed after 1.215 seconds.
✔ Test "replacement terminal outcomes serialize only closed status and effect shapes" passed after 1.214 seconds.
✔ Test "system reconciliation sleeper rejects invalid durations" passed after 1.100 seconds.
✔ Test "operation-specific policy never retries an unknown non-idempotent create" passed after 1.069 seconds.
✔ Test "six crash windows across every operation have one conservative outcome" passed after 1.068 seconds.
✔ Test "consent withdrawal and profile changes durably close dispatch" passed after 1.215 seconds.
✔ Test "unknown startup failure cannot expand private data into the real log" passed after 1.226 seconds.
✔ Test "quit waits for the runtime checkpoint and returns durable evidence" passed after 1.226 seconds.
✔ Test "job maintenance requires pause exact evidence checkpoint and cleanup" passed after 1.239 seconds.
✔ Test "wake and network regain forward only lifecycle scheduler reasons" passed after 1.239 seconds.
✔ Test "Herdr readiness closes dispatch and focus remains an explicit command" passed after 1.241 seconds.
✔ Test "onboarding persists exact prerequisites and never persists token bytes" passed after 1.242 seconds.
✔ Test "status and transport failures have operation-specific outcomes" passed after 1.073 seconds.
✔ Test "exact paused canary admits one repaired PR and bounds every effect" passed after 1.258 seconds.
✔ Test "delayed visibility attributes exact effects without any second send" passed after 1.253 seconds.
✔ Test "completed steps are append-only, ordinal-bound, and digest-validated" passed after 1.258 seconds.
✔ Test "every post-send outcome reconciles without a blind second create" passed after 1.085 seconds.
✔ Test "race injection preserves the competing ref and never retries automatically" passed after 1.062 seconds.
✔ Test "retirement cleanup failure replays committed authority before checkpoint" passed after 1.292 seconds.
✔ Test "unknown create absent after the full visibility window escalates" passed after 1.177 seconds.
✔ Test "prepared-before-send, send epoch, and terminal evidence persist across reopen" passed after 1.286 seconds.
✔ Test "finite preview binds the complete deterministic candidate set" passed after 1.125 seconds.
✔ Test "Pi transport interruption is classified as unknown writer state, never blind retry" passed after 1.046 seconds.
✔ Test "an unavailable real log sink cannot change startup authority" passed after 1.292 seconds.
✔ Test "exact PR preview binds title, body, ordered commits, and Git narrative" passed after 1.124 seconds.
✔ Test "recovery that needs a guarded rerun preserves the current step in backoff" passed after 1.086 seconds.
✔ Test "branch traversal, malformed SHA, and missing commit fail before a send" passed after 1.007 seconds.
✔ Test "paused legacy passes promote exactly-due and overdue retries but not future deadlines" passed after 1.117 seconds.
✔ Test "database failures are attributed before and after runtime reload" passed after 1.293 seconds.
✔ Test "maintenance rejects every active durable authority" passed after 1.293 seconds.
✔ Test "durable pause atomically rejects discovery creation and new leases" passed after 1.047 seconds.
✔ Test "the first real scheduler pass recovers an interrupted leased job before discovery" passed after 1.093 seconds.
✔ Test "one pass discovers and dispatches PR, implementation, and triage in locked priority" passed after 1.082 seconds.
✔ Test "durable publisher records send epoch and recovers unknown sends read-only" passed after 1.159 seconds.
✔ Test "finite activation requires a same-stage exact receipt" passed after 1.112 seconds.
✔ Test "W0: repository flag drift leaves an already queued job inert" passed after 1.112 seconds.
✔ Test "startup sweep finishes cleanup stranded by a terminal crash boundary" passed after 1.140 seconds.
✔ Test "transient workflow failure enters durable backoff instead of terminal block" passed after 1.157 seconds.
✔ Test "discovery failure persists repository backoff without terminal skip" passed after 1.154 seconds.
✔ Test "configuration drift fails and pauses the active lane before another effect" passed after 1.153 seconds.
✔ Test "W0: pause suppresses unbound recovery as well as discovery" passed after 1.150 seconds.
✔ Test "stop enters draining before durable pause and terminalizes only after drain" passed after 1.149 seconds.
✔ Test "direct canary runs exactly one leased job and never walks the queue" passed after 1.163 seconds.
✔ Test "startup recovery transforms only the bound rollout job before explicit continuation" passed after 1.163 seconds.
✔ Test "W0: an unscoped pass cannot dispatch two serial queued jobs" passed after 1.162 seconds.
✔ Test "canonical preview rejects unknown fields and changed bytes" passed after 1.189 seconds.
✔ Test "reconciliation dispatch runs before any new discovery read" passed after 1.188 seconds.
✔ Test "an exact transient failure closes the lane instead of retrying" passed after 1.188 seconds.
✔ Test "expiry closes and terminalizes the lane before any fresh effect" passed after 1.175 seconds.
✔ Test "execution activation cannot invent a job beyond the planning checkpoint" passed after 1.175 seconds.
✔ Test "stale approval checkpoints into a separately authorized planning step" passed after 1.174 seconds.
✔ Test "a settled local provider result reconciles only its bound reservation" passed after 1.174 seconds.
✔ Test "GitHub reads require the matching task-local scope and settle exactly once" passed after 1.173 seconds.
✔ Test "exact execution evaluates only its bound waiting-human job" passed after 1.173 seconds.
✔ Test "effect reservations consume a finite cap and remain immutable" passed after 1.171 seconds.
✔ Test "an exact intentional terminal result settles and pauses its stage" passed after 1.171 seconds.
✔ Test "issue marker revision and label sends are bound to the live planning step" passed after 1.171 seconds.
✔ Test "revocation denies fresh effects but preserves exact uncertain-effect readback" passed after 1.172 seconds.
✔ Test "preview is read-only and exact activation is atomic" passed after 1.172 seconds.
✔ Test "restart reattaches only pre-boundary orphan reservations after exact recovery" passed after 1.199 seconds.
✔ Test "execution start is not misreported as a completed stage" passed after 1.199 seconds.
✔ Test "activation rejects every stale preview digest" passed after 1.202 seconds.
✔ Test "first finite window admits only its closed future predicate and uses operational expiry" passed after 1.202 seconds.
✔ Test "planning authority cannot cross the durable simple-plan boundary" passed after 1.202 seconds.
✔ Test "the same durable provider run reuses one permit without consuming another slot" passed after 1.202 seconds.
✔ Test "generated review activation cannot invent an unlinked child job" passed after 1.202 seconds.
✔ Suite "Rollout release identity attestor" passed after 1.527 seconds.
✔ Test "an exact interrupted provider boundary requires explicit recovery" passed after 1.202 seconds.
✔ Test "confirmed recovery resumes only the same exact job after every effect settles" passed after 1.203 seconds.
✔ Test "marker cap failure rolls back the complete reservation batch" passed after 1.203 seconds.
✔ Test "preview rejects duplicate labels and lists larger than their budgets" passed after 1.203 seconds.
✔ Test "terminal historical evidence does not block a later drain" passed after 1.203 seconds.
✔ Test "provider admission binds artifact, narrative, resources, and model profile" passed after 1.203 seconds.
✔ Suite "Versioned application engine protocol" passed after 1.629 seconds.
✔ Suite "Durable mutation reconciliation" passed after 2.377 seconds.
✔ Suite "Application engine service" passed after 2.378 seconds.
✔ Suite "Durable jobs, dispositions, leases, and recovery" passed after 2.378 seconds.
✔ Suite "End-to-end scheduler job coordinator" passed after 2.378 seconds.
✔ Test "a rollout job cannot settle an unreserved mutation effect" passed after 2.053 seconds.
✔ Test "send permits are task-bound, single-use transport capabilities" passed after 2.247 seconds.
◇ Test "redirect policy allows one canonical repository GET on the API host only" started.
✔ Test "exact execution preview binds the approved waiting-human checkpoint" passed after 3.341 seconds.
✔ Test "exact triage preview binds issue, labels, and default-branch base" passed after 3.339 seconds.
✔ Test "concurrent publication for one repository ref is rejected before a second create" passed after 3.239 seconds.
✔ Test "redirect policy allows one canonical repository GET on the API host only" passed after 0.659 seconds.
✔ Suite "Rollout remote preview revalidation" passed after 4.168 seconds.
✔ Test "concurrent reservations cannot overrun the provider cap" passed after 3.956 seconds.
✔ Suite "Progressive rollout authority" passed after 4.720 seconds.
◇ Test "production URLSession transport executes through an offline URLProtocol fixture" started.
✔ Test "a sleeping run loop wakes for an immediate trigger" passed after 5.035 seconds.
✔ Suite "Durable scheduler" passed after 5.408 seconds.
✔ Test "production URLSession transport executes through an offline URLProtocol fixture" passed after 0.517 seconds.
◇ Test "the internal read path rejects writes before credential or transport access" started.
✔ Test "the internal read path rejects writes before credential or transport access" passed after 0.436 seconds.
◇ Test "closing read admission after reservation prevents GitHub transport" started.
✔ Test "a Git send permit is task-bound and consumed before transport" passed after 7.491 seconds.
✔ Test "closing read admission after reservation prevents GitHub transport" passed after 0.452 seconds.
✔ Test "an approved-command permit is task-bound and consumed before process creation" passed after 7.838 seconds.
✔ Test "closing admission after command reservation denies process creation" passed after 8.203 seconds.
✔ Test "an effect followed by lost evidence becomes unknown and never starts again" passed after 8.322 seconds.
◇ Test "broker paginates to exhaustion and attaches the token only to the fixed host" started.
✔ Test "broker paginates to exhaustion and attaches the token only to the fixed host" passed after 0.366 seconds.
◇ Test "pull request commits paginate in exact API order and reject duplicates" started.
✔ Test "pull request commits paginate in exact API order and reject duplicates" passed after 0.173 seconds.
◇ Test "repository redirect requires the expected node identity" started.
✔ Test "repository redirect requires the expected node identity" passed after 0.100 seconds.
◇ Test "direct repository reads validate canonical identity and default branch" started.
✔ Test "direct repository reads validate canonical identity and default branch" passed after 0.256 seconds.
✔ Test "reopen advances a durably completed review without rerunning Pi" passed after 10.695 seconds.
◇ Test "oversized and cross-host responses fail closed" started.
✔ Test "oversized and cross-host responses fail closed" passed after 0.177 seconds.
✔ Test "unknown claim marker never sends a workflow-label mutation" passed after 11.471 seconds.
✔ Suite "GitHub HTTP classification and broker" passed after 11.508 seconds.
✔ Test "an accepted local result settles its exact send-started reservation after restart" passed after 11.875 seconds.
✔ Test "an accepted result replays after store reopen without another process effect" passed after 12.166 seconds.
✔ Suite "Crash-safe approved command executor" passed after 12.481 seconds.
✔ Test "REST and fetched Git commit divergence stops before review or publication" passed after 12.185 seconds.
✔ Test "preview fetches only the exact base and pull-request head under a finite permit" passed after 13.174 seconds.
✔ Suite "Rollout Git preview reads" passed after 13.264 seconds.
✔ Test "system Git publishes old-zero create, reads exact SHA, and never overwrites" passed after 13.253 seconds.
✔ Test "a ref created before advertisement cannot be fast-forwarded" passed after 13.418 seconds.
✔ Suite "Atomic create-only Git publication" passed after 13.765 seconds.
✔ Test "authorized retry attributes the old generation if it becomes visible before resend" passed after 13.499 seconds.
✔ Test "real local Git, review routing, multipart-safe publication, and cleanup complete once" passed after 13.648 seconds.
✔ Test "a fresh coordinator recovers an interrupted production review and replays it to success" passed after 13.874 seconds.
✔ Test "topology recovery bypasses a stale attempt review-selection event exactly once" passed after 14.012 seconds.
✔ Test "interrupted Pi writer with workspace changes blocks and preserves evidence" passed after 14.463 seconds.
✔ Test "authorized retry uses a fresh mutation generation after an ambiguous marker send" passed after 14.617 seconds.
✔ Test "a late exact marker is read-only attributed and recovered without another send" passed after 14.633 seconds.
✔ Suite "Pull request review job from exact commits to durable marker" passed after 14.963 seconds.
✔ Test "completed complex-plan publication recovers cleanup before returning to human gate" passed after 15.138 seconds.
✔ Test "marker, exact verdict label, domain labels, disposition, and cleanup complete once" passed after 15.316 seconds.
✔ Test "fresh stores and workflow recover a completed triage step after SQLite reopen" passed after 15.316 seconds.
✔ Test "ambiguous complex-plan marker never sends the plan-review label mutation" passed after 15.830 seconds.
✔ Test "startup recovery advances each durably completed triage step exactly once" with 3 test cases passed after 16.083 seconds.
✔ Test "ambiguous blocked publication retains workspace and does not publish blocked label" passed after 16.310 seconds.
✔ Test "completed blocked publication recovers cleanup before terminal state" passed after 16.480 seconds.
✔ Test "late marker after a stale-input rerun uses the paired latest issue revision" passed after 16.667 seconds.
✔ Test "human input changed during triage discards stale output and reruns before mutation" passed after 17.108 seconds.
✔ Test "authorized triage retry attributes a newly visible old marker before resend" passed after 17.140 seconds.
✔ Test "fresh stores and workflow recover a completed plan after SQLite reopen" passed after 17.883 seconds.
✔ Test "mixed-case workflow labels use the same canonical eligibility throughout" passed after 17.996 seconds.
✔ Test "input invalidation crash recovers to triage without a false completed mutation" passed after 17.999 seconds.
✔ Suite "Issue triage job from snapshot to durable verdict" passed after 18.000 seconds.
✔ Test "ready issue completes claim, plan, implementation, publication, QA, cleanup, and review enqueue" passed after 18.280 seconds.
✔ Test "stale human input consumes only approval, replans, and returns to plan review" passed after 18.285 seconds.
✔ Test "authorized claim retry attributes a newly visible old marker before resend" passed after 18.373 seconds.
✔ Test "startup recovery imports durable orchestration evidence before workspace drift blocks" passed after 18.389 seconds.
✔ Test "startup recovery advances each durably completed implementation step exactly once" with 8 test cases passed after 18.470 seconds.
✔ Test "stale base consumes only approval and publishes a replacement complex plan" passed after 18.527 seconds.
✔ Test "completed approved claim resumes orchestration without replanning" passed after 18.909 seconds.
✔ Test "complex plan releases its claim and workspace, then exact approval resumes a new generation" passed after 18.949 seconds.
✔ Suite "Issue implementation job from exact claim to post-open review" passed after 18.950 seconds.
✔ Test run with 171 tests in 16 suites passed after 18.950 seconds.
progressive production automation acceptance: PASS suites=16
