^D[0/1] Planning build
Building for debugging...
[0/23] Write sources
[1/23] Write swift-version--58304C5D6DBC2206.txt
[3/5] Compiling JidokaCodeCoreTests JobCoordinatorTests.swift
[4/5] Emitting module JidokaCodeCoreTests
[4/6] Write Objects.LinkFileList
[5/6] Linking JidokaCodePackageTests
Build complete! (4.30s)
Test Suite 'Selected tests' started at 2026-09-04 11:54:43.739.
Test Suite 'JidokaCodePackageTests.xctest' started at 2026-09-04 11:54:43.740.
Test Suite 'JidokaCodePackageTests.xctest' passed at 2026-09-04 11:54:43.740.
	 Executed 0 tests, with 0 failures (0 unexpected) in 0.000 (0.000) seconds
Test Suite 'Selected tests' passed at 2026-09-04 11:54:43.740.
	 Executed 0 tests, with 0 failures (0 unexpected) in 0.000 (0.001) seconds
◇ Test run started.
↳ Testing Library Version: 1902
↳ Target Platform: arm64e-apple-macos14.0
◇ Suite "End-to-end scheduler job coordinator" started.
◇ Test "one pass dispatches only the exact bound workflow and leaves other jobs queued" started.
✘ Test "one pass dispatches only the exact bound workflow and leaves other jobs queued" recorded an issue at JobCoordinatorTests.swift:117:19: Issue recorded
↳ unexpected coordinator failures: [JidokaCodeCore.JobCoordinatorFailure(repositoryID: nil, jobID: nil, stage: "scheduler-pass", errorType: "JidokaCodeCore.SQLiteStoreError")]
✘ Test "one pass dispatches only the exact bound workflow and leaves other jobs queued" failed after 0.043 seconds with 1 issue.
✘ Suite "End-to-end scheduler job coordinator" failed after 0.043 seconds with 1 issue.
✘ Test run with 1 test in 1 suite failed after 0.043 seconds with 1 issue.
