^D[0/1] Planning build
Building for debugging...
[0/23] Write sources
[1/23] Write swift-version--58304C5D6DBC2206.txt
[3/5] Compiling JidokaCodeCoreTests HerdrPiWorkflowRuntimeTests.swift
[4/5] Emitting module JidokaCodeCoreTests
[5/91] Compiling JidokaCodeCoreTests JobStateMachineTests.swift
[6/91] Compiling JidokaCodeCoreTests KeychainProbeTests.swift
[7/91] Compiling JidokaCodeCoreTests LifecycleProbeTests.swift
[8/91] Compiling JidokaCodeCoreTests LocalSpikeContractTests.swift
[9/91] Compiling JidokaCodeCoreTests LocationProbeProtocolTests.swift
[10/91] Compiling JidokaCodeCoreTests SingleInstanceLockTests.swift
[11/91] Compiling JidokaCodeCoreTests SubmoduleManagerTests.swift
[12/91] Compiling JidokaCodeCoreTests VerificationCommandRunnerTests.swift
[13/91] Compiling JidokaCodeCoreTests WorkflowProbeContractTests.swift
[14/91] Compiling JidokaCodeCoreTests WorkspaceApprovedCommandExecutorTests.swift
[15/91] Compiling JidokaCodeCoreTests WorkspaceImporterTests.swift
[16/91] Compiling JidokaCodeCoreTests XCTestSmokeTests.swift
[17/91] Compiling JidokaCodeCoreTests resource_bundle_accessor.swift
[18/91] Compiling JidokaCodeCoreTests PiIssueImplementationOrchestratorTests.swift
[19/91] Compiling JidokaCodeCoreTests PiJobWorkflowPreparerTests.swift
[20/91] Compiling JidokaCodeCoreTests PiModelCatalogDiscoveryTests.swift
[21/91] Compiling JidokaCodeCoreTests PiModelCatalogTests.swift
[22/91] Compiling JidokaCodeCoreTests PiProbeContractTests.swift
[23/91] Compiling JidokaCodeCoreTests EngineXPCPeerValidatorTests.swift
[24/91] Compiling JidokaCodeCoreTests FrozenCommandPlanCodecTests.swift
[25/91] Compiling JidokaCodeCoreTests GitAskPassTests.swift
[26/91] Compiling JidokaCodeCoreTests GitHubDiscoveryTests.swift
[27/91] Compiling JidokaCodeCoreTests GitHubHTTPTests.swift
[28/91] Compiling JidokaCodeCoreTests ProcessIdentityFixtureRecord.swift
[29/91] Compiling JidokaCodeCoreTests ProductionEngineExternalServicesTests.swift
[30/91] Compiling JidokaCodeCoreTests ProductionHerdrCompositionTests.swift
[31/91] Compiling JidokaCodeCoreTests ProductionModelCatalogIntegrationTests.swift
[32/91] Compiling JidokaCodeCoreTests PullRequestCommitDeriverTests.swift
[33/91] Compiling JidokaCodeCoreTests RolloutEffectAuthorityTestSupport.swift
[34/91] Compiling JidokaCodeCoreTests RolloutReleaseIdentityAttestorTests.swift
[35/91] Compiling JidokaCodeCoreTests RolloutRemotePreviewRevalidatorTests.swift
[36/91] Compiling JidokaCodeCoreTests SQLiteStoreTests.swift
[37/91] Compiling JidokaCodeCoreTests HerdrTopologyTests.swift
[38/91] Compiling JidokaCodeCoreTests IssueImplementationJobWorkflowTests.swift
[39/91] Compiling JidokaCodeCoreTests IssueRevisionTests.swift
[40/91] Compiling JidokaCodeCoreTests IssueTriageJobWorkflowTests.swift
[41/91] Compiling JidokaCodeCoreTests JobCoordinatorTests.swift
[42/91] Compiling JidokaCodeCoreTests PullRequestReviewJobWorkflowTests.swift
[43/91] Compiling JidokaCodeCoreTests RepositoryStoreFaultTests.swift
[44/91] Compiling JidokaCodeCoreTests RepositoryStoreTests.swift
[45/91] Compiling JidokaCodeCoreTests RolloutAuthorityStoreTests.swift
[46/91] Compiling JidokaCodeCoreTests MutationReconcilerTests.swift
[47/91] Compiling JidokaCodeCoreTests PackagedExecutableSnapshotTests.swift
[48/91] Compiling JidokaCodeCoreTests PackagedPiResourceSnapshotTests.swift
[49/91] Compiling JidokaCodeCoreTests PackagedPreflightTests.swift
[50/91] Compiling JidokaCodeCoreTests PackagedResourceSnapshotTests.swift
[51/91] Compiling JidokaCodeCoreTests PiRuntimeResolverTests.swift
[52/91] Compiling JidokaCodeCoreTests PiTUIRuntimeTests.swift
[53/91] Compiling JidokaCodeCoreTests PiWorkflowReplayTests.swift
[54/91] Compiling JidokaCodeCoreTests PiWorkflowResourceTests.swift
[55/91] Compiling JidokaCodeCoreTests PiWorkflowRouterTests.swift
[56/91] Compiling JidokaCodeCoreTests PiProviderCredentialSnapshotTests.swift
[57/91] Compiling JidokaCodeCoreTests PiRPCProcessTests.swift
[58/91] Compiling JidokaCodeCoreTests PiRPCProtocolTests.swift
[59/91] Compiling JidokaCodeCoreTests PiRPCWorkflowExecutorTests.swift
[60/91] Compiling JidokaCodeCoreTests PiRunStoreTests.swift
[61/91] Compiling JidokaCodeCoreTests GitHubJobMutationObservationReaderTests.swift
[62/91] Compiling JidokaCodeCoreTests GitHubMarkerPublisherTests.swift
[63/91] Compiling JidokaCodeCoreTests GitHubMarkerTests.swift
[64/91] Compiling JidokaCodeCoreTests GitHubMutationExecutorTests.swift
[65/91] Compiling JidokaCodeCoreTests GitHubMutationObservationsTests.swift
[66/91] Compiling JidokaCodeCoreTests ApprovedCommandRunStoreTests.swift
[67/91] Compiling JidokaCodeCoreTests ArtifactStoreTests.swift
[68/91] Compiling JidokaCodeCoreTests ComplexityClassifierTests.swift
[69/91] Compiling JidokaCodeCoreTests ConfigurationStoreTests.swift
[70/91] Compiling JidokaCodeCoreTests DurableApprovedCommandExecutorTests.swift
[71/91] Compiling JidokaCodeCoreTests GitHubPullRequestPublisherTests.swift
/private/tmp/jidoka-code-progressive-production-automation/Tests/JidokaCodeCoreTests/GitHubTokenStoreTests.swift:446:7: warning: 'SecTrustedApplicationCreateFromPath' was deprecated in macOS 10.10: SecKeychain is deprecated [#DeprecatedDeclaration]
444 |     var application: SecTrustedApplication?
445 |     let status = path.withCString {
446 |       SecTrustedApplicationCreateFromPath($0, &application)
    |       `- warning: 'SecTrustedApplicationCreateFromPath' was deprecated in macOS 10.10: SecKeychain is deprecated [#DeprecatedDeclaration]
447 |     }
448 |     guard status == errSecSuccess, let application else {

/private/tmp/jidoka-code-progressive-production-automation/Tests/JidokaCodeCoreTests/GitHubTokenStoreTests.swift:454:16: warning: 'SecAccessCreate' was deprecated in macOS 10.10: SecKeychain is deprecated [#DeprecatedDeclaration]
452 |   }
453 |   var access: SecAccess?
454 |   let status = SecAccessCreate(
    |                `- warning: 'SecAccessCreate' was deprecated in macOS 10.10: SecKeychain is deprecated [#DeprecatedDeclaration]
455 |     descriptor as CFString,
456 |     trustedApplications as CFArray,

[#DeprecatedDeclaration]: <https://docs.swift.org/compiler/documentation/diagnostics/deprecated-declaration>
[72/91] Compiling JidokaCodeCoreTests GitHubRequestTests.swift
/private/tmp/jidoka-code-progressive-production-automation/Tests/JidokaCodeCoreTests/GitHubTokenStoreTests.swift:446:7: warning: 'SecTrustedApplicationCreateFromPath' was deprecated in macOS 10.10: SecKeychain is deprecated [#DeprecatedDeclaration]
444 |     var application: SecTrustedApplication?
445 |     let status = path.withCString {
446 |       SecTrustedApplicationCreateFromPath($0, &application)
    |       `- warning: 'SecTrustedApplicationCreateFromPath' was deprecated in macOS 10.10: SecKeychain is deprecated [#DeprecatedDeclaration]
447 |     }
448 |     guard status == errSecSuccess, let application else {

/private/tmp/jidoka-code-progressive-production-automation/Tests/JidokaCodeCoreTests/GitHubTokenStoreTests.swift:454:16: warning: 'SecAccessCreate' was deprecated in macOS 10.10: SecKeychain is deprecated [#DeprecatedDeclaration]
452 |   }
453 |   var access: SecAccess?
454 |   let status = SecAccessCreate(
    |                `- warning: 'SecAccessCreate' was deprecated in macOS 10.10: SecKeychain is deprecated [#DeprecatedDeclaration]
455 |     descriptor as CFString,
456 |     trustedApplications as CFArray,

[#DeprecatedDeclaration]: <https://docs.swift.org/compiler/documentation/diagnostics/deprecated-declaration>
[73/91] Compiling JidokaCodeCoreTests GitHubTokenStoreTests.swift
/private/tmp/jidoka-code-progressive-production-automation/Tests/JidokaCodeCoreTests/GitHubTokenStoreTests.swift:446:7: warning: 'SecTrustedApplicationCreateFromPath' was deprecated in macOS 10.10: SecKeychain is deprecated [#DeprecatedDeclaration]
444 |     var application: SecTrustedApplication?
445 |     let status = path.withCString {
446 |       SecTrustedApplicationCreateFromPath($0, &application)
    |       `- warning: 'SecTrustedApplicationCreateFromPath' was deprecated in macOS 10.10: SecKeychain is deprecated [#DeprecatedDeclaration]
447 |     }
448 |     guard status == errSecSuccess, let application else {

/private/tmp/jidoka-code-progressive-production-automation/Tests/JidokaCodeCoreTests/GitHubTokenStoreTests.swift:454:16: warning: 'SecAccessCreate' was deprecated in macOS 10.10: SecKeychain is deprecated [#DeprecatedDeclaration]
452 |   }
453 |   var access: SecAccess?
454 |   let status = SecAccessCreate(
    |                `- warning: 'SecAccessCreate' was deprecated in macOS 10.10: SecKeychain is deprecated [#DeprecatedDeclaration]
455 |     descriptor as CFString,
456 |     trustedApplications as CFArray,

[#DeprecatedDeclaration]: <https://docs.swift.org/compiler/documentation/diagnostics/deprecated-declaration>
[74/91] Compiling JidokaCodeCoreTests GitHubWorkflowLabelBootstrapperTests.swift
/private/tmp/jidoka-code-progressive-production-automation/Tests/JidokaCodeCoreTests/GitHubTokenStoreTests.swift:446:7: warning: 'SecTrustedApplicationCreateFromPath' was deprecated in macOS 10.10: SecKeychain is deprecated [#DeprecatedDeclaration]
444 |     var application: SecTrustedApplication?
445 |     let status = path.withCString {
446 |       SecTrustedApplicationCreateFromPath($0, &application)
    |       `- warning: 'SecTrustedApplicationCreateFromPath' was deprecated in macOS 10.10: SecKeychain is deprecated [#DeprecatedDeclaration]
447 |     }
448 |     guard status == errSecSuccess, let application else {

/private/tmp/jidoka-code-progressive-production-automation/Tests/JidokaCodeCoreTests/GitHubTokenStoreTests.swift:454:16: warning: 'SecAccessCreate' was deprecated in macOS 10.10: SecKeychain is deprecated [#DeprecatedDeclaration]
452 |   }
453 |   var access: SecAccess?
454 |   let status = SecAccessCreate(
    |                `- warning: 'SecAccessCreate' was deprecated in macOS 10.10: SecKeychain is deprecated [#DeprecatedDeclaration]
455 |     descriptor as CFString,
456 |     trustedApplications as CFArray,

[#DeprecatedDeclaration]: <https://docs.swift.org/compiler/documentation/diagnostics/deprecated-declaration>
[75/91] Compiling JidokaCodeCoreTests GitHubWorkflowLabelMutatorTests.swift
/private/tmp/jidoka-code-progressive-production-automation/Tests/JidokaCodeCoreTests/GitHubTokenStoreTests.swift:446:7: warning: 'SecTrustedApplicationCreateFromPath' was deprecated in macOS 10.10: SecKeychain is deprecated [#DeprecatedDeclaration]
444 |     var application: SecTrustedApplication?
445 |     let status = path.withCString {
446 |       SecTrustedApplicationCreateFromPath($0, &application)
    |       `- warning: 'SecTrustedApplicationCreateFromPath' was deprecated in macOS 10.10: SecKeychain is deprecated [#DeprecatedDeclaration]
447 |     }
448 |     guard status == errSecSuccess, let application else {

/private/tmp/jidoka-code-progressive-production-automation/Tests/JidokaCodeCoreTests/GitHubTokenStoreTests.swift:454:16: warning: 'SecAccessCreate' was deprecated in macOS 10.10: SecKeychain is deprecated [#DeprecatedDeclaration]
452 |   }
453 |   var access: SecAccess?
454 |   let status = SecAccessCreate(
    |                `- warning: 'SecAccessCreate' was deprecated in macOS 10.10: SecKeychain is deprecated [#DeprecatedDeclaration]
455 |     descriptor as CFString,
456 |     trustedApplications as CFArray,

[#DeprecatedDeclaration]: <https://docs.swift.org/compiler/documentation/diagnostics/deprecated-declaration>
[76/91] Compiling JidokaCodeCoreTests DurableJobStoreTests.swift
[77/91] Compiling JidokaCodeCoreTests DurableSchedulerTests.swift
[78/91] Compiling JidokaCodeCoreTests EngineProtocolTests.swift
[79/91] Compiling JidokaCodeCoreTests EngineRedactedLogTests.swift
[80/91] Compiling JidokaCodeCoreTests EngineServiceTests.swift
[81/91] Compiling JidokaCodeCoreTests GitProcessTests.swift
[82/91] Compiling JidokaCodeCoreTests GitPublicationTests.swift
[83/91] Compiling JidokaCodeCoreTests GitPushGuardTests.swift
[84/91] Compiling JidokaCodeCoreTests GitRolloutPreviewTests.swift
[85/91] Compiling JidokaCodeCoreTests GitTestSupport.swift
[86/91] Compiling JidokaCodeCoreTests HerdrFakeSocket.swift
[87/91] Compiling JidokaCodeCoreTests HerdrHostRuntimeTests.swift
[88/91] Compiling JidokaCodeCoreTests HerdrProtocolTests.swift
[89/91] Compiling JidokaCodeCoreTests HerdrRoleHostRuntimeTests.swift
[90/91] Compiling JidokaCodeCoreTests HerdrRuntimeReadinessTests.swift
[90/92] Write Objects.LinkFileList
[91/92] Linking JidokaCodePackageTests
Build complete! (33.01s)
Test Suite 'Selected tests' started at 2026-09-04 11:25:34.777.
Test Suite 'JidokaCodePackageTests.xctest' started at 2026-09-04 11:25:34.778.
Test Suite 'JidokaCodePackageTests.xctest' passed at 2026-09-04 11:25:34.778.
	 Executed 0 tests, with 0 failures (0 unexpected) in 0.000 (0.000) seconds
Test Suite 'Selected tests' passed at 2026-09-04 11:25:34.778.
	 Executed 0 tests, with 0 failures (0 unexpected) in 0.000 (0.002) seconds
◇ Test run started.
↳ Testing Library Version: 1902
↳ Target Platform: arm64e-apple-macos14.0
◇ Suite "Production Herdr Pi workflow runtime" started.
◇ Test "runtime mutation drift and fault matrices have exact unique shape" started.
✔ Test "runtime mutation drift and fault matrices have exact unique shape" passed after 0.001 seconds.
◇ Test "job kinds eagerly create exact one four and five role-host topologies" started.
✔ Test "job kinds eagerly create exact one four and five role-host topologies" passed after 0.621 seconds.
◇ Test "Pi-owned terminal theme remains valid while importing a launched child" started.
✔ Test "Pi-owned terminal theme remains valid while importing a launched child" passed after 0.236 seconds.
◇ Test "workflow launch event gates time out in seconds and remain reusable" started.
✔ Test "workflow launch event gates time out in seconds and remain reusable" passed after 0.054 seconds.
◇ Test "terminal failure strictly removes projected provider credentials" started.
◇ Test case passing 1 argument channelFailure → true to "terminal failure strictly removes projected provider credentials" started.
◇ Test case passing 1 argument channelFailure → false to "terminal failure strictly removes projected provider credentials" started.
✔ Test "terminal failure strictly removes projected provider credentials" with 2 test cases passed after 8.428 seconds.
◇ Test "Herdr-redacted layout environment is closed by exact role-host process evidence" started.
✔ Test "Herdr-redacted layout environment is closed by exact role-host process evidence" passed after 0.208 seconds.
◇ Test "canary launch scope rejects another job before topology or run creation" started.
✔ Test "canary launch scope rejects another job before topology or run creation" passed after 0.043 seconds.
◇ Test "paused exact canary creates topology and one durable Pi launch" started.
✔ Test "paused exact canary creates topology and one durable Pi launch" passed after 0.198 seconds.
◇ Test "explicit recovery preserves unknown intent and resumes only the same no-Pi canary" started.
✔ Test "explicit recovery preserves unknown intent and resumes only the same no-Pi canary" passed after 9.917 seconds.
◇ Test "explicit focus revalidates exact ownership before changing shared-session focus" started.
✔ Test "explicit focus revalidates exact ownership before changing shared-session focus" passed after 0.051 seconds.
◇ Test "durable result import remains local when the Herdr socket is unavailable" started.
✔ Test "durable result import remains local when the Herdr socket is unavailable" passed after 0.047 seconds.
◇ Test "every production workflow fails closed when Herdr is unavailable" started.
✔ Test "every production workflow fails closed when Herdr is unavailable" passed after 0.188 seconds.
◇ Test "startup recovery rolls back every partial exact 1 4 and 5 role generation" started.
✔ Test "startup recovery rolls back every partial exact 1 4 and 5 role generation" passed after 0.673 seconds.
◇ Test "partial exact 1 4 and 5 role activation rolls every sibling back" started.
✔ Test "partial exact 1 4 and 5 role activation rolls every sibling back" passed after 0.680 seconds.
◇ Test "quit timeout marks every sibling host lost instead of stranding stopping state" started.
✔ Test "quit timeout marks every sibling host lost instead of stranding stopping state" passed after 0.260 seconds.
◇ Test "quit ignores inactive prepared history after release runtime replacement" started.
✔ Test "quit ignores inactive prepared history after release runtime replacement" passed after 0.167 seconds.
◇ Test "pause admission closes before a live result settles and replays without relaunch" started.
✔ Test "pause admission closes before a live result settles and replays without relaunch" passed after 0.255 seconds.
◇ Test "durable enqueued state republishes one missing command after a crash window" started.
✔ Test "durable enqueued state republishes one missing command after a crash window" passed after 0.451 seconds.
◇ Test "a moved persistent role host executes its next round in the rebound pane" started.
✔ Test "a moved persistent role host executes its next round in the rebound pane" passed after 0.334 seconds.
◇ Test "settled evidence survives topology rebind job recovery and durable pause" started.
✔ Test "settled evidence survives topology rebind job recovery and durable pause" passed after 0.276 seconds.
◇ Test "replacement runtime rejects each one-field q4 descriptor binding drift" started.
◇ Test case passing 1 argument field → 0 to "replacement runtime rejects each one-field q4 descriptor binding drift" started.
◇ Test case passing 1 argument field → 1 to "replacement runtime rejects each one-field q4 descriptor binding drift" started.
◇ Test case passing 1 argument field → 2 to "replacement runtime rejects each one-field q4 descriptor binding drift" started.
◇ Test case passing 1 argument field → 3 to "replacement runtime rejects each one-field q4 descriptor binding drift" started.
◇ Test case passing 1 argument field → 4 to "replacement runtime rejects each one-field q4 descriptor binding drift" started.
◇ Test case passing 1 argument field → 5 to "replacement runtime rejects each one-field q4 descriptor binding drift" started.
◇ Test case passing 1 argument field → 6 to "replacement runtime rejects each one-field q4 descriptor binding drift" started.
✔ Test "replacement runtime rejects each one-field q4 descriptor binding drift" with 7 test cases passed after 0.002 seconds.
◇ Test "replacement runtime rejects each adjacent q4 digest-role transposition" started.
◇ Test case passing 1 argument leftField → 0 to "replacement runtime rejects each adjacent q4 digest-role transposition" started.
◇ Test case passing 1 argument leftField → 1 to "replacement runtime rejects each adjacent q4 digest-role transposition" started.
◇ Test case passing 1 argument leftField → 2 to "replacement runtime rejects each adjacent q4 digest-role transposition" started.
◇ Test case passing 1 argument leftField → 3 to "replacement runtime rejects each adjacent q4 digest-role transposition" started.
◇ Test case passing 1 argument leftField → 4 to "replacement runtime rejects each adjacent q4 digest-role transposition" started.
◇ Test case passing 1 argument leftField → 5 to "replacement runtime rejects each adjacent q4 digest-role transposition" started.
✔ Test "replacement runtime rejects each adjacent q4 digest-role transposition" with 6 test cases passed after 0.001 seconds.
◇ Test "replacement runtime rejects a coherent q4 rebind after preview" started.
✔ Test "replacement runtime rejects a coherent q4 rebind after preview" passed after 0.001 seconds.
◇ Test "lost four-host topology rolls to generation two and settles only q4" started.
◇ Test case passing 1 argument restartState → .prepared to "lost four-host topology rolls to generation two and settles only q4" started.
◇ Test case passing 1 argument restartState → .enqueuedMissingCommand to "lost four-host topology rolls to generation two and settles only q4" started.
✔ Test "lost four-host topology rolls to generation two and settles only q4" with 2 test cases passed after 3.035 seconds.
◇ Test "schema eight migration reaches current-runtime lost topology recovery" started.
✔ Test "schema eight migration reaches current-runtime lost topology recovery" passed after 0.286 seconds.
◇ Test "generation rollover resumes after a binding and one-host restart cut" started.
✔ Test "generation rollover resumes after a binding and one-host restart cut" passed after 0.434 seconds.
◇ Test "schema 9 replacement denies one-field q4 backing drift before remote effects" started.
◇ Test case passing 1 argument drift → .q4Configuration to "schema 9 replacement denies one-field q4 backing drift before remote effects" started.
◇ Test case passing 1 argument drift → .q4Prompt to "schema 9 replacement denies one-field q4 backing drift before remote effects" started.
◇ Test case passing 1 argument drift → .q4WorkflowConfiguration to "schema 9 replacement denies one-field q4 backing drift before remote effects" started.
◇ Test case passing 1 argument drift → .priorLaunchConfiguration to "schema 9 replacement denies one-field q4 backing drift before remote effects" started.
◇ Test case passing 1 argument drift → .sourcePrompt to "schema 9 replacement denies one-field q4 backing drift before remote effects" started.
◇ Test case passing 1 argument drift → .sourceWorkflowConfiguration to "schema 9 replacement denies one-field q4 backing drift before remote effects" started.
✔ Test "schema 9 replacement denies one-field q4 backing drift before remote effects" with 6 test cases passed after 2.368 seconds.
◇ Test "schema 9 replacement revalidates q4 at send and first remote-effect boundaries" started.
◇ Test case passing 1 argument boundary → .sendStart to "schema 9 replacement revalidates q4 at send and first remote-effect boundaries" started.
◇ Test case passing 1 argument boundary → .firstRemoteEffect to "schema 9 replacement revalidates q4 at send and first remote-effect boundaries" started.
✔ Test "schema 9 replacement revalidates q4 at send and first remote-effect boundaries" with 2 test cases passed after 1.149 seconds.
◇ Test "schema 9 replacement rejects every authorized q4 digest drift before credentials" started.
◇ Test case passing 1 argument field → 0 to "schema 9 replacement rejects every authorized q4 digest drift before credentials" started.
◇ Test case passing 1 argument field → 1 to "schema 9 replacement rejects every authorized q4 digest drift before credentials" started.
◇ Test case passing 1 argument field → 2 to "schema 9 replacement rejects every authorized q4 digest drift before credentials" started.
◇ Test case passing 1 argument field → 3 to "schema 9 replacement rejects every authorized q4 digest drift before credentials" started.
◇ Test case passing 1 argument field → 4 to "schema 9 replacement rejects every authorized q4 digest drift before credentials" started.
◇ Test case passing 1 argument field → 5 to "schema 9 replacement rejects every authorized q4 digest drift before credentials" started.
◇ Test case passing 1 argument field → 6 to "schema 9 replacement rejects every authorized q4 digest drift before credentials" started.
✔ Test "schema 9 replacement rejects every authorized q4 digest drift before credentials" with 7 test cases passed after 3.075 seconds.
◇ Test "every post-preview one-field drift stops before replacement effects" started.
◇ Test case passing 1 argument drift → ReplacementPostPreviewDriftCase(name: "socket-vnode", kind: JidokaCodeCoreTests.ReplacementPostPreviewDriftKind.socketVnode, expectedError: JidokaCodeCoreTests.ReplacementMatrixExpectedError.herdr(JidokaCodeCore.HerdrPiWorkflowError.topologyUnavailable)) to "every post-preview one-field drift stops before replacement effects" started.
◇ Test case passing 1 argument drift → ReplacementPostPreviewDriftCase(name: "peer-processID", kind: JidokaCodeCoreTests.ReplacementPostPreviewDriftKind.peer(JidokaCodeCoreTests.ReplacementConnectedPeerDriftField.processID), expectedError: JidokaCodeCoreTests.ReplacementMatrixExpectedError.herdr(JidokaCodeCore.HerdrPiWorkflowError.recoveryBoundaryReached)) to "every post-preview one-field drift stops before replacement effects" started.
◇ Test case passing 1 argument drift → ReplacementPostPreviewDriftCase(name: "peer-startSeconds", kind: JidokaCodeCoreTests.ReplacementPostPreviewDriftKind.peer(JidokaCodeCoreTests.ReplacementConnectedPeerDriftField.startSeconds), expectedError: JidokaCodeCoreTests.ReplacementMatrixExpectedError.herdr(JidokaCodeCore.HerdrPiWorkflowError.recoveryBoundaryReached)) to "every post-preview one-field drift stops before replacement effects" started.
◇ Test case passing 1 argument drift → ReplacementPostPreviewDriftCase(name: "peer-startMicroseconds", kind: JidokaCodeCoreTests.ReplacementPostPreviewDriftKind.peer(JidokaCodeCoreTests.ReplacementConnectedPeerDriftField.startMicroseconds), expectedError: JidokaCodeCoreTests.ReplacementMatrixExpectedError.herdr(JidokaCodeCore.HerdrPiWorkflowError.recoveryBoundaryReached)) to "every post-preview one-field drift stops before replacement effects" started.
◇ Test case passing 1 argument drift → ReplacementPostPreviewDriftCase(name: "peer-executablePath", kind: JidokaCodeCoreTests.ReplacementPostPreviewDriftKind.peer(JidokaCodeCoreTests.ReplacementConnectedPeerDriftField.executablePath), expectedError: JidokaCodeCoreTests.ReplacementMatrixExpectedError.herdr(JidokaCodeCore.HerdrPiWorkflowError.recoveryBoundaryReached)) to "every post-preview one-field drift stops before replacement effects" started.
◇ Test case passing 1 argument drift → ReplacementPostPreviewDriftCase(name: "peer-executableDevice", kind: JidokaCodeCoreTests.ReplacementPostPreviewDriftKind.peer(JidokaCodeCoreTests.ReplacementConnectedPeerDriftField.executableDevice), expectedError: JidokaCodeCoreTests.ReplacementMatrixExpectedError.herdr(JidokaCodeCore.HerdrPiWorkflowError.recoveryBoundaryReached)) to "every post-preview one-field drift stops before replacement effects" started.
◇ Test case passing 1 argument drift → ReplacementPostPreviewDriftCase(name: "peer-executableInode", kind: JidokaCodeCoreTests.ReplacementPostPreviewDriftKind.peer(JidokaCodeCoreTests.ReplacementConnectedPeerDriftField.executableInode), expectedError: JidokaCodeCoreTests.ReplacementMatrixExpectedError.herdr(JidokaCodeCore.HerdrPiWorkflowError.recoveryBoundaryReached)) to "every post-preview one-field drift stops before replacement effects" started.
◇ Test case passing 1 argument drift → ReplacementPostPreviewDriftCase(name: "peer-executableContent", kind: JidokaCodeCoreTests.ReplacementPostPreviewDriftKind.peer(JidokaCodeCoreTests.ReplacementConnectedPeerDriftField.executableContent), expectedError: JidokaCodeCoreTests.ReplacementMatrixExpectedError.herdr(JidokaCodeCore.HerdrPiWorkflowError.recoveryBoundaryReached)) to "every post-preview one-field drift stops before replacement effects" started.
◇ Test case passing 1 argument drift → ReplacementPostPreviewDriftCase(name: "peer-codeIdentity", kind: JidokaCodeCoreTests.ReplacementPostPreviewDriftKind.peer(JidokaCodeCoreTests.ReplacementConnectedPeerDriftField.codeIdentity), expectedError: JidokaCodeCoreTests.ReplacementMatrixExpectedError.herdr(JidokaCodeCore.HerdrPiWorkflowError.recoveryBoundaryReached)) to "every post-preview one-field drift stops before replacement effects" started.
◇ Test case passing 1 argument drift → ReplacementPostPreviewDriftCase(name: "resource-rootIdentity", kind: JidokaCodeCoreTests.ReplacementPostPreviewDriftKind.resource(JidokaCodeCoreTests.ReplacementResourceDrift.rootIdentity), expectedError: JidokaCodeCoreTests.ReplacementMatrixExpectedError.herdr(JidokaCodeCore.HerdrPiWorkflowError.recoveryBoundaryReached)) to "every post-preview one-field drift stops before replacement effects" started.
◇ Test case passing 1 argument drift → ReplacementPostPreviewDriftCase(name: "resource-inventory", kind: JidokaCodeCoreTests.ReplacementPostPreviewDriftKind.resource(JidokaCodeCoreTests.ReplacementResourceDrift.inventory), expectedError: JidokaCodeCoreTests.ReplacementMatrixExpectedError.herdr(JidokaCodeCore.HerdrPiWorkflowError.recoveryBoundaryReached)) to "every post-preview one-field drift stops before replacement effects" started.
◇ Test case passing 1 argument drift → ReplacementPostPreviewDriftCase(name: "resource-fileVnode", kind: JidokaCodeCoreTests.ReplacementPostPreviewDriftKind.resource(JidokaCodeCoreTests.ReplacementResourceDrift.fileVnode), expectedError: JidokaCodeCoreTests.ReplacementMatrixExpectedError.herdr(JidokaCodeCore.HerdrPiWorkflowError.recoveryBoundaryReached)) to "every post-preview one-field drift stops before replacement effects" started.
◇ Test case passing 1 argument drift → ReplacementPostPreviewDriftCase(name: "resource-fileContent", kind: JidokaCodeCoreTests.ReplacementPostPreviewDriftKind.resource(JidokaCodeCoreTests.ReplacementResourceDrift.fileContent), expectedError: JidokaCodeCoreTests.ReplacementMatrixExpectedError.herdr(JidokaCodeCore.HerdrPiWorkflowError.recoveryBoundaryReached)) to "every post-preview one-field drift stops before replacement effects" started.
◇ Test case passing 1 argument drift → ReplacementPostPreviewDriftCase(name: "mapped-executable-architecture-path", kind: JidokaCodeCoreTests.ReplacementPostPreviewDriftKind.executable(JidokaCodeCore.PiWorkflowRole.architecture, JidokaCodeCoreTests.ReplacementExecutableDriftField.path), expectedError: JidokaCodeCoreTests.ReplacementMatrixExpectedError.herdr(JidokaCodeCore.HerdrPiWorkflowError.recoveryBoundaryReached)) to "every post-preview one-field drift stops before replacement effects" started.
◇ Test case passing 1 argument drift → ReplacementPostPreviewDriftCase(name: "mapped-executable-architecture-device", kind: JidokaCodeCoreTests.ReplacementPostPreviewDriftKind.executable(JidokaCodeCore.PiWorkflowRole.architecture, JidokaCodeCoreTests.ReplacementExecutableDriftField.device), expectedError: JidokaCodeCoreTests.ReplacementMatrixExpectedError.herdr(JidokaCodeCore.HerdrPiWorkflowError.recoveryBoundaryReached)) to "every post-preview one-field drift stops before replacement effects" started.
◇ Test case passing 1 argument drift → ReplacementPostPreviewDriftCase(name: "mapped-executable-architecture-inode", kind: JidokaCodeCoreTests.ReplacementPostPreviewDriftKind.executable(JidokaCodeCore.PiWorkflowRole.architecture, JidokaCodeCoreTests.ReplacementExecutableDriftField.inode), expectedError: JidokaCodeCoreTests.ReplacementMatrixExpectedError.herdr(JidokaCodeCore.HerdrPiWorkflowError.recoveryBoundaryReached)) to "every post-preview one-field drift stops before replacement effects" started.
◇ Test case passing 1 argument drift → ReplacementPostPreviewDriftCase(name: "mapped-executable-architecture-content", kind: JidokaCodeCoreTests.ReplacementPostPreviewDriftKind.executable(JidokaCodeCore.PiWorkflowRole.architecture, JidokaCodeCoreTests.ReplacementExecutableDriftField.content), expectedError: JidokaCodeCoreTests.ReplacementMatrixExpectedError.herdr(JidokaCodeCore.HerdrPiWorkflowError.recoveryBoundaryReached)) to "every post-preview one-field drift stops before replacement effects" started.
◇ Test case passing 1 argument drift → ReplacementPostPreviewDriftCase(name: "mapped-executable-architecture-codeIdentity", kind: JidokaCodeCoreTests.ReplacementPostPreviewDriftKind.executable(JidokaCodeCore.PiWorkflowRole.architecture, JidokaCodeCoreTests.ReplacementExecutableDriftField.codeIdentity), expectedError: JidokaCodeCoreTests.ReplacementMatrixExpectedError.herdr(JidokaCodeCore.HerdrPiWorkflowError.recoveryBoundaryReached)) to "every post-preview one-field drift stops before replacement effects" started.
◇ Test case passing 1 argument drift → ReplacementPostPreviewDriftCase(name: "mapped-executable-security-path", kind: JidokaCodeCoreTests.ReplacementPostPreviewDriftKind.executable(JidokaCodeCore.PiWorkflowRole.security, JidokaCodeCoreTests.ReplacementExecutableDriftField.path), expectedError: JidokaCodeCoreTests.ReplacementMatrixExpectedError.herdr(JidokaCodeCore.HerdrPiWorkflowError.recoveryBoundaryReached)) to "every post-preview one-field drift stops before replacement effects" started.
◇ Test case passing 1 argument drift → ReplacementPostPreviewDriftCase(name: "mapped-executable-security-device", kind: JidokaCodeCoreTests.ReplacementPostPreviewDriftKind.executable(JidokaCodeCore.PiWorkflowRole.security, JidokaCodeCoreTests.ReplacementExecutableDriftField.device), expectedError: JidokaCodeCoreTests.ReplacementMatrixExpectedError.herdr(JidokaCodeCore.HerdrPiWorkflowError.recoveryBoundaryReached)) to "every post-preview one-field drift stops before replacement effects" started.
◇ Test case passing 1 argument drift → ReplacementPostPreviewDriftCase(name: "mapped-executable-security-inode", kind: JidokaCodeCoreTests.ReplacementPostPreviewDriftKind.executable(JidokaCodeCore.PiWorkflowRole.security, JidokaCodeCoreTests.ReplacementExecutableDriftField.inode), expectedError: JidokaCodeCoreTests.ReplacementMatrixExpectedError.herdr(JidokaCodeCore.HerdrPiWorkflowError.recoveryBoundaryReached)) to "every post-preview one-field drift stops before replacement effects" started.
◇ Test case passing 1 argument drift → ReplacementPostPreviewDriftCase(name: "mapped-executable-security-content", kind: JidokaCodeCoreTests.ReplacementPostPreviewDriftKind.executable(JidokaCodeCore.PiWorkflowRole.security, JidokaCodeCoreTests.ReplacementExecutableDriftField.content), expectedError: JidokaCodeCoreTests.ReplacementMatrixExpectedError.herdr(JidokaCodeCore.HerdrPiWorkflowError.recoveryBoundaryReached)) to "every post-preview one-field drift stops before replacement effects" started.
◇ Test case passing 1 argument drift → ReplacementPostPreviewDriftCase(name: "mapped-executable-security-codeIdentity", kind: JidokaCodeCoreTests.ReplacementPostPreviewDriftKind.executable(JidokaCodeCore.PiWorkflowRole.security, JidokaCodeCoreTests.ReplacementExecutableDriftField.codeIdentity), expectedError: JidokaCodeCoreTests.ReplacementMatrixExpectedError.herdr(JidokaCodeCore.HerdrPiWorkflowError.recoveryBoundaryReached)) to "every post-preview one-field drift stops before replacement effects" started.
◇ Test case passing 1 argument drift → ReplacementPostPreviewDriftCase(name: "mapped-executable-test-path", kind: JidokaCodeCoreTests.ReplacementPostPreviewDriftKind.executable(JidokaCodeCore.PiWorkflowRole.test, JidokaCodeCoreTests.ReplacementExecutableDriftField.path), expectedError: JidokaCodeCoreTests.ReplacementMatrixExpectedError.herdr(JidokaCodeCore.HerdrPiWorkflowError.recoveryBoundaryReached)) to "every post-preview one-field drift stops before replacement effects" started.
◇ Test case passing 1 argument drift → ReplacementPostPreviewDriftCase(name: "mapped-executable-test-device", kind: JidokaCodeCoreTests.ReplacementPostPreviewDriftKind.executable(JidokaCodeCore.PiWorkflowRole.test, JidokaCodeCoreTests.ReplacementExecutableDriftField.device), expectedError: JidokaCodeCoreTests.ReplacementMatrixExpectedError.herdr(JidokaCodeCore.HerdrPiWorkflowError.recoveryBoundaryReached)) to "every post-preview one-field drift stops before replacement effects" started.
◇ Test case passing 1 argument drift → ReplacementPostPreviewDriftCase(name: "mapped-executable-test-inode", kind: JidokaCodeCoreTests.ReplacementPostPreviewDriftKind.executable(JidokaCodeCore.PiWorkflowRole.test, JidokaCodeCoreTests.ReplacementExecutableDriftField.inode), expectedError: JidokaCodeCoreTests.ReplacementMatrixExpectedError.herdr(JidokaCodeCore.HerdrPiWorkflowError.recoveryBoundaryReached)) to "every post-preview one-field drift stops before replacement effects" started.
◇ Test case passing 1 argument drift → ReplacementPostPreviewDriftCase(name: "mapped-executable-test-content", kind: JidokaCodeCoreTests.ReplacementPostPreviewDriftKind.executable(JidokaCodeCore.PiWorkflowRole.test, JidokaCodeCoreTests.ReplacementExecutableDriftField.content), expectedError: JidokaCodeCoreTests.ReplacementMatrixExpectedError.herdr(JidokaCodeCore.HerdrPiWorkflowError.recoveryBoundaryReached)) to "every post-preview one-field drift stops before replacement effects" started.
◇ Test case passing 1 argument drift → ReplacementPostPreviewDriftCase(name: "mapped-executable-test-codeIdentity", kind: JidokaCodeCoreTests.ReplacementPostPreviewDriftKind.executable(JidokaCodeCore.PiWorkflowRole.test, JidokaCodeCoreTests.ReplacementExecutableDriftField.codeIdentity), expectedError: JidokaCodeCoreTests.ReplacementMatrixExpectedError.herdr(JidokaCodeCore.HerdrPiWorkflowError.recoveryBoundaryReached)) to "every post-preview one-field drift stops before replacement effects" started.
◇ Test case passing 1 argument drift → ReplacementPostPreviewDriftCase(name: "mapped-executable-synthesis-path", kind: JidokaCodeCoreTests.ReplacementPostPreviewDriftKind.executable(JidokaCodeCore.PiWorkflowRole.synthesis, JidokaCodeCoreTests.ReplacementExecutableDriftField.path), expectedError: JidokaCodeCoreTests.ReplacementMatrixExpectedError.herdr(JidokaCodeCore.HerdrPiWorkflowError.recoveryBoundaryReached)) to "every post-preview one-field drift stops before replacement effects" started.
◇ Test case passing 1 argument drift → ReplacementPostPreviewDriftCase(name: "mapped-executable-synthesis-device", kind: JidokaCodeCoreTests.ReplacementPostPreviewDriftKind.executable(JidokaCodeCore.PiWorkflowRole.synthesis, JidokaCodeCoreTests.ReplacementExecutableDriftField.device), expectedError: JidokaCodeCoreTests.ReplacementMatrixExpectedError.herdr(JidokaCodeCore.HerdrPiWorkflowError.recoveryBoundaryReached)) to "every post-preview one-field drift stops before replacement effects" started.
◇ Test case passing 1 argument drift → ReplacementPostPreviewDriftCase(name: "mapped-executable-synthesis-inode", kind: JidokaCodeCoreTests.ReplacementPostPreviewDriftKind.executable(JidokaCodeCore.PiWorkflowRole.synthesis, JidokaCodeCoreTests.ReplacementExecutableDriftField.inode), expectedError: JidokaCodeCoreTests.ReplacementMatrixExpectedError.herdr(JidokaCodeCore.HerdrPiWorkflowError.recoveryBoundaryReached)) to "every post-preview one-field drift stops before replacement effects" started.
◇ Test case passing 1 argument drift → ReplacementPostPreviewDriftCase(name: "mapped-executable-synthesis-content", kind: JidokaCodeCoreTests.ReplacementPostPreviewDriftKind.executable(JidokaCodeCore.PiWorkflowRole.synthesis, JidokaCodeCoreTests.ReplacementExecutableDriftField.content), expectedError: JidokaCodeCoreTests.ReplacementMatrixExpectedError.herdr(JidokaCodeCore.HerdrPiWorkflowError.recoveryBoundaryReached)) to "every post-preview one-field drift stops before replacement effects" started.
◇ Test case passing 1 argument drift → ReplacementPostPreviewDriftCase(name: "mapped-executable-synthesis-codeIdentity", kind: JidokaCodeCoreTests.ReplacementPostPreviewDriftKind.executable(JidokaCodeCore.PiWorkflowRole.synthesis, JidokaCodeCoreTests.ReplacementExecutableDriftField.codeIdentity), expectedError: JidokaCodeCoreTests.ReplacementMatrixExpectedError.herdr(JidokaCodeCore.HerdrPiWorkflowError.recoveryBoundaryReached)) to "every post-preview one-field drift stops before replacement effects" started.
◇ Test case passing 1 argument drift → ReplacementPostPreviewDriftCase(name: "stale-pane-revision", kind: JidokaCodeCoreTests.ReplacementPostPreviewDriftKind.stalePaneRevision, expectedError: JidokaCodeCoreTests.ReplacementMatrixExpectedError.herdr(JidokaCodeCore.HerdrPiWorkflowError.recoveryBoundaryReached)) to "every post-preview one-field drift stops before replacement effects" started.
◇ Test case passing 1 argument drift → ReplacementPostPreviewDriftCase(name: "stale-pane-token-presence", kind: JidokaCodeCoreTests.ReplacementPostPreviewDriftKind.stalePaneTokenPresence, expectedError: JidokaCodeCoreTests.ReplacementMatrixExpectedError.herdr(JidokaCodeCore.HerdrPiWorkflowError.recoveryBoundaryReached)) to "every post-preview one-field drift stops before replacement effects" started.
◇ Test case passing 1 argument drift → ReplacementPostPreviewDriftCase(name: "stale-pane-token-digest", kind: JidokaCodeCoreTests.ReplacementPostPreviewDriftKind.stalePaneTokenDigest, expectedError: JidokaCodeCoreTests.ReplacementMatrixExpectedError.herdr(JidokaCodeCore.HerdrPiWorkflowError.recoveryBoundaryReached)) to "every post-preview one-field drift stops before replacement effects" started.
◇ Test case passing 1 argument drift → ReplacementPostPreviewDriftCase(name: "q4-descriptor", kind: JidokaCodeCoreTests.ReplacementPostPreviewDriftKind.q4Descriptor, expectedError: JidokaCodeCoreTests.ReplacementMatrixExpectedError.herdr(JidokaCodeCore.HerdrPiWorkflowError.resultDivergent)) to "every post-preview one-field drift stops before replacement effects" started.
◇ Test case passing 1 argument drift → ReplacementPostPreviewDriftCase(name: "q4-backing-q4Configuration", kind: JidokaCodeCoreTests.ReplacementPostPreviewDriftKind.q4Backing(JidokaCodeCoreTests.ReplacementQ4BackingDrift.q4Configuration), expectedError: JidokaCodeCoreTests.ReplacementMatrixExpectedError.tui(JidokaCodeCore.PiTUIRuntimeError.unsafePath)) to "every post-preview one-field drift stops before replacement effects" started.
◇ Test case passing 1 argument drift → ReplacementPostPreviewDriftCase(name: "q4-backing-q4Prompt", kind: JidokaCodeCoreTests.ReplacementPostPreviewDriftKind.q4Backing(JidokaCodeCoreTests.ReplacementQ4BackingDrift.q4Prompt), expectedError: JidokaCodeCoreTests.ReplacementMatrixExpectedError.tui(JidokaCodeCore.PiTUIRuntimeError.unsafePath)) to "every post-preview one-field drift stops before replacement effects" started.
◇ Test case passing 1 argument drift → ReplacementPostPreviewDriftCase(name: "q4-backing-q4WorkflowConfiguration", kind: JidokaCodeCoreTests.ReplacementPostPreviewDriftKind.q4Backing(JidokaCodeCoreTests.ReplacementQ4BackingDrift.q4WorkflowConfiguration), expectedError: JidokaCodeCoreTests.ReplacementMatrixExpectedError.tui(JidokaCodeCore.PiTUIRuntimeError.unsafePath)) to "every post-preview one-field drift stops before replacement effects" started.
◇ Test case passing 1 argument drift → ReplacementPostPreviewDriftCase(name: "q4-backing-priorLaunchConfiguration", kind: JidokaCodeCoreTests.ReplacementPostPreviewDriftKind.q4Backing(JidokaCodeCoreTests.ReplacementQ4BackingDrift.priorLaunchConfiguration), expectedError: JidokaCodeCoreTests.ReplacementMatrixExpectedError.herdr(JidokaCodeCore.HerdrPiWorkflowError.resultDivergent)) to "every post-preview one-field drift stops before replacement effects" started.
◇ Test case passing 1 argument drift → ReplacementPostPreviewDriftCase(name: "q4-backing-sourcePrompt", kind: JidokaCodeCoreTests.ReplacementPostPreviewDriftKind.q4Backing(JidokaCodeCoreTests.ReplacementQ4BackingDrift.sourcePrompt), expectedError: JidokaCodeCoreTests.ReplacementMatrixExpectedError.herdr(JidokaCodeCore.HerdrPiWorkflowError.resultDivergent)) to "every post-preview one-field drift stops before replacement effects" started.
◇ Test case passing 1 argument drift → ReplacementPostPreviewDriftCase(name: "q4-backing-sourceWorkflowConfiguration", kind: JidokaCodeCoreTests.ReplacementPostPreviewDriftKind.q4Backing(JidokaCodeCoreTests.ReplacementQ4BackingDrift.sourceWorkflowConfiguration), expectedError: JidokaCodeCoreTests.ReplacementMatrixExpectedError.herdr(JidokaCodeCore.HerdrPiWorkflowError.resultDivergent)) to "every post-preview one-field drift stops before replacement effects" started.
◇ Test case passing 1 argument drift → ReplacementPostPreviewDriftCase(name: "credential-sourceContent", kind: JidokaCodeCoreTests.ReplacementPostPreviewDriftKind.credential(JidokaCodeCoreTests.ReplacementCredentialDrift.sourceContent), expectedError: JidokaCodeCoreTests.ReplacementMatrixExpectedError.herdr(JidokaCodeCore.HerdrPiWorkflowError.recoveryBoundaryReached)) to "every post-preview one-field drift stops before replacement effects" started.
◇ Test case passing 1 argument drift → ReplacementPostPreviewDriftCase(name: "credential-sourceAccount", kind: JidokaCodeCoreTests.ReplacementPostPreviewDriftKind.credential(JidokaCodeCoreTests.ReplacementCredentialDrift.sourceAccount), expectedError: JidokaCodeCoreTests.ReplacementMatrixExpectedError.herdr(JidokaCodeCore.HerdrPiWorkflowError.recoveryBoundaryReached)) to "every post-preview one-field drift stops before replacement effects" started.
◇ Test case passing 1 argument drift → ReplacementPostPreviewDriftCase(name: "credential-installedProjection", kind: JidokaCodeCoreTests.ReplacementPostPreviewDriftKind.credential(JidokaCodeCoreTests.ReplacementCredentialDrift.installedProjection), expectedError: JidokaCodeCoreTests.ReplacementMatrixExpectedError.tui(JidokaCodeCore.PiTUIRuntimeError.identityMismatch)) to "every post-preview one-field drift stops before replacement effects" started.
◇ Test case passing 1 argument drift → ReplacementPostPreviewDriftCase(name: "paused-state", kind: JidokaCodeCoreTests.ReplacementPostPreviewDriftKind.pausedState, expectedError: JidokaCodeCoreTests.ReplacementMatrixExpectedError.runStore(JidokaCodeCore.PiRunStoreError.invalidTransition)) to "every post-preview one-field drift stops before replacement effects" started.
◇ Test case passing 1 argument drift → ReplacementPostPreviewDriftCase(name: "active-canary", kind: JidokaCodeCoreTests.ReplacementPostPreviewDriftKind.activeCanary, expectedError: JidokaCodeCoreTests.ReplacementMatrixExpectedError.runStore(JidokaCodeCore.PiRunStoreError.invalidTransition)) to "every post-preview one-field drift stops before replacement effects" started.
◇ Test case passing 1 argument drift → ReplacementPostPreviewDriftCase(name: "active-lease", kind: JidokaCodeCoreTests.ReplacementPostPreviewDriftKind.activeLease, expectedError: JidokaCodeCoreTests.ReplacementMatrixExpectedError.runStore(JidokaCodeCore.PiRunStoreError.invalidTransition)) to "every post-preview one-field drift stops before replacement effects" started.
◇ Test case passing 1 argument drift → ReplacementPostPreviewDriftCase(name: "replacement-evidence", kind: JidokaCodeCoreTests.ReplacementPostPreviewDriftKind.replacementEvidence, expectedError: JidokaCodeCoreTests.ReplacementMatrixExpectedError.herdr(JidokaCodeCore.HerdrPiWorkflowError.recoveryBoundaryReached)) to "every post-preview one-field drift stops before replacement effects" started.
◇ Test case passing 1 argument drift → ReplacementPostPreviewDriftCase(name: "replacement-q4-authorization", kind: JidokaCodeCoreTests.ReplacementPostPreviewDriftKind.replacementQ4Authorization, expectedError: JidokaCodeCoreTests.ReplacementMatrixExpectedError.herdr(JidokaCodeCore.HerdrPiWorkflowError.recoveryBoundaryReached)) to "every post-preview one-field drift stops before replacement effects" started.
✔ Test "every post-preview one-field drift stops before replacement effects" with 51 test cases passed after 29.246 seconds.
◇ Test "every pre-cutover fault preserves typed certainty credentials and other hosts" started.
◇ Test case passing 1 argument fault → ReplacementPreCutoverFaultCase(name: "final-proof-beforeSendStartQ4Revalidation", kind: JidokaCodeCoreTests.ReplacementPreCutoverFaultKind.checkpoint(JidokaCodeCore.HerdrRoleHostReplacementCheckpoint.beforeSendStartQ4Revalidation), expectedStatus: JidokaCodeCore.JobCanaryRoleHostReplacementStatus.noRemoteEffectFailure, retainsCredential: false, expectedError: JidokaCodeCoreTests.ReplacementMatrixExpectedError.checkpoint(JidokaCodeCore.HerdrRoleHostReplacementCheckpoint.beforeSendStartQ4Revalidation), expectedReplayError: JidokaCodeCoreTests.ReplacementMatrixExpectedError.herdr(JidokaCodeCore.HerdrPiWorkflowError.recoveryBoundaryReached)) to "every pre-cutover fault preserves typed certainty credentials and other hosts" started.
◇ Test case passing 1 argument fault → ReplacementPreCutoverFaultCase(name: "final-proof-finalPausedStateValidated", kind: JidokaCodeCoreTests.ReplacementPreCutoverFaultKind.checkpoint(JidokaCodeCore.HerdrRoleHostReplacementCheckpoint.finalPausedStateValidated), expectedStatus: JidokaCodeCore.JobCanaryRoleHostReplacementStatus.noRemoteEffectFailure, retainsCredential: false, expectedError: JidokaCodeCoreTests.ReplacementMatrixExpectedError.checkpoint(JidokaCodeCore.HerdrRoleHostReplacementCheckpoint.finalPausedStateValidated), expectedReplayError: JidokaCodeCoreTests.ReplacementMatrixExpectedError.herdr(JidokaCodeCore.HerdrPiWorkflowError.recoveryBoundaryReached)) to "every pre-cutover fault preserves typed certainty credentials and other hosts" started.
◇ Test case passing 1 argument fault → ReplacementPreCutoverFaultCase(name: "final-proof-finalCanaryAuthorityValidated", kind: JidokaCodeCoreTests.ReplacementPreCutoverFaultKind.checkpoint(JidokaCodeCore.HerdrRoleHostReplacementCheckpoint.finalCanaryAuthorityValidated), expectedStatus: JidokaCodeCore.JobCanaryRoleHostReplacementStatus.noRemoteEffectFailure, retainsCredential: false, expectedError: JidokaCodeCoreTests.ReplacementMatrixExpectedError.checkpoint(JidokaCodeCore.HerdrRoleHostReplacementCheckpoint.finalCanaryAuthorityValidated), expectedReplayError: JidokaCodeCoreTests.ReplacementMatrixExpectedError.herdr(JidokaCodeCore.HerdrPiWorkflowError.recoveryBoundaryReached)) to "every pre-cutover fault preserves typed certainty credentials and other hosts" started.
◇ Test case passing 1 argument fault → ReplacementPreCutoverFaultCase(name: "final-proof-finalSocketPeerValidated", kind: JidokaCodeCoreTests.ReplacementPreCutoverFaultKind.checkpoint(JidokaCodeCore.HerdrRoleHostReplacementCheckpoint.finalSocketPeerValidated), expectedStatus: JidokaCodeCore.JobCanaryRoleHostReplacementStatus.noRemoteEffectFailure, retainsCredential: false, expectedError: JidokaCodeCoreTests.ReplacementMatrixExpectedError.checkpoint(JidokaCodeCore.HerdrRoleHostReplacementCheckpoint.finalSocketPeerValidated), expectedReplayError: JidokaCodeCoreTests.ReplacementMatrixExpectedError.herdr(JidokaCodeCore.HerdrPiWorkflowError.recoveryBoundaryReached)) to "every pre-cutover fault preserves typed certainty credentials and other hosts" started.
◇ Test case passing 1 argument fault → ReplacementPreCutoverFaultCase(name: "final-proof-finalResourceEvidenceValidated", kind: JidokaCodeCoreTests.ReplacementPreCutoverFaultKind.checkpoint(JidokaCodeCore.HerdrRoleHostReplacementCheckpoint.finalResourceEvidenceValidated), expectedStatus: JidokaCodeCore.JobCanaryRoleHostReplacementStatus.noRemoteEffectFailure, retainsCredential: false, expectedError: JidokaCodeCoreTests.ReplacementMatrixExpectedError.checkpoint(JidokaCodeCore.HerdrRoleHostReplacementCheckpoint.finalResourceEvidenceValidated), expectedReplayError: JidokaCodeCoreTests.ReplacementMatrixExpectedError.herdr(JidokaCodeCore.HerdrPiWorkflowError.recoveryBoundaryReached)) to "every pre-cutover fault preserves typed certainty credentials and other hosts" started.
◇ Test case passing 1 argument fault → ReplacementPreCutoverFaultCase(name: "final-proof-finalStalePaneValidated", kind: JidokaCodeCoreTests.ReplacementPreCutoverFaultKind.checkpoint(JidokaCodeCore.HerdrRoleHostReplacementCheckpoint.finalStalePaneValidated), expectedStatus: JidokaCodeCore.JobCanaryRoleHostReplacementStatus.noRemoteEffectFailure, retainsCredential: false, expectedError: JidokaCodeCoreTests.ReplacementMatrixExpectedError.checkpoint(JidokaCodeCore.HerdrRoleHostReplacementCheckpoint.finalStalePaneValidated), expectedReplayError: JidokaCodeCoreTests.ReplacementMatrixExpectedError.herdr(JidokaCodeCore.HerdrPiWorkflowError.recoveryBoundaryReached)) to "every pre-cutover fault preserves typed certainty credentials and other hosts" started.
◇ Test case passing 1 argument fault → ReplacementPreCutoverFaultCase(name: "final-proof-finalPredecessorValidated", kind: JidokaCodeCoreTests.ReplacementPreCutoverFaultKind.checkpoint(JidokaCodeCore.HerdrRoleHostReplacementCheckpoint.finalPredecessorValidated), expectedStatus: JidokaCodeCore.JobCanaryRoleHostReplacementStatus.noRemoteEffectFailure, retainsCredential: false, expectedError: JidokaCodeCoreTests.ReplacementMatrixExpectedError.checkpoint(JidokaCodeCore.HerdrRoleHostReplacementCheckpoint.finalPredecessorValidated), expectedReplayError: JidokaCodeCoreTests.ReplacementMatrixExpectedError.herdr(JidokaCodeCore.HerdrPiWorkflowError.recoveryBoundaryReached)) to "every pre-cutover fault preserves typed certainty credentials and other hosts" started.
◇ Test case passing 1 argument fault → ReplacementPreCutoverFaultCase(name: "final-proof-finalPreservedHostsValidated", kind: JidokaCodeCoreTests.ReplacementPreCutoverFaultKind.checkpoint(JidokaCodeCore.HerdrRoleHostReplacementCheckpoint.finalPreservedHostsValidated), expectedStatus: JidokaCodeCore.JobCanaryRoleHostReplacementStatus.noRemoteEffectFailure, retainsCredential: false, expectedError: JidokaCodeCoreTests.ReplacementMatrixExpectedError.checkpoint(JidokaCodeCore.HerdrRoleHostReplacementCheckpoint.finalPreservedHostsValidated), expectedReplayError: JidokaCodeCoreTests.ReplacementMatrixExpectedError.herdr(JidokaCodeCore.HerdrPiWorkflowError.recoveryBoundaryReached)) to "every pre-cutover fault preserves typed certainty credentials and other hosts" started.
◇ Test case passing 1 argument fault → ReplacementPreCutoverFaultCase(name: "final-proof-finalQ4PlanValidated", kind: JidokaCodeCoreTests.ReplacementPreCutoverFaultKind.checkpoint(JidokaCodeCore.HerdrRoleHostReplacementCheckpoint.finalQ4PlanValidated), expectedStatus: JidokaCodeCore.JobCanaryRoleHostReplacementStatus.noRemoteEffectFailure, retainsCredential: false, expectedError: JidokaCodeCoreTests.ReplacementMatrixExpectedError.checkpoint(JidokaCodeCore.HerdrRoleHostReplacementCheckpoint.finalQ4PlanValidated), expectedReplayError: JidokaCodeCoreTests.ReplacementMatrixExpectedError.herdr(JidokaCodeCore.HerdrPiWorkflowError.recoveryBoundaryReached)) to "every pre-cutover fault preserves typed certainty credentials and other hosts" started.
◇ Test case passing 1 argument fault → ReplacementPreCutoverFaultCase(name: "final-proof-finalCredentialProjectionValidated", kind: JidokaCodeCoreTests.ReplacementPreCutoverFaultKind.checkpoint(JidokaCodeCore.HerdrRoleHostReplacementCheckpoint.finalCredentialProjectionValidated), expectedStatus: JidokaCodeCore.JobCanaryRoleHostReplacementStatus.noRemoteEffectFailure, retainsCredential: false, expectedError: JidokaCodeCoreTests.ReplacementMatrixExpectedError.checkpoint(JidokaCodeCore.HerdrRoleHostReplacementCheckpoint.finalCredentialProjectionValidated), expectedReplayError: JidokaCodeCoreTests.ReplacementMatrixExpectedError.herdr(JidokaCodeCore.HerdrPiWorkflowError.recoveryBoundaryReached)) to "every pre-cutover fault preserves typed certainty credentials and other hosts" started.
◇ Test case passing 1 argument fault → ReplacementPreCutoverFaultCase(name: "claimed-sendStarted", kind: JidokaCodeCoreTests.ReplacementPreCutoverFaultKind.checkpoint(JidokaCodeCore.HerdrRoleHostReplacementCheckpoint.sendStarted), expectedStatus: JidokaCodeCore.JobCanaryRoleHostReplacementStatus.remoteEffectAmbiguous, retainsCredential: false, expectedError: JidokaCodeCoreTests.ReplacementMatrixExpectedError.checkpoint(JidokaCodeCore.HerdrRoleHostReplacementCheckpoint.sendStarted), expectedReplayError: JidokaCodeCoreTests.ReplacementMatrixExpectedError.herdr(JidokaCodeCore.HerdrPiWorkflowError.recoveryBoundaryReached)) to "every pre-cutover fault preserves typed certainty credentials and other hosts" started.
◇ Test case passing 1 argument fault → ReplacementPreCutoverFaultCase(name: "claimed-beforeRemoteEffectQ4Revalidation", kind: JidokaCodeCoreTests.ReplacementPreCutoverFaultKind.checkpoint(JidokaCodeCore.HerdrRoleHostReplacementCheckpoint.beforeRemoteEffectQ4Revalidation), expectedStatus: JidokaCodeCore.JobCanaryRoleHostReplacementStatus.remoteEffectAmbiguous, retainsCredential: false, expectedError: JidokaCodeCoreTests.ReplacementMatrixExpectedError.checkpoint(JidokaCodeCore.HerdrRoleHostReplacementCheckpoint.beforeRemoteEffectQ4Revalidation), expectedReplayError: JidokaCodeCoreTests.ReplacementMatrixExpectedError.herdr(JidokaCodeCore.HerdrPiWorkflowError.recoveryBoundaryReached)) to "every pre-cutover fault preserves typed certainty credentials and other hosts" started.
◇ Test case passing 1 argument fault → ReplacementPreCutoverFaultCase(name: "claimed-predecessorShutdownRequested", kind: JidokaCodeCoreTests.ReplacementPreCutoverFaultKind.checkpoint(JidokaCodeCore.HerdrRoleHostReplacementCheckpoint.predecessorShutdownRequested), expectedStatus: JidokaCodeCore.JobCanaryRoleHostReplacementStatus.remoteEffectAmbiguous, retainsCredential: false, expectedError: JidokaCodeCoreTests.ReplacementMatrixExpectedError.checkpoint(JidokaCodeCore.HerdrRoleHostReplacementCheckpoint.predecessorShutdownRequested), expectedReplayError: JidokaCodeCoreTests.ReplacementMatrixExpectedError.herdr(JidokaCodeCore.HerdrPiWorkflowError.recoveryBoundaryReached)) to "every pre-cutover fault preserves typed certainty credentials and other hosts" started.
◇ Test case passing 1 argument fault → ReplacementPreCutoverFaultCase(name: "claimed-predecessorExited", kind: JidokaCodeCoreTests.ReplacementPreCutoverFaultKind.checkpoint(JidokaCodeCore.HerdrRoleHostReplacementCheckpoint.predecessorExited), expectedStatus: JidokaCodeCore.JobCanaryRoleHostReplacementStatus.remoteEffectAmbiguous, retainsCredential: false, expectedError: JidokaCodeCoreTests.ReplacementMatrixExpectedError.checkpoint(JidokaCodeCore.HerdrRoleHostReplacementCheckpoint.predecessorExited), expectedReplayError: JidokaCodeCoreTests.ReplacementMatrixExpectedError.herdr(JidokaCodeCore.HerdrPiWorkflowError.recoveryBoundaryReached)) to "every pre-cutover fault preserves typed certainty credentials and other hosts" started.
◇ Test case passing 1 argument fault → ReplacementPreCutoverFaultCase(name: "predecessor-close", kind: JidokaCodeCoreTests.ReplacementPreCutoverFaultKind.close, expectedStatus: JidokaCodeCore.JobCanaryRoleHostReplacementStatus.remoteEffectAmbiguous, retainsCredential: false, expectedError: JidokaCodeCoreTests.ReplacementMatrixExpectedError.herdr(JidokaCodeCore.HerdrPiWorkflowError.topologyUnavailable), expectedReplayError: JidokaCodeCoreTests.ReplacementMatrixExpectedError.herdr(JidokaCodeCore.HerdrPiWorkflowError.recoveryBoundaryReached)) to "every pre-cutover fault preserves typed certainty credentials and other hosts" started.
◇ Test case passing 1 argument fault → ReplacementPreCutoverFaultCase(name: "remote-split", kind: JidokaCodeCoreTests.ReplacementPreCutoverFaultKind.remote(JidokaCodeCoreTests.ReplacementRuntimeRemoteFault.split), expectedStatus: JidokaCodeCore.JobCanaryRoleHostReplacementStatus.remoteEffectAmbiguous, retainsCredential: false, expectedError: JidokaCodeCoreTests.ReplacementMatrixExpectedError.herdr(JidokaCodeCore.HerdrPiWorkflowError.topologyUnavailable), expectedReplayError: JidokaCodeCoreTests.ReplacementMatrixExpectedError.herdr(JidokaCodeCore.HerdrPiWorkflowError.recoveryBoundaryReached)) to "every pre-cutover fault preserves typed certainty credentials and other hosts" started.
◇ Test case passing 1 argument fault → ReplacementPreCutoverFaultCase(name: "remote-postSplitPaneDisappeared", kind: JidokaCodeCoreTests.ReplacementPreCutoverFaultKind.remote(JidokaCodeCoreTests.ReplacementRuntimeRemoteFault.postSplitPaneDisappeared), expectedStatus: JidokaCodeCore.JobCanaryRoleHostReplacementStatus.remoteEffectAmbiguous, retainsCredential: false, expectedError: JidokaCodeCoreTests.ReplacementMatrixExpectedError.herdr(JidokaCodeCore.HerdrPiWorkflowError.topologyUnavailable), expectedReplayError: JidokaCodeCoreTests.ReplacementMatrixExpectedError.herdr(JidokaCodeCore.HerdrPiWorkflowError.recoveryBoundaryReached)) to "every pre-cutover fault preserves typed certainty credentials and other hosts" started.
◇ Test case passing 1 argument fault → ReplacementPreCutoverFaultCase(name: "remote-postSplitTerminalRemapped", kind: JidokaCodeCoreTests.ReplacementPreCutoverFaultKind.remote(JidokaCodeCoreTests.ReplacementRuntimeRemoteFault.postSplitTerminalRemapped), expectedStatus: JidokaCodeCore.JobCanaryRoleHostReplacementStatus.remoteEffectAmbiguous, retainsCredential: false, expectedError: JidokaCodeCoreTests.ReplacementMatrixExpectedError.herdr(JidokaCodeCore.HerdrPiWorkflowError.topologyUnavailable), expectedReplayError: JidokaCodeCoreTests.ReplacementMatrixExpectedError.herdr(JidokaCodeCore.HerdrPiWorkflowError.recoveryBoundaryReached)) to "every pre-cutover fault preserves typed certainty credentials and other hosts" started.
◇ Test case passing 1 argument fault → ReplacementPreCutoverFaultCase(name: "remote-text", kind: JidokaCodeCoreTests.ReplacementPreCutoverFaultKind.remote(JidokaCodeCoreTests.ReplacementRuntimeRemoteFault.text), expectedStatus: JidokaCodeCore.JobCanaryRoleHostReplacementStatus.remoteEffectAmbiguous, retainsCredential: false, expectedError: JidokaCodeCoreTests.ReplacementMatrixExpectedError.herdr(JidokaCodeCore.HerdrPiWorkflowError.topologyUnavailable), expectedReplayError: JidokaCodeCoreTests.ReplacementMatrixExpectedError.herdr(JidokaCodeCore.HerdrPiWorkflowError.recoveryBoundaryReached)) to "every pre-cutover fault preserves typed certainty credentials and other hosts" started.
◇ Test case passing 1 argument fault → ReplacementPreCutoverFaultCase(name: "remote-enter", kind: JidokaCodeCoreTests.ReplacementPreCutoverFaultKind.remote(JidokaCodeCoreTests.ReplacementRuntimeRemoteFault.enter), expectedStatus: JidokaCodeCore.JobCanaryRoleHostReplacementStatus.remoteEffectAmbiguous, retainsCredential: false, expectedError: JidokaCodeCoreTests.ReplacementMatrixExpectedError.herdr(JidokaCodeCore.HerdrPiWorkflowError.topologyUnavailable), expectedReplayError: JidokaCodeCoreTests.ReplacementMatrixExpectedError.herdr(JidokaCodeCore.HerdrPiWorkflowError.recoveryBoundaryReached)) to "every pre-cutover fault preserves typed certainty credentials and other hosts" started.
◇ Test case passing 1 argument fault → ReplacementPreCutoverFaultCase(name: "remote-postEnterPaneDisappeared", kind: JidokaCodeCoreTests.ReplacementPreCutoverFaultKind.remote(JidokaCodeCoreTests.ReplacementRuntimeRemoteFault.postEnterPaneDisappeared), expectedStatus: JidokaCodeCore.JobCanaryRoleHostReplacementStatus.remoteEffectAmbiguous, retainsCredential: false, expectedError: JidokaCodeCoreTests.ReplacementMatrixExpectedError.herdr(JidokaCodeCore.HerdrPiWorkflowError.topologyUnavailable), expectedReplayError: JidokaCodeCoreTests.ReplacementMatrixExpectedError.herdr(JidokaCodeCore.HerdrPiWorkflowError.recoveryBoundaryReached)) to "every pre-cutover fault preserves typed certainty credentials and other hosts" started.
◇ Test case passing 1 argument fault → ReplacementPreCutoverFaultCase(name: "remote-postEnterTerminalRemapped", kind: JidokaCodeCoreTests.ReplacementPreCutoverFaultKind.remote(JidokaCodeCoreTests.ReplacementRuntimeRemoteFault.postEnterTerminalRemapped), expectedStatus: JidokaCodeCore.JobCanaryRoleHostReplacementStatus.remoteEffectAmbiguous, retainsCredential: false, expectedError: JidokaCodeCoreTests.ReplacementMatrixExpectedError.herdr(JidokaCodeCore.HerdrPiWorkflowError.topologyUnavailable), expectedReplayError: JidokaCodeCoreTests.ReplacementMatrixExpectedError.herdr(JidokaCodeCore.HerdrPiWorkflowError.recoveryBoundaryReached)) to "every pre-cutover fault preserves typed certainty credentials and other hosts" started.
◇ Test case passing 1 argument fault → ReplacementPreCutoverFaultCase(name: "replacement-process-discovery", kind: JidokaCodeCoreTests.ReplacementPreCutoverFaultKind.processDiscovery, expectedStatus: JidokaCodeCore.JobCanaryRoleHostReplacementStatus.remoteEffectAmbiguous, retainsCredential: false, expectedError: JidokaCodeCoreTests.ReplacementMatrixExpectedError.herdr(JidokaCodeCore.HerdrPiWorkflowError.roleHostUnavailable), expectedReplayError: JidokaCodeCoreTests.ReplacementMatrixExpectedError.herdr(JidokaCodeCore.HerdrPiWorkflowError.recoveryBoundaryReached)) to "every pre-cutover fault preserves typed certainty credentials and other hosts" started.
◇ Test case passing 1 argument fault → ReplacementPreCutoverFaultCase(name: "authority-prime", kind: JidokaCodeCoreTests.ReplacementPreCutoverFaultKind.prime, expectedStatus: JidokaCodeCore.JobCanaryRoleHostReplacementStatus.remoteEffectAmbiguous, retainsCredential: false, expectedError: JidokaCodeCoreTests.ReplacementMatrixExpectedError.herdr(JidokaCodeCore.HerdrPiWorkflowError.topologyUnavailable), expectedReplayError: JidokaCodeCoreTests.ReplacementMatrixExpectedError.herdr(JidokaCodeCore.HerdrPiWorkflowError.recoveryBoundaryReached)) to "every pre-cutover fault preserves typed certainty credentials and other hosts" started.
◇ Test case passing 1 argument fault → ReplacementPreCutoverFaultCase(name: "attribution-cutover-write", kind: JidokaCodeCoreTests.ReplacementPreCutoverFaultKind.cutoverWrite, expectedStatus: JidokaCodeCore.JobCanaryRoleHostReplacementStatus.remoteEffectAmbiguous, retainsCredential: false, expectedError: JidokaCodeCoreTests.ReplacementMatrixExpectedError.sqlite(JidokaCodeCore.SQLiteStoreError.statementFailed(code: 19, message: "w5 cutover fault")), expectedReplayError: JidokaCodeCoreTests.ReplacementMatrixExpectedError.herdr(JidokaCodeCore.HerdrPiWorkflowError.recoveryBoundaryReached)) to "every pre-cutover fault preserves typed certainty credentials and other hosts" started.
◇ Test case passing 1 argument fault → ReplacementPreCutoverFaultCase(name: "cutover-committed", kind: JidokaCodeCoreTests.ReplacementPreCutoverFaultKind.checkpoint(JidokaCodeCore.HerdrRoleHostReplacementCheckpoint.cutoverCommitted), expectedStatus: JidokaCodeCore.JobCanaryRoleHostReplacementStatus.q4Prepared, retainsCredential: false, expectedError: JidokaCodeCoreTests.ReplacementMatrixExpectedError.checkpoint(JidokaCodeCore.HerdrRoleHostReplacementCheckpoint.cutoverCommitted), expectedReplayError: JidokaCodeCoreTests.ReplacementMatrixExpectedError.herdr(JidokaCodeCore.HerdrPiWorkflowError.recoveryBoundaryReached)) to "every pre-cutover fault preserves typed certainty credentials and other hosts" started.
◇ Test case passing 1 argument fault → ReplacementPreCutoverFaultCase(name: "q4-publication-before-visibility", kind: JidokaCodeCoreTests.ReplacementPreCutoverFaultKind.q4PublicationBeforeVisibility, expectedStatus: JidokaCodeCore.JobCanaryRoleHostReplacementStatus.q4Prepared, retainsCredential: false, expectedError: JidokaCodeCoreTests.ReplacementMatrixExpectedError.publication(JidokaCodeCoreTests.ReplacementCommandPublicationFailure.beforeVisibility), expectedReplayError: JidokaCodeCoreTests.ReplacementMatrixExpectedError.herdr(JidokaCodeCore.HerdrPiWorkflowError.recoveryBoundaryReached)) to "every pre-cutover fault preserves typed certainty credentials and other hosts" started.
◇ Test case passing 1 argument fault → ReplacementPreCutoverFaultCase(name: "q4-publication-after-visibility", kind: JidokaCodeCoreTests.ReplacementPreCutoverFaultKind.checkpoint(JidokaCodeCore.HerdrRoleHostReplacementCheckpoint.q4Published), expectedStatus: JidokaCodeCore.JobCanaryRoleHostReplacementStatus.q4Enqueued, retainsCredential: true, expectedError: JidokaCodeCoreTests.ReplacementMatrixExpectedError.checkpoint(JidokaCodeCore.HerdrRoleHostReplacementCheckpoint.q4Published), expectedReplayError: JidokaCodeCoreTests.ReplacementMatrixExpectedError.herdr(JidokaCodeCore.HerdrPiWorkflowError.recoveryBoundaryReached)) to "every pre-cutover fault preserves typed certainty credentials and other hosts" started.
✔ Test "every pre-cutover fault preserves typed certainty credentials and other hosts" with 28 test cases passed after 16.365 seconds.
◇ Test "credential cleanup failure is exact and bounded before send-start authority" started.
✔ Test "credential cleanup failure is exact and bounded before send-start authority" passed after 0.574 seconds.
◇ Test "schema 9 replacement retires only architecture and publishes exact q4" started.
✔ Test "schema 9 replacement retires only architecture and publishes exact q4" passed after 0.950 seconds.
◇ Test "schema 9 replacement ambiguity is terminal and cannot replay" started.
✔ Test "schema 9 replacement ambiguity is terminal and cannot replay" passed after 0.733 seconds.
◇ Test "schema 9 terminal replacement ambiguity preserves isolation after reopen" started.
✔ Test "schema 9 terminal replacement ambiguity preserves isolation after reopen" passed after 0.721 seconds.
◇ Test "schema 9 reconstructs prepared q4 after restart without replay authority" started.
✔ Test "schema 9 reconstructs prepared q4 after restart without replay authority" passed after 0.630 seconds.
◇ Test "schema 9 close and reopen preserves prepared and enqueued q4" started.
◇ Test case passing 1 argument state → .prepared to "schema 9 close and reopen preserves prepared and enqueued q4" started.
◇ Test case passing 1 argument state → .enqueuedMissingCommand to "schema 9 close and reopen preserves prepared and enqueued q4" started.
✔ Test "schema 9 close and reopen preserves prepared and enqueued q4" with 2 test cases passed after 1.428 seconds.
◇ Test "schema 9 known pre-effect failure is durable and has no replay authority" started.
✔ Test "schema 9 known pre-effect failure is durable and has no replay authority" passed after 0.631 seconds.
◇ Test "schema 9 sent replacement intent becomes unknown once after reopen" started.
✔ Test "schema 9 sent replacement intent becomes unknown once after reopen" passed after 0.691 seconds.
◇ Test "production reload keeps paused replacement recovery dispatch closed" started.
✔ Test "production reload keeps paused replacement recovery dispatch closed" passed after 0.640 seconds.
◇ Test "exact paused canary startup leaves every unrelated durable row unchanged" started.
✔ Test "exact paused canary startup leaves every unrelated durable row unchanged" passed after 0.060 seconds.
◇ Test "production reload skips startup execution while paused" started.
✔ Test "production reload skips startup execution while paused" passed after 0.041 seconds.
✔ Suite "Production Herdr Pi workflow runtime" passed after 86.167 seconds.
✔ Test run with 42 tests in 1 suite passed after 86.167 seconds.
