^D[0/1] Planning build
Building for debugging...
[0/23] Write sources
[1/23] Write swift-version--58304C5D6DBC2206.txt
[3/5] Emitting module JidokaCodeCoreTests
[4/5] Compiling JidokaCodeCoreTests JobCoordinatorTests.swift
[5/10] Compiling JidokaCodeCoreTests GitHubDiscoveryTests.swift
[6/10] Compiling JidokaCodeCoreTests GitHubJobMutationObservationReaderTests.swift
[7/10] Compiling JidokaCodeCoreTests GitHubTokenStoreTests.swift
/private/tmp/jidoka-code-progressive-production-automation/Tests/JidokaCodeCoreTests/GitHubTokenStoreTests.swift:446:7: warning: 'SecTrustedApplicationCreateFromPath' was deprecated in macOS 10.10: SecKeychain is deprecated [#DeprecatedDeclaration]
444 |     var application: SecTrustedApplication?
445 |     let status = path.withCString {
446 |       SecTrustedApplicationCreateFromPath($0, &application)
    |       `- warning: 'SecTrustedApplicationCreateFromPath' was deprecated in macOS 10.10: SecKeychain is deprecated [#DeprecatedDeclaration]
447 |     }
448 |     guard status == errSecSuccess, let application else {

/private/tmp/jidoka-code-progressive-production-automation/Tests/JidokaCodeCoreTests/GitHubTokenStoreTests.swift:454:16: warning: 'SecAccessCreate' was deprecated in macOS 10.10: SecKeychain is deprecated [#DeprecatedDeclaration]
452 |   }
453 |   var access: SecAccess?
454 |   let status = SecAccessCreate(
    |                `- warning: 'SecAccessCreate' was deprecated in macOS 10.10: SecKeychain is deprecated [#DeprecatedDeclaration]
455 |     descriptor as CFString,
456 |     trustedApplications as CFArray,

[#DeprecatedDeclaration]: <https://docs.swift.org/compiler/documentation/diagnostics/deprecated-declaration>
[8/10] Compiling JidokaCodeCoreTests RolloutEffectAuthorityTestSupport.swift
[9/10] Compiling JidokaCodeCoreTests PullRequestReviewJobWorkflowTests.swift
[9/11] Write Objects.LinkFileList
[10/11] Linking JidokaCodePackageTests
Build complete! (4.68s)
Test Suite 'Selected tests' started at 2026-09-04 11:52:02.768.
Test Suite 'JidokaCodePackageTests.xctest' started at 2026-09-04 11:52:02.769.
Test Suite 'JidokaCodePackageTests.xctest' passed at 2026-09-04 11:52:02.769.
	 Executed 0 tests, with 0 failures (0 unexpected) in 0.000 (0.000) seconds
Test Suite 'Selected tests' passed at 2026-09-04 11:52:02.769.
	 Executed 0 tests, with 0 failures (0 unexpected) in 0.000 (0.001) seconds
◇ Test run started.
↳ Testing Library Version: 1902
↳ Target Platform: arm64e-apple-macos14.0
◇ Suite "End-to-end scheduler job coordinator" started.
◇ Test "recovery that needs a guarded rerun preserves the current step in backoff" started.
◇ Test "the first real scheduler pass recovers an interrupted leased job before discovery" started.
◇ Test "W0: repository flag drift leaves an already queued job inert" started.
◇ Test "W0: an unscoped pass cannot dispatch two serial queued jobs" started.
◇ Test "discovery failure persists repository backoff without terminal skip" started.
◇ Test "transient workflow failure enters durable backoff instead of terminal block" started.
◇ Test "direct canary runs exactly one leased job and never walks the queue" started.
◇ Test "reconciliation dispatch runs before any new discovery read" started.
◇ Test "durable pause atomically rejects discovery creation and new leases" started.
◇ Test "startup sweep finishes cleanup stranded by a terminal crash boundary" started.
◇ Test "W0: pause suppresses unbound recovery as well as discovery" started.
◇ Test "Pi transport interruption is classified as unknown writer state, never blind retry" started.
◇ Test "paused legacy passes promote exactly-due and overdue retries but not future deadlines" started.
◇ Test "one pass dispatches only the exact bound workflow and leaves other jobs queued" started.
✔ Test "Pi transport interruption is classified as unknown writer state, never blind retry" passed after 0.001 seconds.
✔ Test "W0: an unscoped pass cannot dispatch two serial queued jobs" passed after 0.072 seconds.
✔ Test "durable pause atomically rejects discovery creation and new leases" passed after 0.077 seconds.
✔ Test "direct canary runs exactly one leased job and never walks the queue" passed after 0.079 seconds.
✔ Test "paused legacy passes promote exactly-due and overdue retries but not future deadlines" passed after 0.080 seconds.
✔ Test "the first real scheduler pass recovers an interrupted leased job before discovery" passed after 0.080 seconds.
✔ Test "startup sweep finishes cleanup stranded by a terminal crash boundary" passed after 0.080 seconds.
✔ Test "W0: repository flag drift leaves an already queued job inert" passed after 0.080 seconds.
✔ Test "transient workflow failure enters durable backoff instead of terminal block" passed after 0.081 seconds.
✔ Test "W0: pause suppresses unbound recovery as well as discovery" passed after 0.082 seconds.
✔ Test "discovery failure persists repository backoff without terminal skip" passed after 0.083 seconds.
✘ Test "one pass dispatches only the exact bound workflow and leaves other jobs queued" recorded an issue at JobCoordinatorTests.swift:114:5: Expectation failed: (await coordinator.snapshot()).failures.isEmpty
✔ Test "recovery that needs a guarded rerun preserves the current step in backoff" passed after 0.084 seconds.
✔ Test "reconciliation dispatch runs before any new discovery read" passed after 0.084 seconds.
✘ Test "one pass dispatches only the exact bound workflow and leaves other jobs queued" failed after 0.084 seconds with 1 issue.
✘ Suite "End-to-end scheduler job coordinator" failed after 0.084 seconds with 1 issue.
✘ Test run with 14 tests in 1 suite failed after 0.085 seconds with 1 issue.
